Component: Arm Compiler for Embedded 6.24 Tool: armlink [5f371500]

==============================================================================

Section Cross References

    hrpwm_app.o(.text.hrpwm_init) refers to variables_define_app.o(.bss.mpwm) for mpwm
    hrpwm_app.o(.text.hrpwm_init) refers to variables_define_app.o(.bss.phase2_pwm4) for phase2_pwm4
    hrpwm_app.o(.text.hrpwm_init) refers to variables_define_app.o(.bss.phase1_pwm5) for phase1_pwm5
    hrpwm_app.o(.text.hrpwm_init) refers to variables_define_app.o(.bss.phase1_sr_pwm3) for phase1_sr_pwm3
    hrpwm_app.o(.ARM.exidx.text.hrpwm_init) refers to hrpwm_app.o(.text.hrpwm_init) for [Anonymous Symbol]
    hrpwm_app.o(.text.hrpwm_app_config) refers to memseta.o(.text) for __aeabi_memclr4
    hrpwm_app.o(.text.hrpwm_app_config) refers to tae32g58xx_ll_hrpwm.o(.text.LL_HRPWM_Init) for LL_HRPWM_Init
    hrpwm_app.o(.text.hrpwm_app_config) refers to variables_define_app.o(.bss.phase1_pwm5) for phase1_pwm5
    hrpwm_app.o(.text.hrpwm_app_config) refers to tae32g58xx_ll_hrpwm.o(.text.LL_HRPWM_TmrBaseCfg) for LL_HRPWM_TmrBaseCfg
    hrpwm_app.o(.text.hrpwm_app_config) refers to tae32g58xx_ll_hrpwm.o(.text.LL_HRPWM_TmrCmpCfg) for LL_HRPWM_TmrCmpCfg
    hrpwm_app.o(.text.hrpwm_app_config) refers to variables_define_app.o(.bss.phase1_sr_pwm3) for phase1_sr_pwm3
    hrpwm_app.o(.text.hrpwm_app_config) refers to tae32g58xx_ll_hrpwm.o(.text.LL_HRPWM_Slv_OutputCfg) for LL_HRPWM_Slv_OutputCfg
    hrpwm_app.o(.text.hrpwm_app_config) refers to tae32g58xx_ll_hrpwm.o(.text.LL_HRPWM_Comm_FltCfg) for LL_HRPWM_Comm_FltCfg
    hrpwm_app.o(.text.hrpwm_app_config) refers to tae32g58xx_ll_hrpwm.o(.text.LL_HRPWM_Comm_DLL_Start) for LL_HRPWM_Comm_DLL_Start
    hrpwm_app.o(.text.hrpwm_app_config) refers to tae32g58xx_ll_hrpwm.o(.text.LL_HRPWM_RegUpd_Frc) for LL_HRPWM_RegUpd_Frc
    hrpwm_app.o(.ARM.exidx.text.hrpwm_app_config) refers to hrpwm_app.o(.text.hrpwm_app_config) for [Anonymous Symbol]
    hrpwm_app.o(.text.adc_triger_pwm0_config) refers to memseta.o(.text) for __aeabi_memclr8
    hrpwm_app.o(.text.adc_triger_pwm0_config) refers to tae32g58xx_ll_hrpwm.o(.text.LL_HRPWM_TmrBaseCfg) for LL_HRPWM_TmrBaseCfg
    hrpwm_app.o(.text.adc_triger_pwm0_config) refers to tae32g58xx_ll_hrpwm.o(.text.LL_HRPWM_Comm_ADCTrigCfg) for LL_HRPWM_Comm_ADCTrigCfg
    hrpwm_app.o(.text.adc_triger_pwm0_config) refers to tae32g58xx_ll_hrpwm.o(.text.LL_HRPWM_TmrCmpCfg) for LL_HRPWM_TmrCmpCfg
    hrpwm_app.o(.text.adc_triger_pwm0_config) refers to tae32g58xx_ll_hrpwm.o(.text.LL_HRPWM_RegUpd_Frc) for LL_HRPWM_RegUpd_Frc
    hrpwm_app.o(.ARM.exidx.text.adc_triger_pwm0_config) refers to hrpwm_app.o(.text.adc_triger_pwm0_config) for [Anonymous Symbol]
    hrpwm_app.o(.ARM.exidx.text.hrpwm_app_start) refers to hrpwm_app.o(.text.hrpwm_app_start) for [Anonymous Symbol]
    hrpwm_app.o(.text.hrpwm_app_inital) refers to variables_define_app.o(.bss.mpwm) for mpwm
    hrpwm_app.o(.text.hrpwm_app_inital) refers to variables_define_app.o(.bss.phase2_pwm4) for phase2_pwm4
    hrpwm_app.o(.text.hrpwm_app_inital) refers to variables_define_app.o(.bss.phase1_pwm5) for phase1_pwm5
    hrpwm_app.o(.text.hrpwm_app_inital) refers to variables_define_app.o(.bss.phase1_sr_pwm3) for phase1_sr_pwm3
    hrpwm_app.o(.text.hrpwm_app_inital) refers to hrpwm_app.o(.text.hrpwm_app_config) for hrpwm_app_config
    hrpwm_app.o(.text.hrpwm_app_inital) refers to memseta.o(.text) for __aeabi_memclr8
    hrpwm_app.o(.text.hrpwm_app_inital) refers to tae32g58xx_ll_hrpwm.o(.text.LL_HRPWM_TmrBaseCfg) for LL_HRPWM_TmrBaseCfg
    hrpwm_app.o(.text.hrpwm_app_inital) refers to tae32g58xx_ll_hrpwm.o(.text.LL_HRPWM_Comm_ADCTrigCfg) for LL_HRPWM_Comm_ADCTrigCfg
    hrpwm_app.o(.text.hrpwm_app_inital) refers to tae32g58xx_ll_hrpwm.o(.text.LL_HRPWM_TmrCmpCfg) for LL_HRPWM_TmrCmpCfg
    hrpwm_app.o(.text.hrpwm_app_inital) refers to tae32g58xx_ll_hrpwm.o(.text.LL_HRPWM_RegUpd_Frc) for LL_HRPWM_RegUpd_Frc
    hrpwm_app.o(.ARM.exidx.text.hrpwm_app_inital) refers to hrpwm_app.o(.text.hrpwm_app_inital) for [Anonymous Symbol]
    hrpwm_app.o(.ARM.exidx.text.hrpwm_llc_output) refers to hrpwm_app.o(.text.hrpwm_llc_output) for [Anonymous Symbol]
    hrpwm_app.o(.ARM.exidx.text.hrpwm_sr_output) refers to hrpwm_app.o(.text.hrpwm_sr_output) for [Anonymous Symbol]
    hrpwm_app.o(.ARM.exidx.text.hrpwm_sr_output_dis) refers to hrpwm_app.o(.text.hrpwm_sr_output_dis) for [Anonymous Symbol]
    hrpwm_app.o(.ARM.exidx.text.hrpwm_llc_output_dis) refers to hrpwm_app.o(.text.hrpwm_llc_output_dis) for [Anonymous Symbol]
    hrpwm_app.o(.ARM.exidx.text.hrpwm_app_outdis) refers to hrpwm_app.o(.text.hrpwm_app_outdis) for [Anonymous Symbol]
    hrpwm_app.o(RAMCODE) refers to variables_define_app.o(.bss.llc) for llc
    hrpwm_app.o(RAMCODE) refers to llc_app.o(RAMCODE) for phase2phase_current_balance_func
    hrpwm_app.o(RAMCODE) refers to llc_app.o(.text.pwm_data_calc) for pwm_data_calc
[...]
    [Anonymous Symbol]                       0x08003654   Section        0  tae32g58xx_ll_rcu.o(.text.LL_RCU_UART0_ClkEnRstRelease)
    [Anonymous Symbol]                       0x0800367c   Section        0  tae32g58xx_ll_rcu.o(.text.LL_RCU_UART1_ClkEnRstRelease)
    [Anonymous Symbol]                       0x080036a4   Section        0  tae32g58xx_ll_rcu.o(.text.LL_RCU_UART2_ClkEnRstRelease)
    [Anonymous Symbol]                       0x080036cc   Section        0  tae32g58xx_ll_rcu.o(.text.LL_RCU_UART3_ClkEnRstRelease)
    [Anonymous Symbol]                       0x080036f4   Section        0  tae32g58xx_ll_rcu.o(.text.LL_RCU_UART4_ClkEnRstRelease)
    [Anonymous Symbol]                       0x0800371c   Section        0  tae32g58xx_ll_cortex.o(.text.LL_SYSTICK_Callback)
    [Anonymous Symbol]                       0x08003720   Section        0  tae32g58xx_ll_cortex.o(.text.LL_SYSTICK_Config)
    [Anonymous Symbol]                       0x0800374c   Section        0  tae32g58xx_ll_cortex.o(.text.LL_SYSTICK_IRQHandler)
    [Anonymous Symbol]                       0x08003750   Section        0  tae32g58xx_ll_uart.o(.text.LL_UART_Init)
    uart_ll_cfg_def                          0x08003af0   Number         0  tae32g58xx_ll_uart.o(.text.LL_UART_Init)
    [Anonymous Symbol]                       0x08003afc   Section        0  tae32g58xx_ll_msp.o(.text.LL_UART_MspInit)
    [Anonymous Symbol]                       0x08003c64   Section        0  tae32g58xx_it.o(.text.MemManage_Handler)
    [Anonymous Symbol]                       0x08003c68   Section        0  tae32g58xx_it.o(.text.NMI_Handler)
    [Anonymous Symbol]                       0x08003c6c   Section        0  tae32g58xx_it.o(.text.PendSV_Handler)
    [Anonymous Symbol]                       0x08003c70   Section        0  startup_tae32g58xx.o(.text.Reset_Handler)
    [Anonymous Symbol]                       0x08003c78   Section        0  tae32g58xx_it.o(.text.SVC_Handler)
    [Anonymous Symbol]                       0x08003c7c   Section        0  tae32g58xx_it.o(.text.SysTick_Handler)
    [Anonymous Symbol]                       0x08003c8c   Section        0  system_tae32g58xx.o(.text.SystemCoreClockUpdate)
    [Anonymous Symbol]                       0x08003c9c   Section        0  system_tae32g58xx.o(.text.SystemInit)
    [Anonymous Symbol]                       0x08003cd8   Section        0  tae32g58xx_it.o(.text.UsageFault_Handler)
    [Anonymous Symbol]                       0x08003cdc   Section        0  user_vofa.o(.text.VOFA_Init)
    [Anonymous Symbol]                       0x08003de8   Section        0  adc_app.o(.text.adc0_initial_app)
    [Anonymous Symbol]                       0x08003f80   Section        0  adc_app.o(.text.adc1_initial_app)
    [Anonymous Symbol]                       0x080040f4   Section        0  adc_app.o(.text.adc_all_init)
    [Anonymous Symbol]                       0x08004104   Section        0  adc_app.o(.text.adc_converter_start)
    [Anonymous Symbol]                       0x08004134   Section        0  main.o(.text.assert_failed)
    [Anonymous Symbol]                       0x08004180   Section        0  cmp_app.o(.text.cmp_app_init)
    [Anonymous Symbol]                       0x080041ec   Section        0  cmp_app.o(.text.cmp_app_start)
    [Anonymous Symbol]                       0x08004218   Section        0  dac_app.o(.text.dac_app_init)
    [Anonymous Symbol]                       0x08004298   Section        0  dac_app.o(.text.dac_app_start)
    [Anonymous Symbol]                       0x080042c4   Section        0  user_debug.o(.text.fputc)
    [Anonymous Symbol]                       0x08004344   Section        0  gpio_app.o(.text.gpio_init_app)
    [Anonymous Symbol]                       0x080043b4   Section        0  hrpwm_app.o(.text.hrpwm_app_config)
    [Anonymous Symbol]                       0x0800460c   Section        0  hrpwm_app.o(.text.hrpwm_app_inital)
    [Anonymous Symbol]                       0x08004740   Section        0  hrpwm_app.o(.text.hrpwm_app_outdis)
    [Anonymous Symbol]                       0x08004754   Section        0  hrpwm_app.o(.text.hrpwm_app_start)
    [Anonymous Symbol]                       0x0800476c   Section        0  hrpwm_app.o(.text.hrpwm_llc_output)
    [Anonymous Symbol]                       0x08004780   Section        0  variables_define_app.o(.text.llc_factors_initial)
    [Anonymous Symbol]                       0x08004948   Section        0  main.o(.text.main)
    [Anonymous Symbol]                       0x08004ab4   Section        0  llc_app.o(.text.pwm_data_calc)
    i.__0printf$8                            0x08004e54   Section        0  printf8.o(i.__0printf$8)
    i.__scatterload_copy                     0x08004e74   Section       14  handlers.o(i.__scatterload_copy)
    i.__scatterload_null                     0x08004e82   Section        2  handlers.o(i.__scatterload_null)
    i.__scatterload_zeroinit                 0x08004e84   Section       14  handlers.o(i.__scatterload_zeroinit)
    _printf_core                             0x08004e95   Thumb Code   996  printf8.o(i._printf_core)
    i._printf_core                           0x08004e94   Section        0  printf8.o(i._printf_core)
    _printf_post_padding                     0x080052a5   Thumb Code    36  printf8.o(i._printf_post_padding)
    i._printf_post_padding                   0x080052a4   Section        0  printf8.o(i._printf_post_padding)
    _printf_pre_padding                      0x080052c9   Thumb Code    46  printf8.o(i._printf_pre_padding)
    i._printf_pre_padding                    0x080052c8   Section        0  printf8.o(i._printf_pre_padding)
    i.puts                                   0x080052f8   Section        0  puts.o(i.puts)
    ADC_Samp_ChxConvDoneCallback             0x0800531c   Data          80  tae32g58xx_ll_adc.o(.rodata.ADC_Samp_ChxConvDoneCallback)
    [Anonymous Symbol]                       0x0800531c   Section        0  tae32g58xx_ll_adc.o(.rodata.ADC_Samp_ChxConvDoneCallback)
    adc_ll_cfg_def                           0x0800536c   Data           2  tae32g58xx_ll_adc.o(.rodata.adc_ll_cfg_def)
    [Anonymous Symbol]                       0x0800536c   Section        0  tae32g58xx_ll_adc.o(.rodata.adc_ll_cfg_def)
    rcu_pll_cfg                              0x08005370   Data         672  tae32g58xx_ll_rcu.o(.rodata.rcu_pll_cfg)
    [Anonymous Symbol]                       0x08005370   Section        0  tae32g58xx_ll_rcu.o(.rodata.rcu_pll_cfg)
    .L.str                                   0x08005610   Data          35  tae32g58xx_ll_msp.o(.rodata.str1.1)
    [Anonymous Symbol]                       0x08005610   Section        0  tae32g58xx_ll_msp.o(.rodata.str1.1)
    .L.str                                   0x08005633   Data          62  tae32g58xx_ll_cortex.o(.rodata.str1.1)
    [Anonymous Symbol]                       0x08005633   Section        0  tae32g58xx_ll_cortex.o(.rodata.str1.1)
    .L.str.5                                 0x08005671   Data         107  tae32g58xx_ll_rcu.o(.rodata.str1.1)
    [Anonymous Symbol]                       0x08005671   Section        0  tae32g58xx_ll_rcu.o(.rodata.str1.1)
    .L.str.1                                 0x080056dc   Data          12  tae32g58xx_ll_rcu.o(.rodata.str1.1)
    .L.str                                   0x080056e8   Data          59  tae32g58xx_ll_rcu.o(.rodata.str1.1)
    .L.str                                   0x08005723   Data          60  tae32g58xx_ll_gpio.o(.rodata.str1.1)
    [Anonymous Symbol]                       0x08005723   Section        0  tae32g58xx_ll_gpio.o(.rodata.str1.1)
    [Anonymous Symbol]                       0x0800575f   Section        0  tae32g58xx_ll_uart.o(.rodata.str1.1)
    .L.str.8                                 0x080057a5   Data          81  tae32g58xx_ll_uart.o(.rodata.str1.1)
    .L.str.9                                 0x080057f6   Data          81  tae32g58xx_ll_uart.o(.rodata.str1.1)
    .L.str.10                                0x08005847   Data          86  tae32g58xx_ll_uart.o(.rodata.str1.1)
    .L.str.11                                0x0800589d   Data          86  tae32g58xx_ll_uart.o(.rodata.str1.1)
    .L.str.12                                0x080058f3   Data          85  tae32g58xx_ll_uart.o(.rodata.str1.1)
    .L.str.13                                0x08005948   Data          40  tae32g58xx_ll_uart.o(.rodata.str1.1)
    .L.str.14                                0x08005970   Data          83  tae32g58xx_ll_uart.o(.rodata.str1.1)
    .L.str.15                                0x080059c3   Data          83  tae32g58xx_ll_uart.o(.rodata.str1.1)
    .L.str.16                                0x08005a16   Data          88  tae32g58xx_ll_uart.o(.rodata.str1.1)
    .L.str.17                                0x08005a6e   Data          88  tae32g58xx_ll_uart.o(.rodata.str1.1)
    .L.str.18                                0x08005ac6   Data          87  tae32g58xx_ll_uart.o(.rodata.str1.1)
    .L.str.19                                0x08005b1d   Data          60  tae32g58xx_ll_uart.o(.rodata.str1.1)
    .L.str.20                                0x08005b59   Data          60  tae32g58xx_ll_uart.o(.rodata.str1.1)
    .L.str.25                                0x08005b95   Data          54  tae32g58xx_ll_uart.o(.rodata.str1.1)
    .L.str.26                                0x08005bcb   Data          76  tae32g58xx_ll_uart.o(.rodata.str1.1)
    .L.str.27                                0x08005c17   Data          77  tae32g58xx_ll_uart.o(.rodata.str1.1)
    .L.str.28                                0x08005c64   Data          54  tae32g58xx_ll_uart.o(.rodata.str1.1)
    .L.str.29                                0x08005c9a   Data          76  tae32g58xx_ll_uart.o(.rodata.str1.1)
    .L.str.30                                0x08005ce6   Data          77  tae32g58xx_ll_uart.o(.rodata.str1.1)
    .L.str.31                                0x08005d33   Data          78  tae32g58xx_ll_uart.o(.rodata.str1.1)
    .L.str.32                                0x08005d81   Data          98  tae32g58xx_ll_uart.o(.rodata.str1.1)
    .L.str.33                                0x08005de3   Data          78  tae32g58xx_ll_uart.o(.rodata.str1.1)
    .L.str.35                                0x08005e31   Data          78  tae32g58xx_ll_uart.o(.rodata.str1.1)
    .L.str.36                                0x08005e7f   Data          83  tae32g58xx_ll_uart.o(.rodata.str1.1)
    .L.str.37                                0x08005ed2   Data          84  tae32g58xx_ll_uart.o(.rodata.str1.1)
    .L.str.1                                 0x08005eed   Data          10  tae32g58xx_ll_uart.o(.rodata.str1.1)
    .Lstr.87                                 0x08005ef7   Data          23  tae32g58xx_ll_uart.o(.rodata.str1.1)
    .L.str                                   0x08005f0e   Data          60  tae32g58xx_ll_uart.o(.rodata.str1.1)
    .L.str.43                                0x08005f26   Data          13  tae32g58xx_ll_uart.o(.rodata.str1.1)
    .Lstr.64                                 0x08005f33   Data          18  tae32g58xx_ll_uart.o(.rodata.str1.1)
    .Lstr.65                                 0x08005f45   Data          26  tae32g58xx_ll_uart.o(.rodata.str1.1)
    .L.str.1                                 0x08005f4a   Data          12  tae32g58xx_ll_dma.o(.rodata.str1.1)
    [Anonymous Symbol]                       0x08005f4a   Section        0  tae32g58xx_ll_dma.o(.rodata.str1.1)
    .Lstr.82                                 0x08005f5f   Data          48  tae32g58xx_ll_uart.o(.rodata.str1.1)
    .Lstr.83                                 0x08005f8f   Data          48  tae32g58xx_ll_uart.o(.rodata.str1.1)
    .L.str.8                                 0x08005f91   Data          78  tae32g58xx_ll_dma.o(.rodata.str1.1)
    .L.str                                   0x08005fa4   Data          59  tae32g58xx_ll_dma.o(.rodata.str1.1)
    .Lstr.84                                 0x08005fbf   Data          47  tae32g58xx_ll_uart.o(.rodata.str1.1)
    .L.str.1                                 0x08005fdf   Data          12  tae32g58xx_ll_adc.o(.rodata.str1.1)
    .Lstr.11                                 0x08005fdf   Data          27  tae32g58xx_ll_dma.o(.rodata.str1.1)
    [Anonymous Symbol]                       0x08005fdf   Section        0  tae32g58xx_ll_adc.o(.rodata.str1.1)
    .Lstr.26                                 0x08005feb   Data          49  tae32g58xx_ll_adc.o(.rodata.str1.1)
    .L.str                                   0x0800601c   Data          59  tae32g58xx_ll_adc.o(.rodata.str1.1)
    .L.str                                   0x08006057   Data          59  tae32g58xx_ll_dac.o(.rodata.str1.1)
    [Anonymous Symbol]                       0x08006057   Section        0  tae32g58xx_ll_dac.o(.rodata.str1.1)
    [Anonymous Symbol]                       0x08006092   Section        0  tae32g58xx_ll_cmp.o(.rodata.str1.1)
    .L.str                                   0x0800609e   Data          59  tae32g58xx_ll_cmp.o(.rodata.str1.1)
    .L.str.1                                 0x080060cd   Data          12  tae32g58xx_ll_cmp.o(.rodata.str1.1)
    .L.str                                   0x080060d9   Data          61  tae32g58xx_ll_hrpwm.o(.rodata.str1.1)
    .Lstr.5                                  0x080060d9   Data          40  tae32g58xx_ll_cmp.o(.rodata.str1.1)
    [Anonymous Symbol]                       0x080060d9   Section        0  tae32g58xx_ll_hrpwm.o(.rodata.str1.1)
    [Anonymous Symbol]                       0x10000000   Section        0  hrpwm_app.o(RAMCODE)
    [Anonymous Symbol]                       0x10000364   Section        0  adc_app.o(RAMCODE)
    [Anonymous Symbol]                       0x10000630   Section        0  user_vofa.o(RAMCODE)
    [Anonymous Symbol]                       0x1000065c   Section        0  pid_app.o(RAMCODE)
    [Anonymous Symbol]                       0x10000880   Section        0  protection_app.o(RAMCODE)
    [Anonymous Symbol]                       0x10000d5c   Section        0  tae32g58xx_it.o(RAMCODE)
    [Anonymous Symbol]                       0x10000dbc   Section        0  llc_app.o(RAMCODE)
    __arm_cp.2_13                            0x1000111c   Number         4  llc_app.o(RAMCODE)
    .L_MergedGlobals                         0x20008000   Data           8  tae32g58xx_ll.o(.data..L_MergedGlobals)
    [Anonymous Symbol]                       0x20008000   Section        0  tae32g58xx_ll.o(.data..L_MergedGlobals)
    .L_MergedGlobals                         0x2000800c   Data           8  protection_app.o(.bss..L_MergedGlobals)
    input_dcbus_voltage_check_app.count      0x2000800c   Data           2  protection_app.o(.bss..L_MergedGlobals)
    [Anonymous Symbol]                       0x2000800c   Section        0  protection_app.o(.bss..L_MergedGlobals)
    over_output_current_check_app.oc_count   0x20008010   Data           4  protection_app.o(.bss..L_MergedGlobals)
    .L_MergedGlobals                         0x20008014   Data          12  user_debug.o(.bss..L_MergedGlobals)
    [Anonymous Symbol]                       0x20008014   Section        0  user_debug.o(.bss..L_MergedGlobals)
    .L_MergedGlobals                         0x20008020   Data           8  llc_app.o(.bss..L_MergedGlobals)
    [Anonymous Symbol]                       0x20008020   Section        0  llc_app.o(.bss..L_MergedGlobals)
    dma_pri_ctrl                             0x20008080   Data         172  tae32g58xx_ll_dma.o(.bss.dma_pri_ctrl)
    [Anonymous Symbol]                       0x20008080   Section        0  tae32g58xx_ll_dma.o(.bss.dma_pri_ctrl)
    uart_hdl_global                          0x20008610   Data         260  tae32g58xx_ll_uart.o(.bss.uart_hdl_global)
    [Anonymous Symbol]                       0x20008610   Section        0  tae32g58xx_ll_uart.o(.bss.uart_hdl_global)

    Global Symbols

    Symbol Name                              Value     Ov Type        Size  Object(Section)

    BuildAttributes$$THM_ISAv4$E$P$D$K$B$S$7EM$VFPi3$EXTD16$VFPS$VFMA$PE$A:L22UL41UL21$X:L11$S22US41US21$IEEE1$IW$USESV6$~STKCKD$USESV7$~SHL$OTIME$ROPI$IEEEJ$MICROLIB$REQ8$PRES8$EABIv2 0x00000000   Number         0  anon$$obj.o ABSOLUTE
    _printf_a                                0x00000000   Number         0  printfstubs.o ABSOLUTE
    _printf_c                                0x00000000   Number         0  printfstubs.o ABSOLUTE
    _printf_charcount                        0x00000000   Number         0  printfstubs.o ABSOLUTE
    _printf_d                                0x00000000   Number         0  printfstubs.o ABSOLUTE
    _printf_e                                0x00000000   Number         0  printfstubs.o ABSOLUTE
    _printf_f                                0x00000000   Number         0  printfstubs.o ABSOLUTE
    _printf_flags                            0x00000000   Number         0  printfstubs.o ABSOLUTE
    _printf_fp_dec                           0x00000000   Number         0  printfstubs.o ABSOLUTE
    _printf_fp_hex                           0x00000000   Number         0  printfstubs.o ABSOLUTE
    _printf_g                                0x00000000   Number         0  printfstubs.o ABSOLUTE
    _printf_i                                0x00000000   Number         0  printfstubs.o ABSOLUTE
    _printf_int_dec                          0x00000000   Number         0  printfstubs.o ABSOLUTE
    _printf_l                                0x00000000   Number         0  printfstubs.o ABSOLUTE
    _printf_lc                               0x00000000   Number         0  printfstubs.o ABSOLUTE
    _printf_ll                               0x00000000   Number         0  printfstubs.o ABSOLUTE
    _printf_lld                              0x00000000   Number         0  printfstubs.o ABSOLUTE
    _printf_lli                              0x00000000   Number         0  printfstubs.o ABSOLUTE
    _printf_llo                              0x00000000   Number         0  printfstubs.o ABSOLUTE
    _printf_llu                              0x00000000   Number         0  printfstubs.o ABSOLUTE
    _printf_llx                              0x00000000   Number         0  printfstubs.o ABSOLUTE
    _printf_longlong_dec                     0x00000000   Number         0  printfstubs.o ABSOLUTE
    _printf_longlong_hex                     0x00000000   Number         0  printfstubs.o ABSOLUTE
    _printf_longlong_oct                     0x00000000   Number         0  printfstubs.o ABSOLUTE
    _printf_ls                               0x00000000   Number         0  printfstubs.o ABSOLUTE
    _printf_mbtowc                           0x00000000   Number         0  printfstubs.o ABSOLUTE
    _printf_n                                0x00000000   Number         0  printfstubs.o ABSOLUTE
    _printf_o                                0x00000000   Number         0  printfstubs.o ABSOLUTE
    _printf_p                                0x00000000   Number         0  printfstubs.o ABSOLUTE
    _printf_percent                          0x00000000   Number         0  printfstubs.o ABSOLUTE
    _printf_pre_padding                      0x00000000   Number         0  printfstubs.o ABSOLUTE
    _printf_return_value                     0x00000000   Number         0  printfstubs.o ABSOLUTE
    _printf_s                                0x00000000   Number         0  printfstubs.o ABSOLUTE
    _printf_sizespec                         0x00000000   Number         0  printfstubs.o ABSOLUTE
    _printf_str                              0x00000000   Number         0  printfstubs.o ABSOLUTE
    _printf_truncate_signed                  0x00000000   Number         0  printfstubs.o ABSOLUTE
    _printf_truncate_unsigned                0x00000000   Number         0  printfstubs.o ABSOLUTE
    _printf_u                                0x00000000   Number         0  printfstubs.o ABSOLUTE
    _printf_wc                               0x00000000   Number         0  printfstubs.o ABSOLUTE
    _printf_wctomb                           0x00000000   Number         0  printfstubs.o ABSOLUTE
    _printf_widthprec                        0x00000000   Number         0  printfstubs.o ABSOLUTE
    _printf_x                                0x00000000   Number         0  printfstubs.o ABSOLUTE
    __cpp_initialize__aeabi_                  - Undefined Weak Reference
    __cxa_finalize                            - Undefined Weak Reference
    __decompress                              - Undefined Weak Reference
    _clock_init                               - Undefined Weak Reference
    _microlib_exit                            - Undefined Weak Reference
    __Vectors                                0x08000000   Data         416  startup_tae32g58xx.o(RESET)
    __main                                   0x080001a1   Thumb Code     0  entry.o(.ARM.Collect$$$$00000000)
    _main_stk                                0x080001a1   Thumb Code     0  entry4.o(.ARM.Collect$$$$00000003)
    _main_scatterload                        0x080001a5   Thumb Code     0  entry5.o(.ARM.Collect$$$$00000004)
    __main_after_scatterload                 0x080001a9   Thumb Code     0  entry5.o(.ARM.Collect$$$$00000004)
    _main_clock                              0x080001a9   Thumb Code     0  entry7b.o(.ARM.Collect$$$$00000008)
    _main_cpp_init                           0x080001a9   Thumb Code     0  entry8b.o(.ARM.Collect$$$$0000000A)
    _main_init                               0x080001a9   Thumb Code     0  entry9a.o(.ARM.Collect$$$$0000000B)
    __rt_final_cpp                           0x080001b1   Thumb Code     0  entry10a.o(.ARM.Collect$$$$0000000D)
    __rt_final_exit                          0x080001b1   Thumb Code     0  entry11a.o(.ARM.Collect$$$$0000000F)
    __aeabi_memset                           0x080001b5   Thumb Code    14  memseta.o(.text)
    __aeabi_memset4                          0x080001b5   Thumb Code     0  memseta.o(.text)
    __aeabi_memset8                          0x080001b5   Thumb Code     0  memseta.o(.text)
    __aeabi_memclr                           0x080001c3   Thumb Code     4  memseta.o(.text)
    __aeabi_memclr4                          0x080001c3   Thumb Code     0  memseta.o(.text)
    __aeabi_memclr8                          0x080001c3   Thumb Code     0  memseta.o(.text)
    _memset$wrapper                          0x080001c7   Thumb Code    18  memseta.o(.text)
    __aeabi_dadd                             0x080001d9   Thumb Code   322  dadd.o(.text)
    __aeabi_dsub                             0x0800031b   Thumb Code     6  dadd.o(.text)
    __aeabi_drsub                            0x08000321   Thumb Code     6  dadd.o(.text)
    __aeabi_dmul                             0x08000327   Thumb Code   228  dmul.o(.text)
    __aeabi_ddiv                             0x0800040b   Thumb Code   222  ddiv.o(.text)
    __aeabi_ui2d                             0x080004e9   Thumb Code    26  dfltui.o(.text)
    __aeabi_d2iz                             0x08000503   Thumb Code    62  dfixi.o(.text)
    __aeabi_uldivmod                         0x08000541   Thumb Code    98  uldiv.o(.text)
    __aeabi_llsl                             0x080005a3   Thumb Code    30  llshl.o(.text)
    _ll_shift_l                              0x080005a3   Thumb Code     0  llshl.o(.text)
    __aeabi_llsr                             0x080005c1   Thumb Code    32  llushr.o(.text)
    _ll_ushift_r                             0x080005c1   Thumb Code     0  llushr.o(.text)
    __aeabi_lasr                             0x080005e1   Thumb Code    36  llsshr.o(.text)
    _ll_sshift_r                             0x080005e1   Thumb Code     0  llsshr.o(.text)
    __I$use$fp                               0x08000605   Thumb Code     0  iusefp.o(.text)
    _double_round                            0x08000605   Thumb Code    30  depilogue.o(.text)
    _double_epilogue                         0x08000623   Thumb Code   156  depilogue.o(.text)
    __scatterload                            0x080006c1   Thumb Code    38  init.o(.text)
    __scatterload_rt2                        0x080006c1   Thumb Code     0  init.o(.text)
    ADC1_SAMP_IRQHandler                     0x080006f1   Thumb Code    12  tae32g58xx_it.o(.text.ADC1_SAMP_IRQHandler)
    BusFault_Handler                         0x080006fd   Thumb Code     2  tae32g58xx_it.o(.text.BusFault_Handler)
    DebugMon_Handler                         0x08000701   Thumb Code     2  tae32g58xx_it.o(.text.DebugMon_Handler)
    ADC0_FULL_IRQHandler                     0x08000705   Thumb Code     2  startup_tae32g58xx.o(.text.Default_Handler)
    ADC0_HALF_IRQHandler                     0x08000705   Thumb Code     2  startup_tae32g58xx.o(.text.Default_Handler)
    ADC0_NORM_IRQHandler                     0x08000705   Thumb Code     2  startup_tae32g58xx.o(.text.Default_Handler)
    ADC0_SAMP_IRQHandler                     0x08000705   Thumb Code     2  startup_tae32g58xx.o(.text.Default_Handler)
    ADC1_FULL_IRQHandler                     0x08000705   Thumb Code     2  startup_tae32g58xx.o(.text.Default_Handler)
    ADC1_HALF_IRQHandler                     0x08000705   Thumb Code     2  startup_tae32g58xx.o(.text.Default_Handler)
    ADC2_FULL_IRQHandler                     0x08000705   Thumb Code     2  startup_tae32g58xx.o(.text.Default_Handler)
    ADC2_HALF_IRQHandler                     0x08000705   Thumb Code     2  startup_tae32g58xx.o(.text.Default_Handler)
    ADC2_NORM_IRQHandler                     0x08000705   Thumb Code     2  startup_tae32g58xx.o(.text.Default_Handler)
    ADC2_SAMP_IRQHandler                     0x08000705   Thumb Code     2  startup_tae32g58xx.o(.text.Default_Handler)
    ADC3_FULL_IRQHandler                     0x08000705   Thumb Code     2  startup_tae32g58xx.o(.text.Default_Handler)
    ADC3_HALF_IRQHandler                     0x08000705   Thumb Code     2  startup_tae32g58xx.o(.text.Default_Handler)
    ADC3_NORM_IRQHandler                     0x08000705   Thumb Code     2  startup_tae32g58xx.o(.text.Default_Handler)
    ADC3_SAMP_IRQHandler                     0x08000705   Thumb Code     2  startup_tae32g58xx.o(.text.Default_Handler)
    CAN0_INT1_IRQHandler                     0x08000705   Thumb Code     2  startup_tae32g58xx.o(.text.Default_Handler)
    CAN0_IRQHandler                          0x08000705   Thumb Code     2  startup_tae32g58xx.o(.text.Default_Handler)
    CAN1_INT1_IRQHandler                     0x08000705   Thumb Code     2  startup_tae32g58xx.o(.text.Default_Handler)
    CAN1_IRQHandler                          0x08000705   Thumb Code     2  startup_tae32g58xx.o(.text.Default_Handler)
    CMPG0_IRQHandler                         0x08000705   Thumb Code     2  startup_tae32g58xx.o(.text.Default_Handler)
    CMPG1_IRQHandler                         0x08000705   Thumb Code     2  startup_tae32g58xx.o(.text.Default_Handler)
    CMPG2_IRQHandler                         0x08000705   Thumb Code     2  startup_tae32g58xx.o(.text.Default_Handler)
    CORDIC_IRQHandler                        0x08000705   Thumb Code     2  startup_tae32g58xx.o(.text.Default_Handler)
    DMA_CH0_IRQHandler                       0x08000705   Thumb Code     2  startup_tae32g58xx.o(.text.Default_Handler)
    DMA_CH1_IRQHandler                       0x08000705   Thumb Code     2  startup_tae32g58xx.o(.text.Default_Handler)
    DMA_CH2_IRQHandler                       0x08000705   Thumb Code     2  startup_tae32g58xx.o(.text.Default_Handler)
    DMA_CH3_IRQHandler                       0x08000705   Thumb Code     2  startup_tae32g58xx.o(.text.Default_Handler)
    DMA_CH4_IRQHandler                       0x08000705   Thumb Code     2  startup_tae32g58xx.o(.text.Default_Handler)
    DMA_CH5_IRQHandler                       0x08000705   Thumb Code     2  startup_tae32g58xx.o(.text.Default_Handler)
    Default_Handler                          0x08000705   Thumb Code     2  startup_tae32g58xx.o(.text.Default_Handler)
    EFLASH_IRQHandler                        0x08000705   Thumb Code     2  startup_tae32g58xx.o(.text.Default_Handler)
    GPIOA_IRQHandler                         0x08000705   Thumb Code     2  startup_tae32g58xx.o(.text.Default_Handler)
    GPIOB_IRQHandler                         0x08000705   Thumb Code     2  startup_tae32g58xx.o(.text.Default_Handler)
    GPIOC_IRQHandler                         0x08000705   Thumb Code     2  startup_tae32g58xx.o(.text.Default_Handler)
    GPIOD_IRQHandler                         0x08000705   Thumb Code     2  startup_tae32g58xx.o(.text.Default_Handler)
    GPIOE_IRQHandler                         0x08000705   Thumb Code     2  startup_tae32g58xx.o(.text.Default_Handler)
    GPIOF_IRQHandler                         0x08000705   Thumb Code     2  startup_tae32g58xx.o(.text.Default_Handler)
    HRPWM_SLV0_IRQHandler                    0x08000705   Thumb Code     2  startup_tae32g58xx.o(.text.Default_Handler)
    HRPWM_SLV1_IRQHandler                    0x08000705   Thumb Code     2  startup_tae32g58xx.o(.text.Default_Handler)
    HRPWM_SLV2_IRQHandler                    0x08000705   Thumb Code     2  startup_tae32g58xx.o(.text.Default_Handler)
    HRPWM_SLV3_IRQHandler                    0x08000705   Thumb Code     2  startup_tae32g58xx.o(.text.Default_Handler)
    HRPWM_SLV4_IRQHandler                    0x08000705   Thumb Code     2  startup_tae32g58xx.o(.text.Default_Handler)
    HRPWM_SLV5_IRQHandler                    0x08000705   Thumb Code     2  startup_tae32g58xx.o(.text.Default_Handler)
    HRPWM_SLV6_IRQHandler                    0x08000705   Thumb Code     2  startup_tae32g58xx.o(.text.Default_Handler)
    HRPWM_SLV7_IRQHandler                    0x08000705   Thumb Code     2  startup_tae32g58xx.o(.text.Default_Handler)
    I2C0_IRQHandler                          0x08000705   Thumb Code     2  startup_tae32g58xx.o(.text.Default_Handler)
    I2C1_IRQHandler                          0x08000705   Thumb Code     2  startup_tae32g58xx.o(.text.Default_Handler)
    I2C2_IRQHandler                          0x08000705   Thumb Code     2  startup_tae32g58xx.o(.text.Default_Handler)
    IIR_IRQHandler                           0x08000705   Thumb Code     2  startup_tae32g58xx.o(.text.Default_Handler)
    IWDG_IRQHandler                          0x08000705   Thumb Code     2  startup_tae32g58xx.o(.text.Default_Handler)
    PDM0_IRQHandler                          0x08000705   Thumb Code     2  startup_tae32g58xx.o(.text.Default_Handler)
    PDM1_IRQHandler                          0x08000705   Thumb Code     2  startup_tae32g58xx.o(.text.Default_Handler)
    PDM2_IRQHandler                          0x08000705   Thumb Code     2  startup_tae32g58xx.o(.text.Default_Handler)
    PDM3_IRQHandler                          0x08000705   Thumb Code     2  startup_tae32g58xx.o(.text.Default_Handler)
    PMU_IRQHandler                           0x08000705   Thumb Code     2  startup_tae32g58xx.o(.text.Default_Handler)
    QEI0_IRQHandler                          0x08000705   Thumb Code     2  startup_tae32g58xx.o(.text.Default_Handler)
    QEI1_IRQHandler                          0x08000705   Thumb Code     2  startup_tae32g58xx.o(.text.Default_Handler)
    QEI2_IRQHandler                          0x08000705   Thumb Code     2  startup_tae32g58xx.o(.text.Default_Handler)
    SPI0_IRQHandler                          0x08000705   Thumb Code     2  startup_tae32g58xx.o(.text.Default_Handler)
    SPI1_IRQHandler                          0x08000705   Thumb Code     2  startup_tae32g58xx.o(.text.Default_Handler)
    TMR0_IRQHandler                          0x08000705   Thumb Code     2  startup_tae32g58xx.o(.text.Default_Handler)
    TMR10_BRK_IRQHandler                     0x08000705   Thumb Code     2  startup_tae32g58xx.o(.text.Default_Handler)
    TMR10_CC_IRQHandler                      0x08000705   Thumb Code     2  startup_tae32g58xx.o(.text.Default_Handler)
    TMR10_TRG_IRQHandler                     0x08000705   Thumb Code     2  startup_tae32g58xx.o(.text.Default_Handler)
    TMR10_UPD_IRQHandler                     0x08000705   Thumb Code     2  startup_tae32g58xx.o(.text.Default_Handler)
    TMR1_IRQHandler                          0x08000705   Thumb Code     2  startup_tae32g58xx.o(.text.Default_Handler)
    TMR2_IRQHandler                          0x08000705   Thumb Code     2  startup_tae32g58xx.o(.text.Default_Handler)
    TMR3_IRQHandler                          0x08000705   Thumb Code     2  startup_tae32g58xx.o(.text.Default_Handler)
    TMR4_IRQHandler                          0x08000705   Thumb Code     2  startup_tae32g58xx.o(.text.Default_Handler)
    TMR6_IRQHandler                          0x08000705   Thumb Code     2  startup_tae32g58xx.o(.text.Default_Handler)
    TMR7_IRQHandler                          0x08000705   Thumb Code     2  startup_tae32g58xx.o(.text.Default_Handler)
    TMR8_IRQHandler                          0x08000705   Thumb Code     2  startup_tae32g58xx.o(.text.Default_Handler)
    TMR9_BRK_IRQHandler                      0x08000705   Thumb Code     2  startup_tae32g58xx.o(.text.Default_Handler)
    TMR9_CC_IRQHandler                       0x08000705   Thumb Code     2  startup_tae32g58xx.o(.text.Default_Handler)
    TMR9_TRG_IRQHandler                      0x08000705   Thumb Code     2  startup_tae32g58xx.o(.text.Default_Handler)
    TMR9_UPD_IRQHandler                      0x08000705   Thumb Code     2  startup_tae32g58xx.o(.text.Default_Handler)
    UART0_IRQHandler                         0x08000705   Thumb Code     2  startup_tae32g58xx.o(.text.Default_Handler)
    UART1_IRQHandler                         0x08000705   Thumb Code     2  startup_tae32g58xx.o(.text.Default_Handler)
    UART2_IRQHandler                         0x08000705   Thumb Code     2  startup_tae32g58xx.o(.text.Default_Handler)
    UART3_IRQHandler                         0x08000705   Thumb Code     2  startup_tae32g58xx.o(.text.Default_Handler)
    UART4_IRQHandler                         0x08000705   Thumb Code     2  startup_tae32g58xx.o(.text.Default_Handler)
    USB_DET_IRQHandler                       0x08000705   Thumb Code     2  startup_tae32g58xx.o(.text.Default_Handler)
    USB_EP_IRQHandler                        0x08000705   Thumb Code     2  startup_tae32g58xx.o(.text.Default_Handler)
    USB_PWR_IRQHandler                       0x08000705   Thumb Code     2  startup_tae32g58xx.o(.text.Default_Handler)
    WWDG_IRQHandler                          0x08000705   Thumb Code     2  startup_tae32g58xx.o(.text.Default_Handler)
    XIF_IRQHandler                           0x08000705   Thumb Code     2  startup_tae32g58xx.o(.text.Default_Handler)
    HardFault_Handler                        0x08000709   Thumb Code     2  tae32g58xx_it.o(.text.HardFault_Handler)
    LL_ADC_Cal_Cfg                           0x0800070d   Thumb Code   300  tae32g58xx_ll_adc.o(.text.LL_ADC_Cal_Cfg)
    LL_ADC_DMA_Cfg                           0x08000839   Thumb Code   296  tae32g58xx_ll_adc.o(.text.LL_ADC_DMA_Cfg)
    LL_ADC_Init                              0x0800098d   Thumb Code   300  tae32g58xx_ll_adc.o(.text.LL_ADC_Init)
    LL_ADC_MspInit                           0x08000add   Thumb Code   168  adc_app.o(.text.LL_ADC_MspInit)
    LL_ADC_OverSamp_Cfg                      0x08000b9d   Thumb Code   188  tae32g58xx_ll_adc.o(.text.LL_ADC_OverSamp_Cfg)
    LL_ADC_REG_ChCfg                         0x08000c89   Thumb Code   304  tae32g58xx_ll_adc.o(.text.LL_ADC_REG_ChCfg)
    LL_ADC_REG_ComCfg                        0x08000df1   Thumb Code   172  tae32g58xx_ll_adc.o(.text.LL_ADC_REG_ComCfg)
    LL_ADC_Samp_Ch0ConvDoneCallback          0x08000ed1   Thumb Code     2  tae32g58xx_ll_adc.o(.text.LL_ADC_Samp_Ch0ConvDoneCallback)
    LL_ADC_Samp_Ch10ConvDoneCallback         0x08000ed5   Thumb Code     2  tae32g58xx_ll_adc.o(.text.LL_ADC_Samp_Ch10ConvDoneCallback)
    LL_ADC_Samp_Ch11ConvDoneCallback         0x08000ed9   Thumb Code     2  tae32g58xx_ll_adc.o(.text.LL_ADC_Samp_Ch11ConvDoneCallback)
    LL_ADC_Samp_Ch12ConvDoneCallback         0x08000edd   Thumb Code     2  tae32g58xx_ll_adc.o(.text.LL_ADC_Samp_Ch12ConvDoneCallback)
    LL_ADC_Samp_Ch13ConvDoneCallback         0x08000ee1   Thumb Code     2  tae32g58xx_ll_adc.o(.text.LL_ADC_Samp_Ch13ConvDoneCallback)
    LL_ADC_Samp_Ch14ConvDoneCallback         0x08000ee5   Thumb Code     2  tae32g58xx_ll_adc.o(.text.LL_ADC_Samp_Ch14ConvDoneCallback)
    LL_ADC_Samp_Ch15ConvDoneCallback         0x08000ee9   Thumb Code     2  tae32g58xx_ll_adc.o(.text.LL_ADC_Samp_Ch15ConvDoneCallback)
    LL_ADC_Samp_Ch16ConvDoneCallback         0x08000eed   Thumb Code     2  tae32g58xx_ll_adc.o(.text.LL_ADC_Samp_Ch16ConvDoneCallback)
    LL_ADC_Samp_Ch17ConvDoneCallback         0x08000ef1   Thumb Code     2  tae32g58xx_ll_adc.o(.text.LL_ADC_Samp_Ch17ConvDoneCallback)
    LL_ADC_Samp_Ch18ConvDoneCallback         0x08000ef5   Thumb Code     2  tae32g58xx_ll_adc.o(.text.LL_ADC_Samp_Ch18ConvDoneCallback)
    LL_ADC_Samp_Ch19ConvDoneCallback         0x08000ef9   Thumb Code     2  tae32g58xx_ll_adc.o(.text.LL_ADC_Samp_Ch19ConvDoneCallback)
    LL_ADC_Samp_Ch1ConvDoneCallback          0x08000efd   Thumb Code     2  tae32g58xx_ll_adc.o(.text.LL_ADC_Samp_Ch1ConvDoneCallback)
    LL_ADC_Samp_Ch2ConvDoneCallback          0x08000f01   Thumb Code     2  tae32g58xx_ll_adc.o(.text.LL_ADC_Samp_Ch2ConvDoneCallback)
    LL_ADC_Samp_Ch3ConvDoneCallback          0x08000f05   Thumb Code     2  tae32g58xx_ll_adc.o(.text.LL_ADC_Samp_Ch3ConvDoneCallback)
    LL_ADC_Samp_Ch4ConvDoneCallback          0x08000f09   Thumb Code     2  tae32g58xx_ll_adc.o(.text.LL_ADC_Samp_Ch4ConvDoneCallback)
    LL_ADC_Samp_Ch5ConvDoneCallback          0x08000f0d   Thumb Code     2  tae32g58xx_ll_adc.o(.text.LL_ADC_Samp_Ch5ConvDoneCallback)
    LL_ADC_Samp_Ch6ConvDoneCallback          0x08000f11   Thumb Code     2  tae32g58xx_ll_adc.o(.text.LL_ADC_Samp_Ch6ConvDoneCallback)
    LL_ADC_Samp_Ch7ConvDoneCallback          0x08000f15   Thumb Code     2  tae32g58xx_ll_adc.o(.text.LL_ADC_Samp_Ch7ConvDoneCallback)
    LL_ADC_Samp_Ch8ConvDoneCallback          0x08000f19   Thumb Code     2  tae32g58xx_ll_adc.o(.text.LL_ADC_Samp_Ch8ConvDoneCallback)
    LL_ADC_Samp_Ch9ConvDoneCallback          0x08000f1d   Thumb Code     2  tae32g58xx_ll_adc.o(.text.LL_ADC_Samp_Ch9ConvDoneCallback)
    LL_ADC_Samp_ChConvDoneCallback           0x08000f21   Thumb Code     2  tae32g58xx_ll_adc.o(.text.LL_ADC_Samp_ChConvDoneCallback)
    LL_ADC_Samp_IRQHandler                   0x08000f25   Thumb Code   122  tae32g58xx_ll_adc.o(.text.LL_ADC_Samp_IRQHandler)
    LL_CMP_Init                              0x08000fa1   Thumb Code   258  tae32g58xx_ll_cmp.o(.text.LL_CMP_Init)
    LL_CMP_MspInit                           0x080010a5   Thumb Code   112  cmp_app.o(.text.LL_CMP_MspInit)
    LL_CMP_Start                             0x0800112d   Thumb Code    48  tae32g58xx_ll_cmp.o(.text.LL_CMP_Start)
    LL_DAC_Init                              0x0800115d   Thumb Code   128  tae32g58xx_ll_dac.o(.text.LL_DAC_Init)
    LL_DAC_MspInit                           0x080011dd   Thumb Code    40  dac_app.o(.text.LL_DAC_MspInit)
    LL_DAC_Start                             0x0800121d   Thumb Code    48  tae32g58xx_ll_dac.o(.text.LL_DAC_Start)
    LL_DAC_ValueSet                          0x0800124d   Thumb Code    50  tae32g58xx_ll_dac.o(.text.LL_DAC_ValueSet)
    LL_DMA_Init                              0x08001281   Thumb Code   996  tae32g58xx_ll_dma.o(.text.LL_DMA_Init)
    LL_GPIO_Init                             0x08001695   Thumb Code   528  tae32g58xx_ll_gpio.o(.text.LL_GPIO_Init)
    LL_GPIO_ReadPin                          0x080018f5   Thumb Code    92  tae32g58xx_ll_gpio.o(.text.LL_GPIO_ReadPin)
    LL_GetTick                               0x08001951   Thumb Code    12  tae32g58xx_ll.o(.text.LL_GetTick)
    LL_HRPWM_Comm_ADCTrigCfg                 0x0800195d   Thumb Code   614  tae32g58xx_ll_hrpwm.o(.text.LL_HRPWM_Comm_ADCTrigCfg)
    LL_HRPWM_Comm_BurstPrdCallback           0x08001bc5   Thumb Code     2  tae32g58xx_ll_hrpwm.o(.text.LL_HRPWM_Comm_BurstPrdCallback)
    LL_HRPWM_Comm_DLL_Start                  0x08001bc9   Thumb Code    64  tae32g58xx_ll_hrpwm.o(.text.LL_HRPWM_Comm_DLL_Start)
    LL_HRPWM_Comm_Flt1Callback               0x08001c09   Thumb Code     2  tae32g58xx_ll_hrpwm.o(.text.LL_HRPWM_Comm_Flt1Callback)
    LL_HRPWM_Comm_Flt2Callback               0x08001c0d   Thumb Code     2  tae32g58xx_ll_hrpwm.o(.text.LL_HRPWM_Comm_Flt2Callback)
    LL_HRPWM_Comm_Flt4Callback               0x08001c11   Thumb Code     2  tae32g58xx_ll_hrpwm.o(.text.LL_HRPWM_Comm_Flt4Callback)
    LL_HRPWM_Comm_Flt5Callback               0x08001c15   Thumb Code     2  tae32g58xx_ll_hrpwm.o(.text.LL_HRPWM_Comm_Flt5Callback)
    LL_HRPWM_Comm_FltCfg                     0x08001c19   Thumb Code   444  tae32g58xx_ll_hrpwm.o(.text.LL_HRPWM_Comm_FltCfg)
    LL_HRPWM_Comm_IRQHandler                 0x08001dd5   Thumb Code   282  tae32g58xx_ll_hrpwm.o(.text.LL_HRPWM_Comm_IRQHandler)
    LL_HRPWM_Comm_SysFltCallback             0x08001ef1   Thumb Code     2  tae32g58xx_ll_hrpwm.o(.text.LL_HRPWM_Comm_SysFltCallback)
    LL_HRPWM_Init                            0x08001ef5   Thumb Code    44  tae32g58xx_ll_hrpwm.o(.text.LL_HRPWM_Init)
    LL_HRPWM_MspInit                         0x08001f21   Thumb Code   116  hrpwm_app.o(.text.LL_HRPWM_MspInit)
    LL_HRPWM_RegUpd_Frc                      0x08001f95   Thumb Code   154  tae32g58xx_ll_hrpwm.o(.text.LL_HRPWM_RegUpd_Frc)
    LL_HRPWM_Slv_OutputCfg                   0x08002031   Thumb Code   508  tae32g58xx_ll_hrpwm.o(.text.LL_HRPWM_Slv_OutputCfg)
    LL_HRPWM_TmrBaseCfg                      0x0800222d   Thumb Code   608  tae32g58xx_ll_hrpwm.o(.text.LL_HRPWM_TmrBaseCfg)
    LL_HRPWM_TmrCmpCfg                       0x0800248d   Thumb Code   416  tae32g58xx_ll_hrpwm.o(.text.LL_HRPWM_TmrCmpCfg)
    LL_IncTick                               0x0800262d   Thumb Code    26  tae32g58xx_ll.o(.text.LL_IncTick)
    LL_Init                                  0x08002649   Thumb Code    48  tae32g58xx_ll.o(.text.LL_Init)
    LL_InitTick                              0x08002679   Thumb Code    70  tae32g58xx_ll.o(.text.LL_InitTick)
    LL_IsExtCfgEnGrp                         0x080026c1   Thumb Code    22  tae32g58xx_ll.o(.text.LL_IsExtCfgEnGrp)
    LL_MspInit                               0x080026d9   Thumb Code    38  tae32g58xx_ll_msp.o(.text.LL_MspInit)
    LL_NVIC_EnableIRQ                        0x08002701   Thumb Code    52  tae32g58xx_ll_cortex.o(.text.LL_NVIC_EnableIRQ)
    LL_NVIC_SetPriority                      0x08002735   Thumb Code   138  tae32g58xx_ll_cortex.o(.text.LL_NVIC_SetPriority)
    LL_NVIC_SetPriorityGrouping              0x080027c1   Thumb Code    54  tae32g58xx_ll_cortex.o(.text.LL_NVIC_SetPriorityGrouping)
    LL_RCU_ADC0_ClkEnRstRelease              0x080027f9   Thumb Code    46  tae32g58xx_ll_rcu.o(.text.LL_RCU_ADC0_ClkEnRstRelease)
    LL_RCU_ADC1_ClkEnRstRelease              0x08002829   Thumb Code    46  tae32g58xx_ll_rcu.o(.text.LL_RCU_ADC1_ClkEnRstRelease)
    LL_RCU_ADC_ClkCfg                        0x08002859   Thumb Code    86  tae32g58xx_ll_rcu.o(.text.LL_RCU_ADC_ClkCfg)
    LL_RCU_APB0ClkGet                        0x080028b1   Thumb Code    30  tae32g58xx_ll_rcu.o(.text.LL_RCU_APB0ClkGet)
    LL_RCU_APB1ClkGet                        0x080028d1   Thumb Code    30  tae32g58xx_ll_rcu.o(.text.LL_RCU_APB1ClkGet)
    LL_RCU_CMP_ClkEnRstRelease               0x080028f1   Thumb Code    38  tae32g58xx_ll_rcu.o(.text.LL_RCU_CMP_ClkEnRstRelease)
    LL_RCU_DAC_ClkEnRstRelease               0x08002919   Thumb Code    38  tae32g58xx_ll_rcu.o(.text.LL_RCU_DAC_ClkEnRstRelease)
    LL_RCU_DMA_ClkEnRstRelease               0x08002941   Thumb Code    38  tae32g58xx_ll_rcu.o(.text.LL_RCU_DMA_ClkEnRstRelease)
    LL_RCU_EFLASH_ClkEnRstRelease            0x08002969   Thumb Code    38  tae32g58xx_ll_rcu.o(.text.LL_RCU_EFLASH_ClkEnRstRelease)
    LL_RCU_GPIOA_ClkEnRstRelease             0x08002991   Thumb Code    38  tae32g58xx_ll_rcu.o(.text.LL_RCU_GPIOA_ClkEnRstRelease)
    LL_RCU_GPIOB_ClkEnRstRelease             0x080029b9   Thumb Code    38  tae32g58xx_ll_rcu.o(.text.LL_RCU_GPIOB_ClkEnRstRelease)
    LL_RCU_GPIOC_ClkEnRstRelease             0x080029e1   Thumb Code    38  tae32g58xx_ll_rcu.o(.text.LL_RCU_GPIOC_ClkEnRstRelease)
    LL_RCU_GPIOD_ClkEnRstRelease             0x08002a09   Thumb Code    38  tae32g58xx_ll_rcu.o(.text.LL_RCU_GPIOD_ClkEnRstRelease)
    LL_RCU_GPIOE_ClkEnRstRelease             0x08002a31   Thumb Code    38  tae32g58xx_ll_rcu.o(.text.LL_RCU_GPIOE_ClkEnRstRelease)
    LL_RCU_GPIOF_ClkEnRstRelease             0x08002a59   Thumb Code    38  tae32g58xx_ll_rcu.o(.text.LL_RCU_GPIOF_ClkEnRstRelease)
    LL_RCU_HRPWM_ClkCfg                      0x08002a81   Thumb Code    70  tae32g58xx_ll_rcu.o(.text.LL_RCU_HRPWM_ClkCfg)
    LL_RCU_HRPWM_ClkEnRstRelease             0x08002ac9   Thumb Code   158  tae32g58xx_ll_rcu.o(.text.LL_RCU_HRPWM_ClkEnRstRelease)
    LL_RCU_Pll0Cfg                           0x08002f51   Thumb Code  1136  tae32g58xx_ll_rcu.o(.text.LL_RCU_Pll0Cfg)
    LL_RCU_SysclkGet                         0x080033ed   Thumb Code    12  tae32g58xx_ll_rcu.o(.text.LL_RCU_SysclkGet)
    LL_RCU_SysclkInit                        0x080033f9   Thumb Code   568  tae32g58xx_ll_rcu.o(.text.LL_RCU_SysclkInit)
    LL_RCU_UART0_ClkEnRstRelease             0x08003655   Thumb Code    38  tae32g58xx_ll_rcu.o(.text.LL_RCU_UART0_ClkEnRstRelease)
    LL_RCU_UART1_ClkEnRstRelease             0x0800367d   Thumb Code    38  tae32g58xx_ll_rcu.o(.text.LL_RCU_UART1_ClkEnRstRelease)
    LL_RCU_UART2_ClkEnRstRelease             0x080036a5   Thumb Code    38  tae32g58xx_ll_rcu.o(.text.LL_RCU_UART2_ClkEnRstRelease)
    LL_RCU_UART3_ClkEnRstRelease             0x080036cd   Thumb Code    38  tae32g58xx_ll_rcu.o(.text.LL_RCU_UART3_ClkEnRstRelease)
    LL_RCU_UART4_ClkEnRstRelease             0x080036f5   Thumb Code    38  tae32g58xx_ll_rcu.o(.text.LL_RCU_UART4_ClkEnRstRelease)
    LL_SYSTICK_Callback                      0x0800371d   Thumb Code     2  tae32g58xx_ll_cortex.o(.text.LL_SYSTICK_Callback)
    LL_SYSTICK_Config                        0x08003721   Thumb Code    44  tae32g58xx_ll_cortex.o(.text.LL_SYSTICK_Config)
    LL_SYSTICK_IRQHandler                    0x0800374d   Thumb Code     4  tae32g58xx_ll_cortex.o(.text.LL_SYSTICK_IRQHandler)
    LL_UART_Init                             0x08003751   Thumb Code   892  tae32g58xx_ll_uart.o(.text.LL_UART_Init)
    LL_UART_MspInit                          0x08003afd   Thumb Code   358  tae32g58xx_ll_msp.o(.text.LL_UART_MspInit)
    MemManage_Handler                        0x08003c65   Thumb Code     2  tae32g58xx_it.o(.text.MemManage_Handler)
    NMI_Handler                              0x08003c69   Thumb Code     2  tae32g58xx_it.o(.text.NMI_Handler)
    PendSV_Handler                           0x08003c6d   Thumb Code     2  tae32g58xx_it.o(.text.PendSV_Handler)
    Reset_Handler                            0x08003c71   Thumb Code     8  startup_tae32g58xx.o(.text.Reset_Handler)
    SVC_Handler                              0x08003c79   Thumb Code     2  tae32g58xx_it.o(.text.SVC_Handler)
    SysTick_Handler                          0x08003c7d   Thumb Code    14  tae32g58xx_it.o(.text.SysTick_Handler)
    SystemCoreClockUpdate                    0x08003c8d   Thumb Code    16  system_tae32g58xx.o(.text.SystemCoreClockUpdate)
    SystemInit                               0x08003c9d   Thumb Code    58  system_tae32g58xx.o(.text.SystemInit)
    UsageFault_Handler                       0x08003cd9   Thumb Code     2  tae32g58xx_it.o(.text.UsageFault_Handler)
    VOFA_Init                                0x08003cdd   Thumb Code   268  user_vofa.o(.text.VOFA_Init)
    adc0_initial_app                         0x08003de9   Thumb Code   406  adc_app.o(.text.adc0_initial_app)
    adc1_initial_app                         0x08003f81   Thumb Code   370  adc_app.o(.text.adc1_initial_app)
    adc_all_init                             0x080040f5   Thumb Code    14  adc_app.o(.text.adc_all_init)
    adc_converter_start                      0x08004105   Thumb Code    46  adc_app.o(.text.adc_converter_start)
    assert_failed                            0x08004135   Thumb Code    36  main.o(.text.assert_failed)
    cmp_app_init                             0x08004181   Thumb Code   108  cmp_app.o(.text.cmp_app_init)
    cmp_app_start                            0x080041ed   Thumb Code    44  cmp_app.o(.text.cmp_app_start)
    dac_app_init                             0x08004219   Thumb Code   126  dac_app.o(.text.dac_app_init)
    dac_app_start                            0x08004299   Thumb Code    44  dac_app.o(.text.dac_app_start)
    fputc                                    0x080042c5   Thumb Code   126  user_debug.o(.text.fputc)
    gpio_init_app                            0x08004345   Thumb Code   110  gpio_app.o(.text.gpio_init_app)
    hrpwm_app_config                         0x080043b5   Thumb Code   600  hrpwm_app.o(.text.hrpwm_app_config)
    hrpwm_app_inital                         0x0800460d   Thumb Code   308  hrpwm_app.o(.text.hrpwm_app_inital)
    hrpwm_app_outdis                         0x08004741   Thumb Code    18  hrpwm_app.o(.text.hrpwm_app_outdis)
    hrpwm_app_start                          0x08004755   Thumb Code    22  hrpwm_app.o(.text.hrpwm_app_start)
    hrpwm_llc_output                         0x0800476d   Thumb Code    18  hrpwm_app.o(.text.hrpwm_llc_output)
    llc_factors_initial                      0x08004781   Thumb Code   454  variables_define_app.o(.text.llc_factors_initial)
    main                                     0x08004949   Thumb Code   360  main.o(.text.main)
    pwm_data_calc                            0x08004ab5   Thumb Code   888  llc_app.o(.text.pwm_data_calc)
    Long Thumb to Thumb Veneer to LL_HRPWM_Comm_Flt0Callback 0x08004e2d   Thumb Code    10  anon$$obj.o(Veneer$$Code)
    Long Thumb to Thumb Veneer to LL_HRPWM_Comm_Flt3Callback 0x08004e37   Thumb Code    10  anon$$obj.o(Veneer$$Code)
    Long Thumb to Thumb Veneer to LL_HRPWM_Comm_Flt6Callback 0x08004e41   Thumb Code    10  anon$$obj.o(Veneer$$Code)
    Long Thumb to Thumb Veneer to LL_HRPWM_Comm_Flt7Callback 0x08004e4b   Thumb Code    10  anon$$obj.o(Veneer$$Code)
    __0printf$8                              0x08004e55   Thumb Code    22  printf8.o(i.__0printf$8)
    __1printf$8                              0x08004e55   Thumb Code     0  printf8.o(i.__0printf$8)
    __2printf                                0x08004e55   Thumb Code     0  printf8.o(i.__0printf$8)
    __scatterload_copy                       0x08004e75   Thumb Code    14  handlers.o(i.__scatterload_copy)
    __scatterload_null                       0x08004e83   Thumb Code     2  handlers.o(i.__scatterload_null)
    __scatterload_zeroinit                   0x08004e85   Thumb Code    14  handlers.o(i.__scatterload_zeroinit)
    puts                                     0x080052f9   Thumb Code    30  puts.o(i.puts)
    Region$$Table$$Base                      0x08006118   Number         0  anon$$obj.o(Region$$Table)
    Region$$Table$$Limit                     0x08006148   Number         0  anon$$obj.o(Region$$Table)
    hrpwm_upmos_charge                       0x10000001   Thumb Code    18  hrpwm_app.o(RAMCODE)
    hrpwm_upmos_charge_dis                   0x10000015   Thumb Code    18  hrpwm_app.o(RAMCODE)
    LL_HRPWM_Mst_CmpACallback                0x10000029   Thumb Code   296  hrpwm_app.o(RAMCODE)
    hrpwm_updata_app                         0x10000151   Thumb Code   404  hrpwm_app.o(RAMCODE)
    LL_HRPWM_Comm_Flt0Callback               0x100002e5   Thumb Code    30  hrpwm_app.o(RAMCODE)
    LL_HRPWM_Comm_Flt3Callback               0x10000305   Thumb Code    30  hrpwm_app.o(RAMCODE)
    LL_HRPWM_Comm_Flt7Callback               0x10000325   Thumb Code    30  hrpwm_app.o(RAMCODE)
    LL_HRPWM_Comm_Flt6Callback               0x10000345   Thumb Code    30  hrpwm_app.o(RAMCODE)
    get_adc_data                             0x10000365   Thumb Code   276  adc_app.o(RAMCODE)
    LL_ADC_Norm_REG_SeqEndCallback           0x1000048d   Thumb Code   400  adc_app.o(RAMCODE)
    vofa_tx                                  0x10000631   Thumb Code    44  user_vofa.o(RAMCODE)
    calc_PI                                  0x1000065d   Thumb Code   140  pid_app.o(RAMCODE)
    calc_shared_current                      0x100006ed   Thumb Code   148  pid_app.o(RAMCODE)
    iir_calculation                          0x10000781   Thumb Code   254  pid_app.o(RAMCODE)
    switch_state_check_app                   0x10000881   Thumb Code   144  protection_app.o(RAMCODE)
    over_output_voltage_check_app            0x10000911   Thumb Code   100  protection_app.o(RAMCODE)
    input_dcbus_voltage_check_app            0x1000097d   Thumb Code   138  protection_app.o(RAMCODE)
    over_output_current_check_app            0x10000a09   Thumb Code   124  protection_app.o(RAMCODE)
    over_temp_check                          0x10000a8d   Thumb Code    76  protection_app.o(RAMCODE)
    openloop_check                           0x10000ae1   Thumb Code    80  protection_app.o(RAMCODE)
    fault_check_app                          0x10000b35   Thumb Code   528  protection_app.o(RAMCODE)
    ADC1_NORM_IRQHandler                     0x10000d5d   Thumb Code    38  tae32g58xx_it.o(RAMCODE)
    HRPWM_COMM_IRQHandler                    0x10000d85   Thumb Code    22  tae32g58xx_it.o(RAMCODE)
    HRPWM_MST_IRQHandler                     0x10000d9d   Thumb Code    32  tae32g58xx_it.o(RAMCODE)
    llc_handle                               0x10000dbd   Thumb Code  1132  llc_app.o(RAMCODE)
    llc_state_idle                           0x10001229   Thumb Code    96  llc_app.o(RAMCODE)
    upper_mos_charge                         0x10001289   Thumb Code    70  llc_app.o(RAMCODE)
    llc_state_enable                         0x100012d1   Thumb Code   178  llc_app.o(RAMCODE)
    llc_state_rampup                         0x10001385   Thumb Code   136  llc_app.o(RAMCODE)
    llc_state_on                             0x1000140d   Thumb Code   252  llc_app.o(RAMCODE)
    llc_state_fault                          0x10001509   Thumb Code    82  llc_app.o(RAMCODE)
    llc_ok_s_func                            0x1000155d   Thumb Code    62  llc_app.o(RAMCODE)
    phase2phase_current_balance_func         0x1000159d   Thumb Code   184  llc_app.o(RAMCODE)
    Long Thumb to Thumb Veneer to pwm_data_calc 0x10001655   Thumb Code    10  anon$$obj.o(Veneer$$Code)
    Long Thumb to Thumb Veneer to LL_GPIO_ReadPin 0x1000165f   Thumb Code    10  anon$$obj.o(Veneer$$Code)
    Long Thumb to Thumb Veneer to LL_HRPWM_Comm_IRQHandler 0x10001669   Thumb Code    10  anon$$obj.o(Veneer$$Code)
    Long Thumb to Thumb Veneer to hrpwm_app_outdis 0x10001673   Thumb Code    10  anon$$obj.o(Veneer$$Code)
    Long Thumb to Thumb Veneer to hrpwm_llc_output 0x1000167d   Thumb Code    10  anon$$obj.o(Veneer$$Code)
    uwTickFreq                               0x20008000   Data           1  tae32g58xx_ll.o(.data..L_MergedGlobals)
    uwTickPrio                               0x20008004   Data           4  tae32g58xx_ll.o(.data..L_MergedGlobals)
    SystemCoreClock                          0x20008008   Data           4  system_tae32g58xx.o(.data.SystemCoreClock)
    user_dbg_ifc                             0x20008014   Data           1  user_debug.o(.bss..L_MergedGlobals)
    user_dbg_uart_ins                        0x20008018   Data           4  user_debug.o(.bss..L_MergedGlobals)
    ITM_RxBuffer                             0x2000801c   Data           4  user_debug.o(.bss..L_MergedGlobals)
    period                                   0x20008020   Data           4  llc_app.o(.bss..L_MergedGlobals)
    duty                                     0x20008024   Data           4  llc_app.o(.bss..L_MergedGlobals)
    __stdout                                 0x20008028   Data          84  user_debug.o(.bss.__stdout)
    current_share_samp                       0x2000807c   Data           2  variables_define_app.o(.bss.current_share_samp)
    extCfgEnMask                             0x2000812c   Data          32  tae32g58xx_ll.o(.bss.extCfgEnMask)
    feedback_data                            0x2000814c   Data           8  variables_define_app.o(.bss.feedback_data)
    llc                                      0x20008154   Data         980  variables_define_app.o(.bss.llc)
    llc_current_ref_samp                     0x20008528   Data           2  variables_define_app.o(.bss.llc_current_ref_samp)
    llc_current_samp                         0x2000852a   Data           2  variables_define_app.o(.bss.llc_current_samp)
    llc_voltage_samp                         0x2000852c   Data           2  variables_define_app.o(.bss.llc_voltage_samp)
    mpwm                                     0x20008530   Data          20  variables_define_app.o(.bss.mpwm)
    phase1_pwm5                              0x20008544   Data          20  variables_define_app.o(.bss.phase1_pwm5)
    phase1_sr_pwm3                           0x20008558   Data          20  variables_define_app.o(.bss.phase1_sr_pwm3)
    phase2_pwm4                              0x2000856c   Data          20  variables_define_app.o(.bss.phase2_pwm4)
    phase2_sr_pwm2                           0x20008580   Data          20  variables_define_app.o(.bss.phase2_sr_pwm2)
    primary_current1_samp                    0x20008594   Data           2  variables_define_app.o(.bss.primary_current1_samp)
    primary_current2_samp                    0x20008596   Data           2  variables_define_app.o(.bss.primary_current2_samp)
    temperature_samp                         0x20008598   Data           2  variables_define_app.o(.bss.temperature_samp)
    tx_cnt                                   0x2000859c   Data           4  adc_app.o(.bss.tx_cnt)
    tx_vofa_data                             0x200085a0   Data         112  user_vofa.o(.bss.tx_vofa_data)
    uwTick                                   0x20008714   Data           4  tae32g58xx_ll.o(.bss.uwTick)
    Image$$ARM_LIB_STACK$$ZI$$Limit          0x20010000   Number         0  anon$$obj.o ABSOLUTE



==============================================================================

Memory Map of the image

  Image Entry point : 0x080001a1

  Load Region LR_ROM (Base: 0x08000000, Size: 0x000077dc, Max: 0x00020000, ABSOLUTE)

    Execution Region ER_ROM (Exec base: 0x08000000, Load base: 0x08000000, Size: 0x00006148, Max: 0x00020000, ABSOLUTE)

    Exec Addr    Load Addr    Size         Type   Attr      Idx    E Section Name        Object

    0x08000000   0x08000000   0x000001a0   Data   RO         2173    RESET               startup_tae32g58xx.o
    0x080001a0   0x080001a0   0x00000000   Code   RO         2247  * .ARM.Collect$$$$00000000  mc_w.l(entry.o)
    0x080001a0   0x080001a0   0x00000004   Code   RO         2533    .ARM.Collect$$$$00000003  mc_w.l(entry4.o)
    0x080001a4   0x080001a4   0x00000004   Code   RO         2536    .ARM.Collect$$$$00000004  mc_w.l(entry5.o)
    0x080001a8   0x080001a8   0x00000000   Code   RO         2538    .ARM.Collect$$$$00000008  mc_w.l(entry7b.o)
    0x080001a8   0x080001a8   0x00000000   Code   RO         2540    .ARM.Collect$$$$0000000A  mc_w.l(entry8b.o)
    0x080001a8   0x080001a8   0x00000008   Code   RO         2541    .ARM.Collect$$$$0000000B  mc_w.l(entry9a.o)
    0x080001b0   0x080001b0   0x00000000   Code   RO         2543    .ARM.Collect$$$$0000000D  mc_w.l(entry10a.o)
    0x080001b0   0x080001b0   0x00000000   Code   RO         2545    .ARM.Collect$$$$0000000F  mc_w.l(entry11a.o)
    0x080001b0   0x080001b0   0x00000004   Code   RO         2534    .ARM.Collect$$$$00002714  mc_w.l(entry4.o)
    0x080001b4   0x080001b4   0x00000024   Code   RO         2256    .text               mc_w.l(memseta.o)
    0x080001d8   0x080001d8   0x0000014e   Code   RO         2521    .text               mf_w.l(dadd.o)
    0x08000326   0x08000326   0x000000e4   Code   RO         2523    .text               mf_w.l(dmul.o)
    0x0800040a   0x0800040a   0x000000de   Code   RO         2525    .text               mf_w.l(ddiv.o)
    0x080004e8   0x080004e8   0x0000001a   Code   RO         2527    .text               mf_w.l(dfltui.o)
    0x08000502   0x08000502   0x0000003e   Code   RO         2529    .text               mf_w.l(dfixi.o)
    0x08000540   0x08000540   0x00000062   Code   RO         2558    .text               mc_w.l(uldiv.o)
    0x080005a2   0x080005a2   0x0000001e   Code   RO         2560    .text               mc_w.l(llshl.o)
    0x080005c0   0x080005c0   0x00000020   Code   RO         2562    .text               mc_w.l(llushr.o)
    0x080005e0   0x080005e0   0x00000024   Code   RO         2564    .text               mc_w.l(llsshr.o)
    0x08000604   0x08000604   0x00000000   Code   RO         2575    .text               mc_w.l(iusefp.o)
    0x08000604   0x08000604   0x000000ba   Code   RO         2578    .text               mf_w.l(depilogue.o)
    0x080006be   0x080006be   0x00000002   PAD
    0x080006c0   0x080006c0   0x00000030   Code   RO         2584    .text               mc_w.l(init.o)
    0x080006f0   0x080006f0   0x0000000c   Code   RO          202    .text.ADC1_SAMP_IRQHandler  tae32g58xx_it.o
    0x080006fc   0x080006fc   0x00000002   Code   RO          190    .text.BusFault_Handler  tae32g58xx_it.o
    0x080006fe   0x080006fe   0x00000002   PAD
    0x08000700   0x08000700   0x00000002   Code   RO          196    .text.DebugMon_Handler  tae32g58xx_it.o
    0x08000702   0x08000702   0x00000002   PAD
    0x08000704   0x08000704   0x00000002   Code   RO         2167    .text.Default_Handler  startup_tae32g58xx.o
    0x08000706   0x08000706   0x00000002   PAD
    0x08000708   0x08000708   0x00000002   Code   RO          186    .text.HardFault_Handler  tae32g58xx_it.o
    0x0800070a   0x0800070a   0x00000002   PAD
    0x0800070c   0x0800070c   0x0000012c   Code   RO         1701    .text.LL_ADC_Cal_Cfg  tae32g58xx_ll_adc.o
    0x08000838   0x08000838   0x00000154   Code   RO         1699    .text.LL_ADC_DMA_Cfg  tae32g58xx_ll_adc.o
    0x0800098c   0x0800098c   0x00000150   Code   RO         1677    .text.LL_ADC_Init   tae32g58xx_ll_adc.o
    0x08000adc   0x08000adc   0x000000c0   Code   RO           70    .text.LL_ADC_MspInit  adc_app.o
    0x08000b9c   0x08000b9c   0x000000ec   Code   RO         1681    .text.LL_ADC_OverSamp_Cfg  tae32g58xx_ll_adc.o
    0x08000c88   0x08000c88   0x00000168   Code   RO         1689    .text.LL_ADC_REG_ChCfg  tae32g58xx_ll_adc.o
    0x08000df0   0x08000df0   0x000000e0   Code   RO         1687    .text.LL_ADC_REG_ComCfg  tae32g58xx_ll_adc.o
    0x08000ed0   0x08000ed0   0x00000002   Code   RO         1745    .text.LL_ADC_Samp_Ch0ConvDoneCallback  tae32g58xx_ll_adc.o
    0x08000ed2   0x08000ed2   0x00000002   PAD
    0x08000ed4   0x08000ed4   0x00000002   Code   RO         1765    .text.LL_ADC_Samp_Ch10ConvDoneCallback  tae32g58xx_ll_adc.o
    0x08000ed6   0x08000ed6   0x00000002   PAD
    0x08000ed8   0x08000ed8   0x00000002   Code   RO         1767    .text.LL_ADC_Samp_Ch11ConvDoneCallback  tae32g58xx_ll_adc.o
    0x08000eda   0x08000eda   0x00000002   PAD
    0x08000edc   0x08000edc   0x00000002   Code   RO         1769    .text.LL_ADC_Samp_Ch12ConvDoneCallback  tae32g58xx_ll_adc.o
    0x08000ede   0x08000ede   0x00000002   PAD
    0x08000ee0   0x08000ee0   0x00000002   Code   RO         1771    .text.LL_ADC_Samp_Ch13ConvDoneCallback  tae32g58xx_ll_adc.o
    0x08000ee2   0x08000ee2   0x00000002   PAD
    0x08000ee4   0x08000ee4   0x00000002   Code   RO         1773    .text.LL_ADC_Samp_Ch14ConvDoneCallback  tae32g58xx_ll_adc.o
    0x08000ee6   0x08000ee6   0x00000002   PAD
    0x08000ee8   0x08000ee8   0x00000002   Code   RO         1775    .text.LL_ADC_Samp_Ch15ConvDoneCallback  tae32g58xx_ll_adc.o
    0x08000eea   0x08000eea   0x00000002   PAD
    0x08000eec   0x08000eec   0x00000002   Code   RO         1777    .text.LL_ADC_Samp_Ch16ConvDoneCallback  tae32g58xx_ll_adc.o
    0x08000eee   0x08000eee   0x00000002   PAD
    0x08000ef0   0x08000ef0   0x00000002   Code   RO         1779    .text.LL_ADC_Samp_Ch17ConvDoneCallback  tae32g58xx_ll_adc.o
    0x08000ef2   0x08000ef2   0x00000002   PAD
    0x08000ef4   0x08000ef4   0x00000002   Code   RO         1781    .text.LL_ADC_Samp_Ch18ConvDoneCallback  tae32g58xx_ll_adc.o
    0x08000ef6   0x08000ef6   0x00000002   PAD
    0x08000ef8   0x08000ef8   0x00000002   Code   RO         1783    .text.LL_ADC_Samp_Ch19ConvDoneCallback  tae32g58xx_ll_adc.o
    0x08000efa   0x08000efa   0x00000002   PAD
    0x08000efc   0x08000efc   0x00000002   Code   RO         1747    .text.LL_ADC_Samp_Ch1ConvDoneCallback  tae32g58xx_ll_adc.o
    0x08000efe   0x08000efe   0x00000002   PAD
    0x08000f00   0x08000f00   0x00000002   Code   RO         1749    .text.LL_ADC_Samp_Ch2ConvDoneCallback  tae32g58xx_ll_adc.o
    0x08000f02   0x08000f02   0x00000002   PAD
    0x08000f04   0x08000f04   0x00000002   Code   RO         1751    .text.LL_ADC_Samp_Ch3ConvDoneCallback  tae32g58xx_ll_adc.o
    0x08000f06   0x08000f06   0x00000002   PAD
    0x08000f08   0x08000f08   0x00000002   Code   RO         1753    .text.LL_ADC_Samp_Ch4ConvDoneCallback  tae32g58xx_ll_adc.o
    0x08000f0a   0x08000f0a   0x00000002   PAD
    0x08000f0c   0x08000f0c   0x00000002   Code   RO         1755    .text.LL_ADC_Samp_Ch5ConvDoneCallback  tae32g58xx_ll_adc.o
    0x08000f0e   0x08000f0e   0x00000002   PAD
    0x08000f10   0x08000f10   0x00000002   Code   RO         1757    .text.LL_ADC_Samp_Ch6ConvDoneCallback  tae32g58xx_ll_adc.o
    0x08000f12   0x08000f12   0x00000002   PAD
    0x08000f14   0x08000f14   0x00000002   Code   RO         1759    .text.LL_ADC_Samp_Ch7ConvDoneCallback  tae32g58xx_ll_adc.o
    0x08000f16   0x08000f16   0x00000002   PAD
    0x08000f18   0x08000f18   0x00000002   Code   RO         1761    .text.LL_ADC_Samp_Ch8ConvDoneCallback  tae32g58xx_ll_adc.o
    0x08000f1a   0x08000f1a   0x00000002   PAD
    0x08000f1c   0x08000f1c   0x00000002   Code   RO         1763    .text.LL_ADC_Samp_Ch9ConvDoneCallback  tae32g58xx_ll_adc.o
    0x08000f1e   0x08000f1e   0x00000002   PAD
    0x08000f20   0x08000f20   0x00000002   Code   RO         1733    .text.LL_ADC_Samp_ChConvDoneCallback  tae32g58xx_ll_adc.o
    0x08000f22   0x08000f22   0x00000002   PAD
    0x08000f24   0x08000f24   0x0000007a   Code   RO         1743    .text.LL_ADC_Samp_IRQHandler  tae32g58xx_ll_adc.o
    0x08000f9e   0x08000f9e   0x00000002   PAD
    0x08000fa0   0x08000fa0   0x00000102   Code   RO         1918    .text.LL_CMP_Init   tae32g58xx_ll_cmp.o
    0x080010a2   0x080010a2   0x00000002   PAD
    0x080010a4   0x080010a4   0x00000088   Code   RO           94    .text.LL_CMP_MspInit  cmp_app.o
    0x0800112c   0x0800112c   0x00000030   Code   RO         1926    .text.LL_CMP_Start  tae32g58xx_ll_cmp.o
    0x0800115c   0x0800115c   0x00000080   Code   RO         1883    .text.LL_DAC_Init   tae32g58xx_ll_dac.o
    0x080011dc   0x080011dc   0x00000040   Code   RO          108    .text.LL_DAC_MspInit  dac_app.o
    0x0800121c   0x0800121c   0x00000030   Code   RO         1895    .text.LL_DAC_Start  tae32g58xx_ll_dac.o
    0x0800124c   0x0800124c   0x00000032   Code   RO         1899    .text.LL_DAC_ValueSet  tae32g58xx_ll_dac.o
    0x0800127e   0x0800127e   0x00000002   PAD
    0x08001280   0x08001280   0x00000414   Code   RO          776    .text.LL_DMA_Init   tae32g58xx_ll_dma.o
    0x08001694   0x08001694   0x00000260   Code   RO          608    .text.LL_GPIO_Init  tae32g58xx_ll_gpio.o
    0x080018f4   0x080018f4   0x0000005c   Code   RO          614    .text.LL_GPIO_ReadPin  tae32g58xx_ll_gpio.o
    0x08001950   0x08001950   0x0000000c   Code   RO          243    .text.LL_GetTick    tae32g58xx_ll.o
    0x0800195c   0x0800195c   0x00000266   Code   RO         2036    .text.LL_HRPWM_Comm_ADCTrigCfg  tae32g58xx_ll_hrpwm.o
    0x08001bc2   0x08001bc2   0x00000002   PAD
    0x08001bc4   0x08001bc4   0x00000002   Code   RO         2156    .text.LL_HRPWM_Comm_BurstPrdCallback  tae32g58xx_ll_hrpwm.o
    0x08001bc6   0x08001bc6   0x00000002   PAD
    0x08001bc8   0x08001bc8   0x00000040   Code   RO         2078    .text.LL_HRPWM_Comm_DLL_Start  tae32g58xx_ll_hrpwm.o
    0x08001c08   0x08001c08   0x00000002   Code   RO         2140    .text.LL_HRPWM_Comm_Flt1Callback  tae32g58xx_ll_hrpwm.o
    0x08001c0a   0x08001c0a   0x00000002   PAD
    0x08001c0c   0x08001c0c   0x00000002   Code   RO         2142    .text.LL_HRPWM_Comm_Flt2Callback  tae32g58xx_ll_hrpwm.o
    0x08001c0e   0x08001c0e   0x00000002   PAD
    0x08001c10   0x08001c10   0x00000002   Code   RO         2146    .text.LL_HRPWM_Comm_Flt4Callback  tae32g58xx_ll_hrpwm.o
    0x08001c12   0x08001c12   0x00000002   PAD
    0x08001c14   0x08001c14   0x00000002   Code   RO         2148    .text.LL_HRPWM_Comm_Flt5Callback  tae32g58xx_ll_hrpwm.o
    0x08001c16   0x08001c16   0x00000002   PAD
    0x08001c18   0x08001c18   0x000001bc   Code   RO         2034    .text.LL_HRPWM_Comm_FltCfg  tae32g58xx_ll_hrpwm.o
    0x08001dd4   0x08001dd4   0x0000011a   Code   RO         2136    .text.LL_HRPWM_Comm_IRQHandler  tae32g58xx_ll_hrpwm.o
    0x08001eee   0x08001eee   0x00000002   PAD
    0x08001ef0   0x08001ef0   0x00000002   Code   RO         2154    .text.LL_HRPWM_Comm_SysFltCallback  tae32g58xx_ll_hrpwm.o
    0x08001ef2   0x08001ef2   0x00000002   PAD
    0x08001ef4   0x08001ef4   0x0000002c   Code   RO         1998    .text.LL_HRPWM_Init  tae32g58xx_ll_hrpwm.o
    0x08001f20   0x08001f20   0x00000074   Code   RO           25    .text.LL_HRPWM_MspInit  hrpwm_app.o
    0x08001f94   0x08001f94   0x0000009a   Code   RO         2016    .text.LL_HRPWM_RegUpd_Frc  tae32g58xx_ll_hrpwm.o
    0x0800202e   0x0800202e   0x00000002   PAD
    0x08002030   0x08002030   0x000001fc   Code   RO         2024    .text.LL_HRPWM_Slv_OutputCfg  tae32g58xx_ll_hrpwm.o
    0x0800222c   0x0800222c   0x00000260   Code   RO         2008    .text.LL_HRPWM_TmrBaseCfg  tae32g58xx_ll_hrpwm.o
    0x0800248c   0x0800248c   0x000001a0   Code   RO         2010    .text.LL_HRPWM_TmrCmpCfg  tae32g58xx_ll_hrpwm.o
    0x0800262c   0x0800262c   0x0000001a   Code   RO          241    .text.LL_IncTick    tae32g58xx_ll.o
    0x08002646   0x08002646   0x00000002   PAD
    0x08002648   0x08002648   0x00000030   Code   RO          231    .text.LL_Init       tae32g58xx_ll.o
    0x08002678   0x08002678   0x00000046   Code   RO          233    .text.LL_InitTick   tae32g58xx_ll.o
    0x080026be   0x080026be   0x00000002   PAD
    0x080026c0   0x080026c0   0x00000016   Code   RO          271    .text.LL_IsExtCfgEnGrp  tae32g58xx_ll.o
    0x080026d6   0x080026d6   0x00000002   PAD
    0x080026d8   0x080026d8   0x00000026   Code   RO          214    .text.LL_MspInit    tae32g58xx_ll_msp.o
    0x080026fe   0x080026fe   0x00000002   PAD
    0x08002700   0x08002700   0x00000034   Code   RO          293    .text.LL_NVIC_EnableIRQ  tae32g58xx_ll_cortex.o
    0x08002734   0x08002734   0x0000008a   Code   RO          289    .text.LL_NVIC_SetPriority  tae32g58xx_ll_cortex.o
    0x080027be   0x080027be   0x00000002   PAD
    0x080027c0   0x080027c0   0x00000036   Code   RO          285    .text.LL_NVIC_SetPriorityGrouping  tae32g58xx_ll_cortex.o
    0x080027f6   0x080027f6   0x00000002   PAD
    0x080027f8   0x080027f8   0x0000002e   Code   RO          518    .text.LL_RCU_ADC0_ClkEnRstRelease  tae32g58xx_ll_rcu.o
    0x08002826   0x08002826   0x00000002   PAD
    0x08002828   0x08002828   0x0000002e   Code   RO          522    .text.LL_RCU_ADC1_ClkEnRstRelease  tae32g58xx_ll_rcu.o
    0x08002856   0x08002856   0x00000002   PAD
    0x08002858   0x08002858   0x00000056   Code   RO          330    .text.LL_RCU_ADC_ClkCfg  tae32g58xx_ll_rcu.o
    0x080028ae   0x080028ae   0x00000002   PAD
    0x080028b0   0x080028b0   0x0000001e   Code   RO          344    .text.LL_RCU_APB0ClkGet  tae32g58xx_ll_rcu.o
    0x080028ce   0x080028ce   0x00000002   PAD
    0x080028d0   0x080028d0   0x0000001e   Code   RO          346    .text.LL_RCU_APB1ClkGet  tae32g58xx_ll_rcu.o
    0x080028ee   0x080028ee   0x00000002   PAD
    0x080028f0   0x080028f0   0x00000026   Code   RO          538    .text.LL_RCU_CMP_ClkEnRstRelease  tae32g58xx_ll_rcu.o
    0x08002916   0x08002916   0x00000002   PAD
    0x08002918   0x08002918   0x00000026   Code   RO          534    .text.LL_RCU_DAC_ClkEnRstRelease  tae32g58xx_ll_rcu.o
    0x0800293e   0x0800293e   0x00000002   PAD
    0x08002940   0x08002940   0x00000026   Code   RO          354    .text.LL_RCU_DMA_ClkEnRstRelease  tae32g58xx_ll_rcu.o
    0x08002966   0x08002966   0x00000002   PAD
    0x08002968   0x08002968   0x00000026   Code   RO          350    .text.LL_RCU_EFLASH_ClkEnRstRelease  tae32g58xx_ll_rcu.o
    0x0800298e   0x0800298e   0x00000002   PAD
    0x08002990   0x08002990   0x00000026   Code   RO          438    .text.LL_RCU_GPIOA_ClkEnRstRelease  tae32g58xx_ll_rcu.o
    0x080029b6   0x080029b6   0x00000002   PAD
    0x080029b8   0x080029b8   0x00000026   Code   RO          442    .text.LL_RCU_GPIOB_ClkEnRstRelease  tae32g58xx_ll_rcu.o
    0x080029de   0x080029de   0x00000002   PAD
    0x080029e0   0x080029e0   0x00000026   Code   RO          446    .text.LL_RCU_GPIOC_ClkEnRstRelease  tae32g58xx_ll_rcu.o
    0x08002a06   0x08002a06   0x00000002   PAD
    0x08002a08   0x08002a08   0x00000026   Code   RO          450    .text.LL_RCU_GPIOD_ClkEnRstRelease  tae32g58xx_ll_rcu.o
    0x08002a2e   0x08002a2e   0x00000002   PAD
    0x08002a30   0x08002a30   0x00000026   Code   RO          454    .text.LL_RCU_GPIOE_ClkEnRstRelease  tae32g58xx_ll_rcu.o
    0x08002a56   0x08002a56   0x00000002   PAD
    0x08002a58   0x08002a58   0x00000026   Code   RO          458    .text.LL_RCU_GPIOF_ClkEnRstRelease  tae32g58xx_ll_rcu.o
    0x08002a7e   0x08002a7e   0x00000002   PAD
    0x08002a80   0x08002a80   0x00000046   Code   RO          332    .text.LL_RCU_HRPWM_ClkCfg  tae32g58xx_ll_rcu.o
    0x08002ac6   0x08002ac6   0x00000002   PAD
    0x08002ac8   0x08002ac8   0x0000009e   Code   RO          542    .text.LL_RCU_HRPWM_ClkEnRstRelease  tae32g58xx_ll_rcu.o
    0x08002b66   0x08002b66   0x00000002   PAD
    0x08002b68   0x08002b68   0x000003e8   Code   RO          348    .text.LL_RCU_PLL0Cali  tae32g58xx_ll_rcu.o
    0x08002f50   0x08002f50   0x0000049c   Code   RO          328    .text.LL_RCU_Pll0Cfg  tae32g58xx_ll_rcu.o
    0x080033ec   0x080033ec   0x0000000c   Code   RO          340    .text.LL_RCU_SysclkGet  tae32g58xx_ll_rcu.o
    0x080033f8   0x080033f8   0x0000025c   Code   RO          326    .text.LL_RCU_SysclkInit  tae32g58xx_ll_rcu.o
    0x08003654   0x08003654   0x00000026   Code   RO          474    .text.LL_RCU_UART0_ClkEnRstRelease  tae32g58xx_ll_rcu.o
    0x0800367a   0x0800367a   0x00000002   PAD
    0x0800367c   0x0800367c   0x00000026   Code   RO          478    .text.LL_RCU_UART1_ClkEnRstRelease  tae32g58xx_ll_rcu.o
    0x080036a2   0x080036a2   0x00000002   PAD
    0x080036a4   0x080036a4   0x00000026   Code   RO          482    .text.LL_RCU_UART2_ClkEnRstRelease  tae32g58xx_ll_rcu.o
    0x080036ca   0x080036ca   0x00000002   PAD
    0x080036cc   0x080036cc   0x00000026   Code   RO          486    .text.LL_RCU_UART3_ClkEnRstRelease  tae32g58xx_ll_rcu.o
    0x080036f2   0x080036f2   0x00000002   PAD
    0x080036f4   0x080036f4   0x00000026   Code   RO          490    .text.LL_RCU_UART4_ClkEnRstRelease  tae32g58xx_ll_rcu.o
    0x0800371a   0x0800371a   0x00000002   PAD
    0x0800371c   0x0800371c   0x00000002   Code   RO          315    .text.LL_SYSTICK_Callback  tae32g58xx_ll_cortex.o
    0x0800371e   0x0800371e   0x00000002   PAD
    0x08003720   0x08003720   0x0000002c   Code   RO          311    .text.LL_SYSTICK_Config  tae32g58xx_ll_cortex.o
    0x0800374c   0x0800374c   0x00000004   Code   RO          313    .text.LL_SYSTICK_IRQHandler  tae32g58xx_ll_cortex.o
    0x08003750   0x08003750   0x000003ac   Code   RO          637    .text.LL_UART_Init  tae32g58xx_ll_uart.o
    0x08003afc   0x08003afc   0x00000166   Code   RO          218    .text.LL_UART_MspInit  tae32g58xx_ll_msp.o
    0x08003c62   0x08003c62   0x00000002   PAD
    0x08003c64   0x08003c64   0x00000002   Code   RO          188    .text.MemManage_Handler  tae32g58xx_it.o
    0x08003c66   0x08003c66   0x00000002   PAD
    0x08003c68   0x08003c68   0x00000002   Code   RO          184    .text.NMI_Handler   tae32g58xx_it.o
    0x08003c6a   0x08003c6a   0x00000002   PAD
    0x08003c6c   0x08003c6c   0x00000002   Code   RO          198    .text.PendSV_Handler  tae32g58xx_it.o
    0x08003c6e   0x08003c6e   0x00000002   PAD
    0x08003c70   0x08003c70   0x00000008   Code   RO         2169    .text.Reset_Handler  startup_tae32g58xx.o
    0x08003c78   0x08003c78   0x00000002   Code   RO          194    .text.SVC_Handler   tae32g58xx_it.o
    0x08003c7a   0x08003c7a   0x00000002   PAD
    0x08003c7c   0x08003c7c   0x0000000e   Code   RO          204    .text.SysTick_Handler  tae32g58xx_it.o
    0x08003c8a   0x08003c8a   0x00000002   PAD
    0x08003c8c   0x08003c8c   0x00000010   Code   RO         2183    .text.SystemCoreClockUpdate  system_tae32g58xx.o
    0x08003c9c   0x08003c9c   0x0000003a   Code   RO         2181    .text.SystemInit    system_tae32g58xx.o
    0x08003cd6   0x08003cd6   0x00000002   PAD
    0x08003cd8   0x08003cd8   0x00000002   Code   RO          192    .text.UsageFault_Handler  tae32g58xx_it.o
    0x08003cda   0x08003cda   0x00000002   PAD
    0x08003cdc   0x08003cdc   0x0000010c   Code   RO          124    .text.VOFA_Init     user_vofa.o
    0x08003de8   0x08003de8   0x00000196   Code   RO           60    .text.adc0_initial_app  adc_app.o
    0x08003f7e   0x08003f7e   0x00000002   PAD
    0x08003f80   0x08003f80   0x00000172   Code   RO           62    .text.adc1_initial_app  adc_app.o
    0x080040f2   0x080040f2   0x00000002   PAD
    0x080040f4   0x080040f4   0x0000000e   Code   RO           64    .text.adc_all_init  adc_app.o
    0x08004102   0x08004102   0x00000002   PAD
    0x08004104   0x08004104   0x0000002e   Code   RO           66    .text.adc_converter_start  adc_app.o
    0x08004132   0x08004132   0x00000002   PAD
    0x08004134   0x08004134   0x0000004c   Code   RO          173    .text.assert_failed  main.o
    0x08004180   0x08004180   0x0000006c   Code   RO           90    .text.cmp_app_init  cmp_app.o
    0x080041ec   0x080041ec   0x0000002c   Code   RO           92    .text.cmp_app_start  cmp_app.o
    0x08004218   0x08004218   0x0000007e   Code   RO          104    .text.dac_app_init  dac_app.o
    0x08004296   0x08004296   0x00000002   PAD
    0x08004298   0x08004298   0x0000002c   Code   RO          106    .text.dac_app_start  dac_app.o
    0x080042c4   0x080042c4   0x0000007e   Code   RO         2203    .text.fputc         user_debug.o
    0x08004342   0x08004342   0x00000002   PAD
    0x08004344   0x08004344   0x0000006e   Code   RO           81    .text.gpio_init_app  gpio_app.o
    0x080043b2   0x080043b2   0x00000002   PAD
    0x080043b4   0x080043b4   0x00000258   Code   RO            5    .text.hrpwm_app_config  hrpwm_app.o
    0x0800460c   0x0800460c   0x00000134   Code   RO           11    .text.hrpwm_app_inital  hrpwm_app.o
    0x08004740   0x08004740   0x00000012   Code   RO           21    .text.hrpwm_app_outdis  hrpwm_app.o
    0x08004752   0x08004752   0x00000002   PAD
    0x08004754   0x08004754   0x00000016   Code   RO            9    .text.hrpwm_app_start  hrpwm_app.o
    0x0800476a   0x0800476a   0x00000002   PAD
    0x0800476c   0x0800476c   0x00000012   Code   RO           13    .text.hrpwm_llc_output  hrpwm_app.o
    0x0800477e   0x0800477e   0x00000002   PAD
    0x08004780   0x08004780   0x000001c6   Code   RO           35    .text.llc_factors_initial  variables_define_app.o
    0x08004946   0x08004946   0x00000002   PAD
    0x08004948   0x08004948   0x0000016c   Code   RO          167    .text.main          main.o
    0x08004ab4   0x08004ab4   0x00000378   Code   RO         2230    .text.pwm_data_calc  llc_app.lib(llc_app.o)
    0x08004e2c   0x08004e2c   0x0000000a   Ven    RO         2608    Veneer$$Code        anon$$obj.o
    0x08004e36   0x08004e36   0x0000000a   Ven    RO         2609    Veneer$$Code        anon$$obj.o
    0x08004e40   0x08004e40   0x0000000a   Ven    RO         2610    Veneer$$Code        anon$$obj.o
    0x08004e4a   0x08004e4a   0x0000000a   Ven    RO         2611    Veneer$$Code        anon$$obj.o
    0x08004e54   0x08004e54   0x00000020   Code   RO         2467    i.__0printf$8       mc_w.l(printf8.o)
    0x08004e74   0x08004e74   0x0000000e   Code   RO         2602    i.__scatterload_copy  mc_w.l(handlers.o)
    0x08004e82   0x08004e82   0x00000002   Code   RO         2603    i.__scatterload_null  mc_w.l(handlers.o)
    0x08004e84   0x08004e84   0x0000000e   Code   RO         2604    i.__scatterload_zeroinit  mc_w.l(handlers.o)
    0x08004e92   0x08004e92   0x00000002   PAD
    0x08004e94   0x08004e94   0x00000410   Code   RO         2474    i._printf_core      mc_w.l(printf8.o)
    0x080052a4   0x080052a4   0x00000024   Code   RO         2475    i._printf_post_padding  mc_w.l(printf8.o)
    0x080052c8   0x080052c8   0x0000002e   Code   RO         2476    i._printf_pre_padding  mc_w.l(printf8.o)
    0x080052f6   0x080052f6   0x00000002   PAD
    0x080052f8   0x080052f8   0x00000024   Code   RO         2250    i.puts              mc_w.l(puts.o)
    0x0800531c   0x0800531c   0x00000050   Data   RO         1872    .rodata.ADC_Samp_ChxConvDoneCallback  tae32g58xx_ll_adc.o
    0x0800536c   0x0800536c   0x00000002   Data   RO         1871    .rodata.adc_ll_cfg_def  tae32g58xx_ll_adc.o
    0x0800536e   0x0800536e   0x00000002   PAD
    0x08005370   0x08005370   0x000002a0   Data   RO          599    .rodata.rcu_pll_cfg  tae32g58xx_ll_rcu.o
    0x08005610   0x08005610   0x00000023   Data   RO          222    .rodata.str1.1      tae32g58xx_ll_msp.o
    0x08005633   0x08005633   0x0000003e   Data   RO          317    .rodata.str1.1      tae32g58xx_ll_cortex.o
    0x08005671   0x08005671   0x000000b2   Data   RO          598    .rodata.str1.1      tae32g58xx_ll_rcu.o
    0x08005723   0x08005723   0x0000003c   Data   RO          628    .rodata.str1.1      tae32g58xx_ll_gpio.o
    0x0800575f   0x0800575f   0x000007eb   Data   RO          739    .rodata.str1.1      tae32g58xx_ll_uart.o
    0x08005f4a   0x08005f4a   0x00000095   Data   RO          798    .rodata.str1.1      tae32g58xx_ll_dma.o
    0x08005fdf   0x08005fdf   0x00000078   Data   RO         1870    .rodata.str1.1      tae32g58xx_ll_adc.o
    0x08006057   0x08006057   0x0000003b   Data   RO         1909    .rodata.str1.1      tae32g58xx_ll_dac.o
    0x08006092   0x08006092   0x00000047   Data   RO         1940    .rodata.str1.1      tae32g58xx_ll_cmp.o
    0x080060d9   0x080060d9   0x0000003d   Data   RO         2158    .rodata.str1.1      tae32g58xx_ll_hrpwm.o
    0x08006116   0x08006116   0x00000002   PAD
    0x08006118   0x08006118   0x00000030   Data   RO         2601    Region$$Table       anon$$obj.o


    Execution Region RW_CODE (Exec base: 0x10000000, Load base: 0x08006148, Size: 0x00001688, Max: 0x00008000, ABSOLUTE)

    Exec Addr    Load Addr    Size         Type   Attr      Idx    E Section Name        Object

    0x10000000   0x08006148   0x00000362   Code   RO           23    RAMCODE             hrpwm_app.o
    0x10000362   0x080064aa   0x00000002   PAD
    0x10000364   0x080064ac   0x000002cc   Code   RO           68    RAMCODE             adc_app.o
    0x10000630   0x08006778   0x0000002c   Code   RO          120    RAMCODE             user_vofa.o
    0x1000065c   0x080067a4   0x00000222   Code   RO          140    RAMCODE             pid_app.o
    0x1000087e   0x080069c6   0x00000002   PAD
    0x10000880   0x080069c8   0x000004dc   Code   RO          149    RAMCODE             protection_app.o
    0x10000d5c   0x08006ea4   0x00000060   Code   RO          200    RAMCODE             tae32g58xx_it.o
    0x10000dbc   0x08006f04   0x00000898   Code   RO         2228    RAMCODE             llc_app.lib(llc_app.o)
    0x10001654   0x0800779c   0x0000000a   Ven    RO         2612    Veneer$$Code        anon$$obj.o
    0x1000165e   0x080077a6   0x0000000a   Ven    RO         2613    Veneer$$Code        anon$$obj.o
    0x10001668   0x080077b0   0x0000000a   Ven    RO         2614    Veneer$$Code        anon$$obj.o
    0x10001672   0x080077ba   0x0000000a   Ven    RO         2615    Veneer$$Code        anon$$obj.o
    0x1000167c   0x080077c4   0x0000000a   Ven    RO         2616    Veneer$$Code        anon$$obj.o


    Execution Region RW_RAMA (Exec base: 0x20008000, Load base: 0x080077d0, Size: 0x00000718, Max: 0x00007c00, ABSOLUTE)

    Exec Addr    Load Addr    Size         Type   Attr      Idx    E Section Name        Object

    0x20008000   0x080077d0   0x00000008   Data   RW          276    .data..L_MergedGlobals  tae32g58xx_ll.o
    0x20008008   0x080077d8   0x00000004   Data   RW         2185    .data.SystemCoreClock  system_tae32g58xx.o
    0x2000800c        -       0x00000008   Zero   RW          151    .bss..L_MergedGlobals  protection_app.o
    0x20008014        -       0x0000000c   Zero   RW         2215    .bss..L_MergedGlobals  user_debug.o
    0x20008020        -       0x00000008   Zero   RW         2234    .bss..L_MergedGlobals  llc_app.lib(llc_app.o)
    0x20008028        -       0x00000054   Zero   RW         2213    .bss.__stdout       user_debug.o
    0x2000807c        -       0x00000002   Zero   RW           38    .bss.current_share_samp  variables_define_app.o
    0x2000807e   0x080077dc   0x00000002   PAD
    0x20008080        -       0x000000ac   Zero   RW          799    .bss.dma_pri_ctrl   tae32g58xx_ll_dma.o
    0x2000812c        -       0x00000020   Zero   RW          273    .bss.extCfgEnMask   tae32g58xx_ll.o
    0x2000814c        -       0x00000008   Zero   RW           45    .bss.feedback_data  variables_define_app.o
    0x20008154        -       0x000003d4   Zero   RW           37    .bss.llc            variables_define_app.o
    0x20008528        -       0x00000002   Zero   RW           44    .bss.llc_current_ref_samp  variables_define_app.o
    0x2000852a        -       0x00000002   Zero   RW           41    .bss.llc_current_samp  variables_define_app.o
    0x2000852c        -       0x00000002   Zero   RW           43    .bss.llc_voltage_samp  variables_define_app.o
    0x2000852e   0x080077dc   0x00000002   PAD
    0x20008530        -       0x00000014   Zero   RW           46    .bss.mpwm           variables_define_app.o
    0x20008544        -       0x00000014   Zero   RW           52    .bss.phase1_pwm5    variables_define_app.o
    0x20008558        -       0x00000014   Zero   RW           50    .bss.phase1_sr_pwm3  variables_define_app.o
    0x2000856c        -       0x00000014   Zero   RW           51    .bss.phase2_pwm4    variables_define_app.o
    0x20008580        -       0x00000014   Zero   RW           49    .bss.phase2_sr_pwm2  variables_define_app.o
    0x20008594        -       0x00000002   Zero   RW           39    .bss.primary_current1_samp  variables_define_app.o
    0x20008596        -       0x00000002   Zero   RW           40    .bss.primary_current2_samp  variables_define_app.o
    0x20008598        -       0x00000002   Zero   RW           42    .bss.temperature_samp  variables_define_app.o
    0x2000859a   0x080077dc   0x00000002   PAD
    0x2000859c        -       0x00000004   Zero   RW           72    .bss.tx_cnt         adc_app.o
    0x200085a0        -       0x00000070   Zero   RW          128    .bss.tx_vofa_data   user_vofa.o
    0x20008610        -       0x00000104   Zero   RW          740    .bss.uart_hdl_global  tae32g58xx_ll_uart.o
    0x20008714        -       0x00000004   Zero   RW          274    .bss.uwTick         tae32g58xx_ll.o


    Execution Region ARM_LIB_STACK (Exec base: 0x2000fc00, Load base: 0x080077dc, Size: 0x00000400, Max: 0x00000400, ABSOLUTE)

    Exec Addr    Load Addr    Size         Type   Attr      Idx    E Section Name        Object

    0x2000fc00        -       0x00000400   Zero   RW            1    ARM_LIB_STACK.bss   anon$$obj.o


    Execution Region RW_RAMB (Exec base: 0x20010000, Load base: 0x080077dc, Size: 0x00000000, Max: 0x00010000, ABSOLUTE)

    **** No section assigned to this execution region ****


==============================================================================

Image component sizes


      Code (inc. data)   RO Data    RW Data    ZI Data      Debug   Object Name

      1744         64          0          0          4      20785   adc_app.o
       288         34          0          0          0       7933   cmp_app.o
       234         24          0          0          0       2012   dac_app.o
       110          0          0          0          0       5974   gpio_app.o
      1948          0          0          0          0      25172   hrpwm_app.o
       440         44          0          0          0      14539   main.o
       546          4          0          0          0       1875   pid_app.o
      1244         52          0          0          8       3647   protection_app.o
        10          0        416          0          0        826   startup_tae32g58xx.o
        74          0          0          4          0       2245   system_tae32g58xx.o
       138          0          0          0          0       8199   tae32g58xx_it.o
       178          0          0          8         36       9171   tae32g58xx_ll.o
      1960        236        202          0          0      39651   tae32g58xx_ll_adc.o
       306          0         71          0          0       6140   tae32g58xx_ll_cmp.o
       294          0         62          0          0       9948   tae32g58xx_ll_cortex.o
       226          0         59          0          0       7817   tae32g58xx_ll_dac.o
      1044         48        149          0        172      14104   tae32g58xx_ll_dma.o
       700         80         60          0          0      12154   tae32g58xx_ll_gpio.o
      3146         12         61          0          0      55040   tae32g58xx_ll_hrpwm.o
       396          0         35          0          0      10021   tae32g58xx_ll_msp.o
      3832         96        850          0          0      32535   tae32g58xx_ll_rcu.o
       940         48       2027          0        260      39933   tae32g58xx_ll_uart.o
       126          0          0          0         96      13751   user_debug.o
       312          0          0          0        112      10910   user_vofa.o
       454          0          0          0       1102       4874   variables_define_app.o

    ----------------------------------------------------------------------
     20956        742       4044         12       2820     359256   Object Totals
        90          0         48          0       1024          0   (incl. Generated)
       176          0          4          0          6          0   (incl. Padding)

    ----------------------------------------------------------------------

      Code (inc. data)   RO Data    RW Data    ZI Data      Debug   Library Member Name

      3088         86          0          0          8       7994   llc_app.o
         0          0          0          0          0          0   entry.o
         0          0          0          0          0          0   entry10a.o
         0          0          0          0          0          0   entry11a.o
         8          4          0          0          0          0   entry4.o
         4          0          0          0          0          0   entry5.o
         0          0          0          0          0          0   entry7b.o
         0          0          0          0          0          0   entry8b.o
         8          4          0          0          0          0   entry9a.o
        30          0          0          0          0          0   handlers.o
        48         10          0          0          0         68   init.o
         0          0          0          0          0          0   iusefp.o
        30          0          0          0          0         68   llshl.o
        36          0          0          0          0         68   llsshr.o
        32          0          0          0          0         68   llushr.o
        36          0          0          0          0        108   memseta.o
      1154         54          0          0          0        352   printf8.o
        36          6          0          0          0         80   puts.o
        98          0          0          0          0         92   uldiv.o
       334          0          0          0          0        148   dadd.o
       222          0          0          0          0        100   ddiv.o
       186          0          0          0          0        176   depilogue.o
        62          0          0          0          0         80   dfixi.o
        26          0          0          0          0         76   dfltui.o
       228          0          0          0          0         96   dmul.o

    ----------------------------------------------------------------------
      5672        164          0          0          8       9574   Library Totals
         6          0          0          0          0          0   (incl. Padding)

    ----------------------------------------------------------------------

      Code (inc. data)   RO Data    RW Data    ZI Data      Debug   Library Name

      3088         86          0          0          8       7994   llc_app.lib
      1520         78          0          0          0        904   mc_w.l
      1058          0          0          0          0        676   mf_w.l

    ----------------------------------------------------------------------
      5672        164          0          0          8       9574   Library Totals

    ----------------------------------------------------------------------

==============================================================================


      Code (inc. data)   RO Data    RW Data    ZI Data      Debug   

     26628        906       4044         12       2828     367754   Grand Totals
     26628        906       4044         12       2828     367754   ELF Image Totals
     26628        906       4044         12          0          0   ROM Totals

==============================================================================

    Total RO  Size (Code + RO Data)                30672 (  29.95kB)
    Total RW  Size (RW Data + ZI Data)              2840 (   2.77kB)
    Total ROM Size (Code + RO Data + RW Data)      30684 (  29.96kB)

==============================================================================

