<!doctype html public "-//w3c//dtd html 4.0 transitional//en">
<html><head>
<title>Static Call Graph - [.\FLASH\Objects\ProjectTemplate.axf]</title></head>
<body><HR>
<H1>Static Call Graph for image .\FLASH\Objects\ProjectTemplate.axf</H1><HR>
<BR><P>#&#060CALLGRAPH&#062# ARM Linker, 6240002: Last Updated: Sat Mar 21 15:57:53 2026
<BR><P>
<H3>Maximum Stack Usage =        392 bytes + Unknown(Cycles, Untraceable Function Pointers)</H3><H3>
Call chain for Maximum Stack Depth:</H3>
main &rArr; hrpwm_app_inital &rArr; hrpwm_app_config &rArr; LL_HRPWM_Init &rArr; LL_HRPWM_MspInit &rArr; LL_GPIO_Init &rArr; assert_failed &rArr; __2printf
<P>
<H3>
Mutually Recursive functions
</H3> <LI><a href="#[4]">BusFault_Handler</a>&nbsp;&nbsp;&nbsp;&rArr;&nbsp;&nbsp;&nbsp;<a href="#[4]">BusFault_Handler</a><BR>
 <LI><a href="#[4d]">ADC0_FULL_IRQHandler</a>&nbsp;&nbsp;&nbsp;&rArr;&nbsp;&nbsp;&nbsp;<a href="#[4d]">ADC0_FULL_IRQHandler</a><BR>
 <LI><a href="#[2]">HardFault_Handler</a>&nbsp;&nbsp;&nbsp;&rArr;&nbsp;&nbsp;&nbsp;<a href="#[2]">HardFault_Handler</a><BR>
 <LI><a href="#[3]">MemManage_Handler</a>&nbsp;&nbsp;&nbsp;&rArr;&nbsp;&nbsp;&nbsp;<a href="#[3]">MemManage_Handler</a><BR>
 <LI><a href="#[5]">UsageFault_Handler</a>&nbsp;&nbsp;&nbsp;&rArr;&nbsp;&nbsp;&nbsp;<a href="#[5]">UsageFault_Handler</a><BR>
</UL>
<P>
<H3>
Function Pointers
</H3><UL>
 <LI><a href="#[4d]">ADC0_FULL_IRQHandler</a> from startup_tae32g58xx.o(.text.Default_Handler) referenced from startup_tae32g58xx.o(RESET)
 <LI><a href="#[4c]">ADC0_HALF_IRQHandler</a> from startup_tae32g58xx.o(.text.Default_Handler) referenced from startup_tae32g58xx.o(RESET)
 <LI><a href="#[4a]">ADC0_NORM_IRQHandler</a> from startup_tae32g58xx.o(.text.Default_Handler) referenced from startup_tae32g58xx.o(RESET)
 <LI><a href="#[4b]">ADC0_SAMP_IRQHandler</a> from startup_tae32g58xx.o(.text.Default_Handler) referenced from startup_tae32g58xx.o(RESET)
 <LI><a href="#[51]">ADC1_FULL_IRQHandler</a> from startup_tae32g58xx.o(.text.Default_Handler) referenced from startup_tae32g58xx.o(RESET)
 <LI><a href="#[50]">ADC1_HALF_IRQHandler</a> from startup_tae32g58xx.o(.text.Default_Handler) referenced from startup_tae32g58xx.o(RESET)
 <LI><a href="#[4e]">ADC1_NORM_IRQHandler</a> from tae32g58xx_it.o(RAMCODE) referenced from startup_tae32g58xx.o(RESET)
 <LI><a href="#[4f]">ADC1_SAMP_IRQHandler</a> from tae32g58xx_it.o(.text.ADC1_SAMP_IRQHandler) referenced from startup_tae32g58xx.o(RESET)
 <LI><a href="#[55]">ADC2_FULL_IRQHandler</a> from startup_tae32g58xx.o(.text.Default_Handler) referenced from startup_tae32g58xx.o(RESET)
 <LI><a href="#[54]">ADC2_HALF_IRQHandler</a> from startup_tae32g58xx.o(.text.Default_Handler) referenced from startup_tae32g58xx.o(RESET)
 <LI><a href="#[52]">ADC2_NORM_IRQHandler</a> from startup_tae32g58xx.o(.text.Default_Handler) referenced from startup_tae32g58xx.o(RESET)
 <LI><a href="#[53]">ADC2_SAMP_IRQHandler</a> from startup_tae32g58xx.o(.text.Default_Handler) referenced from startup_tae32g58xx.o(RESET)
 <LI><a href="#[59]">ADC3_FULL_IRQHandler</a> from startup_tae32g58xx.o(.text.Default_Handler) referenced from startup_tae32g58xx.o(RESET)
 <LI><a href="#[58]">ADC3_HALF_IRQHandler</a> from startup_tae32g58xx.o(.text.Default_Handler) referenced from startup_tae32g58xx.o(RESET)
 <LI><a href="#[56]">ADC3_NORM_IRQHandler</a> from startup_tae32g58xx.o(.text.Default_Handler) referenced from startup_tae32g58xx.o(RESET)
 <LI><a href="#[57]">ADC3_SAMP_IRQHandler</a> from startup_tae32g58xx.o(.text.Default_Handler) referenced from startup_tae32g58xx.o(RESET)
 <LI><a href="#[4]">BusFault_Handler</a> from tae32g58xx_it.o(.text.BusFault_Handler) referenced from startup_tae32g58xx.o(RESET)
 <LI><a href="#[5f]">CAN0_INT1_IRQHandler</a> from startup_tae32g58xx.o(.text.Default_Handler) referenced from startup_tae32g58xx.o(RESET)
 <LI><a href="#[14]">CAN0_IRQHandler</a> from startup_tae32g58xx.o(.text.Default_Handler) referenced from startup_tae32g58xx.o(RESET)
 <LI><a href="#[60]">CAN1_INT1_IRQHandler</a> from startup_tae32g58xx.o(.text.Default_Handler) referenced from startup_tae32g58xx.o(RESET)
 <LI><a href="#[15]">CAN1_IRQHandler</a> from startup_tae32g58xx.o(.text.Default_Handler) referenced from startup_tae32g58xx.o(RESET)
 <LI><a href="#[3d]">CMPG0_IRQHandler</a> from startup_tae32g58xx.o(.text.Default_Handler) referenced from startup_tae32g58xx.o(RESET)
 <LI><a href="#[3e]">CMPG1_IRQHandler</a> from startup_tae32g58xx.o(.text.Default_Handler) referenced from startup_tae32g58xx.o(RESET)
 <LI><a href="#[3f]">CMPG2_IRQHandler</a> from startup_tae32g58xx.o(.text.Default_Handler) referenced from startup_tae32g58xx.o(RESET)
 <LI><a href="#[3c]">CORDIC_IRQHandler</a> from startup_tae32g58xx.o(.text.Default_Handler) referenced from startup_tae32g58xx.o(RESET)
 <LI><a href="#[1d]">DMA_CH0_IRQHandler</a> from startup_tae32g58xx.o(.text.Default_Handler) referenced from startup_tae32g58xx.o(RESET)
 <LI><a href="#[1e]">DMA_CH1_IRQHandler</a> from startup_tae32g58xx.o(.text.Default_Handler) referenced from startup_tae32g58xx.o(RESET)
 <LI><a href="#[1f]">DMA_CH2_IRQHandler</a> from startup_tae32g58xx.o(.text.Default_Handler) referenced from startup_tae32g58xx.o(RESET)
 <LI><a href="#[20]">DMA_CH3_IRQHandler</a> from startup_tae32g58xx.o(.text.Default_Handler) referenced from startup_tae32g58xx.o(RESET)
 <LI><a href="#[21]">DMA_CH4_IRQHandler</a> from startup_tae32g58xx.o(.text.Default_Handler) referenced from startup_tae32g58xx.o(RESET)
 <LI><a href="#[22]">DMA_CH5_IRQHandler</a> from startup_tae32g58xx.o(.text.Default_Handler) referenced from startup_tae32g58xx.o(RESET)
 <LI><a href="#[7]">DebugMon_Handler</a> from tae32g58xx_it.o(.text.DebugMon_Handler) referenced from startup_tae32g58xx.o(RESET)
 <LI><a href="#[3a]">EFLASH_IRQHandler</a> from startup_tae32g58xx.o(.text.Default_Handler) referenced from startup_tae32g58xx.o(RESET)
 <LI><a href="#[34]">GPIOA_IRQHandler</a> from startup_tae32g58xx.o(.text.Default_Handler) referenced from startup_tae32g58xx.o(RESET)
 <LI><a href="#[35]">GPIOB_IRQHandler</a> from startup_tae32g58xx.o(.text.Default_Handler) referenced from startup_tae32g58xx.o(RESET)
 <LI><a href="#[36]">GPIOC_IRQHandler</a> from startup_tae32g58xx.o(.text.Default_Handler) referenced from startup_tae32g58xx.o(RESET)
 <LI><a href="#[37]">GPIOD_IRQHandler</a> from startup_tae32g58xx.o(.text.Default_Handler) referenced from startup_tae32g58xx.o(RESET)
 <LI><a href="#[38]">GPIOE_IRQHandler</a> from startup_tae32g58xx.o(.text.Default_Handler) referenced from startup_tae32g58xx.o(RESET)
 <LI><a href="#[39]">GPIOF_IRQHandler</a> from startup_tae32g58xx.o(.text.Default_Handler) referenced from startup_tae32g58xx.o(RESET)
 <LI><a href="#[49]">HRPWM_COMM_IRQHandler</a> from tae32g58xx_it.o(RAMCODE) referenced from startup_tae32g58xx.o(RESET)
 <LI><a href="#[40]">HRPWM_MST_IRQHandler</a> from tae32g58xx_it.o(RAMCODE) referenced from startup_tae32g58xx.o(RESET)
 <LI><a href="#[41]">HRPWM_SLV0_IRQHandler</a> from startup_tae32g58xx.o(.text.Default_Handler) referenced from startup_tae32g58xx.o(RESET)
 <LI><a href="#[42]">HRPWM_SLV1_IRQHandler</a> from startup_tae32g58xx.o(.text.Default_Handler) referenced from startup_tae32g58xx.o(RESET)
 <LI><a href="#[43]">HRPWM_SLV2_IRQHandler</a> from startup_tae32g58xx.o(.text.Default_Handler) referenced from startup_tae32g58xx.o(RESET)
 <LI><a href="#[44]">HRPWM_SLV3_IRQHandler</a> from startup_tae32g58xx.o(.text.Default_Handler) referenced from startup_tae32g58xx.o(RESET)
 <LI><a href="#[45]">HRPWM_SLV4_IRQHandler</a> from startup_tae32g58xx.o(.text.Default_Handler) referenced from startup_tae32g58xx.o(RESET)
 <LI><a href="#[46]">HRPWM_SLV5_IRQHandler</a> from startup_tae32g58xx.o(.text.Default_Handler) referenced from startup_tae32g58xx.o(RESET)
 <LI><a href="#[47]">HRPWM_SLV6_IRQHandler</a> from startup_tae32g58xx.o(.text.Default_Handler) referenced from startup_tae32g58xx.o(RESET)
 <LI><a href="#[48]">HRPWM_SLV7_IRQHandler</a> from startup_tae32g58xx.o(.text.Default_Handler) referenced from startup_tae32g58xx.o(RESET)
 <LI><a href="#[2]">HardFault_Handler</a> from tae32g58xx_it.o(.text.HardFault_Handler) referenced from startup_tae32g58xx.o(RESET)
 <LI><a href="#[a]">I2C0_IRQHandler</a> from startup_tae32g58xx.o(.text.Default_Handler) referenced from startup_tae32g58xx.o(RESET)
 <LI><a href="#[b]">I2C1_IRQHandler</a> from startup_tae32g58xx.o(.text.Default_Handler) referenced from startup_tae32g58xx.o(RESET)
 <LI><a href="#[c]">I2C2_IRQHandler</a> from startup_tae32g58xx.o(.text.Default_Handler) referenced from startup_tae32g58xx.o(RESET)
 <LI><a href="#[3b]">IIR_IRQHandler</a> from startup_tae32g58xx.o(.text.Default_Handler) referenced from startup_tae32g58xx.o(RESET)
 <LI><a href="#[32]">IWDG_IRQHandler</a> from startup_tae32g58xx.o(.text.Default_Handler) referenced from startup_tae32g58xx.o(RESET)
 <LI><a href="#[64]">LL_ADC_Samp_Ch0ConvDoneCallback</a> from tae32g58xx_ll_adc.o(.text.LL_ADC_Samp_Ch0ConvDoneCallback) referenced from tae32g58xx_ll_adc.o(.rodata.ADC_Samp_ChxConvDoneCallback)
 <LI><a href="#[6e]">LL_ADC_Samp_Ch10ConvDoneCallback</a> from tae32g58xx_ll_adc.o(.text.LL_ADC_Samp_Ch10ConvDoneCallback) referenced from tae32g58xx_ll_adc.o(.rodata.ADC_Samp_ChxConvDoneCallback)
 <LI><a href="#[6f]">LL_ADC_Samp_Ch11ConvDoneCallback</a> from tae32g58xx_ll_adc.o(.text.LL_ADC_Samp_Ch11ConvDoneCallback) referenced from tae32g58xx_ll_adc.o(.rodata.ADC_Samp_ChxConvDoneCallback)
 <LI><a href="#[70]">LL_ADC_Samp_Ch12ConvDoneCallback</a> from tae32g58xx_ll_adc.o(.text.LL_ADC_Samp_Ch12ConvDoneCallback) referenced from tae32g58xx_ll_adc.o(.rodata.ADC_Samp_ChxConvDoneCallback)
 <LI><a href="#[71]">LL_ADC_Samp_Ch13ConvDoneCallback</a> from tae32g58xx_ll_adc.o(.text.LL_ADC_Samp_Ch13ConvDoneCallback) referenced from tae32g58xx_ll_adc.o(.rodata.ADC_Samp_ChxConvDoneCallback)
 <LI><a href="#[72]">LL_ADC_Samp_Ch14ConvDoneCallback</a> from tae32g58xx_ll_adc.o(.text.LL_ADC_Samp_Ch14ConvDoneCallback) referenced from tae32g58xx_ll_adc.o(.rodata.ADC_Samp_ChxConvDoneCallback)
 <LI><a href="#[73]">LL_ADC_Samp_Ch15ConvDoneCallback</a> from tae32g58xx_ll_adc.o(.text.LL_ADC_Samp_Ch15ConvDoneCallback) referenced from tae32g58xx_ll_adc.o(.rodata.ADC_Samp_ChxConvDoneCallback)
 <LI><a href="#[74]">LL_ADC_Samp_Ch16ConvDoneCallback</a> from tae32g58xx_ll_adc.o(.text.LL_ADC_Samp_Ch16ConvDoneCallback) referenced from tae32g58xx_ll_adc.o(.rodata.ADC_Samp_ChxConvDoneCallback)
 <LI><a href="#[75]">LL_ADC_Samp_Ch17ConvDoneCallback</a> from tae32g58xx_ll_adc.o(.text.LL_ADC_Samp_Ch17ConvDoneCallback) referenced from tae32g58xx_ll_adc.o(.rodata.ADC_Samp_ChxConvDoneCallback)
 <LI><a href="#[76]">LL_ADC_Samp_Ch18ConvDoneCallback</a> from tae32g58xx_ll_adc.o(.text.LL_ADC_Samp_Ch18ConvDoneCallback) referenced from tae32g58xx_ll_adc.o(.rodata.ADC_Samp_ChxConvDoneCallback)
 <LI><a href="#[77]">LL_ADC_Samp_Ch19ConvDoneCallback</a> from tae32g58xx_ll_adc.o(.text.LL_ADC_Samp_Ch19ConvDoneCallback) referenced from tae32g58xx_ll_adc.o(.rodata.ADC_Samp_ChxConvDoneCallback)
 <LI><a href="#[65]">LL_ADC_Samp_Ch1ConvDoneCallback</a> from tae32g58xx_ll_adc.o(.text.LL_ADC_Samp_Ch1ConvDoneCallback) referenced from tae32g58xx_ll_adc.o(.rodata.ADC_Samp_ChxConvDoneCallback)
 <LI><a href="#[66]">LL_ADC_Samp_Ch2ConvDoneCallback</a> from tae32g58xx_ll_adc.o(.text.LL_ADC_Samp_Ch2ConvDoneCallback) referenced from tae32g58xx_ll_adc.o(.rodata.ADC_Samp_ChxConvDoneCallback)
 <LI><a href="#[67]">LL_ADC_Samp_Ch3ConvDoneCallback</a> from tae32g58xx_ll_adc.o(.text.LL_ADC_Samp_Ch3ConvDoneCallback) referenced from tae32g58xx_ll_adc.o(.rodata.ADC_Samp_ChxConvDoneCallback)
 <LI><a href="#[68]">LL_ADC_Samp_Ch4ConvDoneCallback</a> from tae32g58xx_ll_adc.o(.text.LL_ADC_Samp_Ch4ConvDoneCallback) referenced from tae32g58xx_ll_adc.o(.rodata.ADC_Samp_ChxConvDoneCallback)
 <LI><a href="#[69]">LL_ADC_Samp_Ch5ConvDoneCallback</a> from tae32g58xx_ll_adc.o(.text.LL_ADC_Samp_Ch5ConvDoneCallback) referenced from tae32g58xx_ll_adc.o(.rodata.ADC_Samp_ChxConvDoneCallback)
 <LI><a href="#[6a]">LL_ADC_Samp_Ch6ConvDoneCallback</a> from tae32g58xx_ll_adc.o(.text.LL_ADC_Samp_Ch6ConvDoneCallback) referenced from tae32g58xx_ll_adc.o(.rodata.ADC_Samp_ChxConvDoneCallback)
 <LI><a href="#[6b]">LL_ADC_Samp_Ch7ConvDoneCallback</a> from tae32g58xx_ll_adc.o(.text.LL_ADC_Samp_Ch7ConvDoneCallback) referenced from tae32g58xx_ll_adc.o(.rodata.ADC_Samp_ChxConvDoneCallback)
 <LI><a href="#[6c]">LL_ADC_Samp_Ch8ConvDoneCallback</a> from tae32g58xx_ll_adc.o(.text.LL_ADC_Samp_Ch8ConvDoneCallback) referenced from tae32g58xx_ll_adc.o(.rodata.ADC_Samp_ChxConvDoneCallback)
 <LI><a href="#[6d]">LL_ADC_Samp_Ch9ConvDoneCallback</a> from tae32g58xx_ll_adc.o(.text.LL_ADC_Samp_Ch9ConvDoneCallback) referenced from tae32g58xx_ll_adc.o(.rodata.ADC_Samp_ChxConvDoneCallback)
 <LI><a href="#[3]">MemManage_Handler</a> from tae32g58xx_it.o(.text.MemManage_Handler) referenced from startup_tae32g58xx.o(RESET)
 <LI><a href="#[1]">NMI_Handler</a> from tae32g58xx_it.o(.text.NMI_Handler) referenced from startup_tae32g58xx.o(RESET)
 <LI><a href="#[16]">PDM0_IRQHandler</a> from startup_tae32g58xx.o(.text.Default_Handler) referenced from startup_tae32g58xx.o(RESET)
 <LI><a href="#[17]">PDM1_IRQHandler</a> from startup_tae32g58xx.o(.text.Default_Handler) referenced from startup_tae32g58xx.o(RESET)
 <LI><a href="#[18]">PDM2_IRQHandler</a> from startup_tae32g58xx.o(.text.Default_Handler) referenced from startup_tae32g58xx.o(RESET)
 <LI><a href="#[19]">PDM3_IRQHandler</a> from startup_tae32g58xx.o(.text.Default_Handler) referenced from startup_tae32g58xx.o(RESET)
 <LI><a href="#[5a]">PMU_IRQHandler</a> from startup_tae32g58xx.o(.text.Default_Handler) referenced from startup_tae32g58xx.o(RESET)
 <LI><a href="#[8]">PendSV_Handler</a> from tae32g58xx_it.o(.text.PendSV_Handler) referenced from startup_tae32g58xx.o(RESET)
 <LI><a href="#[1a]">QEI0_IRQHandler</a> from startup_tae32g58xx.o(.text.Default_Handler) referenced from startup_tae32g58xx.o(RESET)
 <LI><a href="#[1b]">QEI1_IRQHandler</a> from startup_tae32g58xx.o(.text.Default_Handler) referenced from startup_tae32g58xx.o(RESET)
 <LI><a href="#[1c]">QEI2_IRQHandler</a> from startup_tae32g58xx.o(.text.Default_Handler) referenced from startup_tae32g58xx.o(RESET)
 <LI><a href="#[0]">Reset_Handler</a> from startup_tae32g58xx.o(.text.Reset_Handler) referenced from startup_tae32g58xx.o(RESET)
 <LI><a href="#[12]">SPI0_IRQHandler</a> from startup_tae32g58xx.o(.text.Default_Handler) referenced from startup_tae32g58xx.o(RESET)
 <LI><a href="#[13]">SPI1_IRQHandler</a> from startup_tae32g58xx.o(.text.Default_Handler) referenced from startup_tae32g58xx.o(RESET)
 <LI><a href="#[6]">SVC_Handler</a> from tae32g58xx_it.o(.text.SVC_Handler) referenced from startup_tae32g58xx.o(RESET)
 <LI><a href="#[9]">SysTick_Handler</a> from tae32g58xx_it.o(.text.SysTick_Handler) referenced from startup_tae32g58xx.o(RESET)
 <LI><a href="#[25]">TMR0_IRQHandler</a> from startup_tae32g58xx.o(.text.Default_Handler) referenced from startup_tae32g58xx.o(RESET)
 <LI><a href="#[2e]">TMR10_BRK_IRQHandler</a> from startup_tae32g58xx.o(.text.Default_Handler) referenced from startup_tae32g58xx.o(RESET)
 <LI><a href="#[31]">TMR10_CC_IRQHandler</a> from startup_tae32g58xx.o(.text.Default_Handler) referenced from startup_tae32g58xx.o(RESET)
 <LI><a href="#[30]">TMR10_TRG_IRQHandler</a> from startup_tae32g58xx.o(.text.Default_Handler) referenced from startup_tae32g58xx.o(RESET)
 <LI><a href="#[2f]">TMR10_UPD_IRQHandler</a> from startup_tae32g58xx.o(.text.Default_Handler) referenced from startup_tae32g58xx.o(RESET)
 <LI><a href="#[26]">TMR1_IRQHandler</a> from startup_tae32g58xx.o(.text.Default_Handler) referenced from startup_tae32g58xx.o(RESET)
 <LI><a href="#[27]">TMR2_IRQHandler</a> from startup_tae32g58xx.o(.text.Default_Handler) referenced from startup_tae32g58xx.o(RESET)
 <LI><a href="#[28]">TMR3_IRQHandler</a> from startup_tae32g58xx.o(.text.Default_Handler) referenced from startup_tae32g58xx.o(RESET)
 <LI><a href="#[29]">TMR4_IRQHandler</a> from startup_tae32g58xx.o(.text.Default_Handler) referenced from startup_tae32g58xx.o(RESET)
 <LI><a href="#[61]">TMR6_IRQHandler</a> from startup_tae32g58xx.o(.text.Default_Handler) referenced from startup_tae32g58xx.o(RESET)
 <LI><a href="#[23]">TMR7_IRQHandler</a> from startup_tae32g58xx.o(.text.Default_Handler) referenced from startup_tae32g58xx.o(RESET)
 <LI><a href="#[24]">TMR8_IRQHandler</a> from startup_tae32g58xx.o(.text.Default_Handler) referenced from startup_tae32g58xx.o(RESET)
 <LI><a href="#[2a]">TMR9_BRK_IRQHandler</a> from startup_tae32g58xx.o(.text.Default_Handler) referenced from startup_tae32g58xx.o(RESET)
 <LI><a href="#[2d]">TMR9_CC_IRQHandler</a> from startup_tae32g58xx.o(.text.Default_Handler) referenced from startup_tae32g58xx.o(RESET)
 <LI><a href="#[2c]">TMR9_TRG_IRQHandler</a> from startup_tae32g58xx.o(.text.Default_Handler) referenced from startup_tae32g58xx.o(RESET)
 <LI><a href="#[2b]">TMR9_UPD_IRQHandler</a> from startup_tae32g58xx.o(.text.Default_Handler) referenced from startup_tae32g58xx.o(RESET)
 <LI><a href="#[d]">UART0_IRQHandler</a> from startup_tae32g58xx.o(.text.Default_Handler) referenced from startup_tae32g58xx.o(RESET)
 <LI><a href="#[e]">UART1_IRQHandler</a> from startup_tae32g58xx.o(.text.Default_Handler) referenced from startup_tae32g58xx.o(RESET)
 <LI><a href="#[f]">UART2_IRQHandler</a> from startup_tae32g58xx.o(.text.Default_Handler) referenced from startup_tae32g58xx.o(RESET)
 <LI><a href="#[10]">UART3_IRQHandler</a> from startup_tae32g58xx.o(.text.Default_Handler) referenced from startup_tae32g58xx.o(RESET)
 <LI><a href="#[11]">UART4_IRQHandler</a> from startup_tae32g58xx.o(.text.Default_Handler) referenced from startup_tae32g58xx.o(RESET)
 <LI><a href="#[5c]">USB_DET_IRQHandler</a> from startup_tae32g58xx.o(.text.Default_Handler) referenced from startup_tae32g58xx.o(RESET)
 <LI><a href="#[5d]">USB_EP_IRQHandler</a> from startup_tae32g58xx.o(.text.Default_Handler) referenced from startup_tae32g58xx.o(RESET)
 <LI><a href="#[5b]">USB_PWR_IRQHandler</a> from startup_tae32g58xx.o(.text.Default_Handler) referenced from startup_tae32g58xx.o(RESET)
 <LI><a href="#[5]">UsageFault_Handler</a> from tae32g58xx_it.o(.text.UsageFault_Handler) referenced from startup_tae32g58xx.o(RESET)
 <LI><a href="#[33]">WWDG_IRQHandler</a> from startup_tae32g58xx.o(.text.Default_Handler) referenced from startup_tae32g58xx.o(RESET)
 <LI><a href="#[5e]">XIF_IRQHandler</a> from startup_tae32g58xx.o(.text.Default_Handler) referenced from startup_tae32g58xx.o(RESET)
 <LI><a href="#[63]">fputc</a> from user_debug.o(.text.fputc) referenced from printf8.o(i.__0printf$8)
 <LI><a href="#[62]">main</a> from main.o(.text.main) referenced from entry9a.o(.ARM.Collect$$$$0000000B)
</UL>
<P>
<H3>
Global Symbols
</H3>
<P><STRONG><a name="[78]"></a>__main</STRONG> (Thumb, 0 bytes, Stack size unknown bytes, entry.o(.ARM.Collect$$$$00000000))
<BR><BR>[Called By]<UL><LI><a href="#[0]">&gt;&gt;</a>&nbsp;&nbsp;&nbsp;Reset_Handler
</UL>

<P><STRONG><a name="[109]"></a>_main_stk</STRONG> (Thumb, 0 bytes, Stack size unknown bytes, entry4.o(.ARM.Collect$$$$00000003))

<P><STRONG><a name="[79]"></a>_main_scatterload</STRONG> (Thumb, 0 bytes, Stack size unknown bytes, entry5.o(.ARM.Collect$$$$00000004))
<BR><BR>[Calls]<UL><LI><a href="#[7a]">&gt;&gt;</a>&nbsp;&nbsp;&nbsp;__scatterload
</UL>

<P><STRONG><a name="[8b]"></a>__main_after_scatterload</STRONG> (Thumb, 0 bytes, Stack size unknown bytes, entry5.o(.ARM.Collect$$$$00000004))
<BR><BR>[Called By]<UL><LI><a href="#[7a]">&gt;&gt;</a>&nbsp;&nbsp;&nbsp;__scatterload
</UL>

<P><STRONG><a name="[10a]"></a>_main_clock</STRONG> (Thumb, 0 bytes, Stack size unknown bytes, entry7b.o(.ARM.Collect$$$$00000008))

<P><STRONG><a name="[10b]"></a>_main_cpp_init</STRONG> (Thumb, 0 bytes, Stack size unknown bytes, entry8b.o(.ARM.Collect$$$$0000000A))

<P><STRONG><a name="[10c]"></a>_main_init</STRONG> (Thumb, 0 bytes, Stack size unknown bytes, entry9a.o(.ARM.Collect$$$$0000000B))

<P><STRONG><a name="[10d]"></a>__rt_final_cpp</STRONG> (Thumb, 0 bytes, Stack size unknown bytes, entry10a.o(.ARM.Collect$$$$0000000D))

<P><STRONG><a name="[10e]"></a>__rt_final_exit</STRONG> (Thumb, 0 bytes, Stack size unknown bytes, entry11a.o(.ARM.Collect$$$$0000000F))

<P><STRONG><a name="[7c]"></a>__aeabi_memset</STRONG> (Thumb, 14 bytes, Stack size 0 bytes, memseta.o(.text), UNUSED)
<BR><BR>[Called By]<UL><LI><a href="#[7d]">&gt;&gt;</a>&nbsp;&nbsp;&nbsp;_memset$wrapper
<LI><a href="#[7b]">&gt;&gt;</a>&nbsp;&nbsp;&nbsp;__aeabi_memclr
</UL>

<P><STRONG><a name="[10f]"></a>__aeabi_memset4</STRONG> (Thumb, 0 bytes, Stack size 0 bytes, memseta.o(.text), UNUSED)

<P><STRONG><a name="[110]"></a>__aeabi_memset8</STRONG> (Thumb, 0 bytes, Stack size 0 bytes, memseta.o(.text), UNUSED)

<P><STRONG><a name="[7b]"></a>__aeabi_memclr</STRONG> (Thumb, 4 bytes, Stack size 0 bytes, memseta.o(.text), UNUSED)
<BR><BR>[Calls]<UL><LI><a href="#[7c]">&gt;&gt;</a>&nbsp;&nbsp;&nbsp;__aeabi_memset
</UL>

<P><STRONG><a name="[e0]"></a>__aeabi_memclr4</STRONG> (Thumb, 0 bytes, Stack size 0 bytes, memseta.o(.text))
<BR><BR>[Called By]<UL><LI><a href="#[df]">&gt;&gt;</a>&nbsp;&nbsp;&nbsp;VOFA_Init
<LI><a href="#[e9]">&gt;&gt;</a>&nbsp;&nbsp;&nbsp;hrpwm_app_config
</UL>

<P><STRONG><a name="[eb]"></a>__aeabi_memclr8</STRONG> (Thumb, 0 bytes, Stack size 0 bytes, memseta.o(.text))
<BR><BR>[Called By]<UL><LI><a href="#[ea]">&gt;&gt;</a>&nbsp;&nbsp;&nbsp;hrpwm_app_inital
</UL>

<P><STRONG><a name="[7d]"></a>_memset$wrapper</STRONG> (Thumb, 18 bytes, Stack size 8 bytes, memseta.o(.text), UNUSED)
<BR><BR>[Calls]<UL><LI><a href="#[7c]">&gt;&gt;</a>&nbsp;&nbsp;&nbsp;__aeabi_memset
</UL>

<P><STRONG><a name="[7e]"></a>__aeabi_dadd</STRONG> (Thumb, 322 bytes, Stack size 48 bytes, dadd.o(.text))
<BR><BR>[Stack]<UL><LI>Max Depth = 88<LI>Call Chain = __aeabi_dadd &rArr; _double_epilogue &rArr; _double_round
</UL>
<BR>[Calls]<UL><LI><a href="#[80]">&gt;&gt;</a>&nbsp;&nbsp;&nbsp;__aeabi_lasr
<LI><a href="#[7f]">&gt;&gt;</a>&nbsp;&nbsp;&nbsp;__aeabi_llsl
<LI><a href="#[82]">&gt;&gt;</a>&nbsp;&nbsp;&nbsp;_double_round
<LI><a href="#[81]">&gt;&gt;</a>&nbsp;&nbsp;&nbsp;_double_epilogue
</UL>
<BR>[Called By]<UL><LI><a href="#[83]">&gt;&gt;</a>&nbsp;&nbsp;&nbsp;__aeabi_dsub
<LI><a href="#[84]">&gt;&gt;</a>&nbsp;&nbsp;&nbsp;__aeabi_drsub
</UL>

<P><STRONG><a name="[83]"></a>__aeabi_dsub</STRONG> (Thumb, 6 bytes, Stack size 0 bytes, dadd.o(.text))
<BR><BR>[Stack]<UL><LI>Max Depth = 88<LI>Call Chain = __aeabi_dsub &rArr; __aeabi_dadd &rArr; _double_epilogue &rArr; _double_round
</UL>
<BR>[Calls]<UL><LI><a href="#[7e]">&gt;&gt;</a>&nbsp;&nbsp;&nbsp;__aeabi_dadd
</UL>
<BR>[Called By]<UL><LI><a href="#[cf]">&gt;&gt;</a>&nbsp;&nbsp;&nbsp;LL_RCU_Pll0Cfg
</UL>

<P><STRONG><a name="[84]"></a>__aeabi_drsub</STRONG> (Thumb, 6 bytes, Stack size 0 bytes, dadd.o(.text), UNUSED)
<BR><BR>[Calls]<UL><LI><a href="#[7e]">&gt;&gt;</a>&nbsp;&nbsp;&nbsp;__aeabi_dadd
</UL>

<P><STRONG><a name="[85]"></a>__aeabi_dmul</STRONG> (Thumb, 228 bytes, Stack size 48 bytes, dmul.o(.text))
<BR><BR>[Stack]<UL><LI>Max Depth = 88<LI>Call Chain = __aeabi_dmul &rArr; _double_epilogue &rArr; _double_round
</UL>
<BR>[Calls]<UL><LI><a href="#[81]">&gt;&gt;</a>&nbsp;&nbsp;&nbsp;_double_epilogue
</UL>
<BR>[Called By]<UL><LI><a href="#[cf]">&gt;&gt;</a>&nbsp;&nbsp;&nbsp;LL_RCU_Pll0Cfg
</UL>

<P><STRONG><a name="[86]"></a>__aeabi_ddiv</STRONG> (Thumb, 222 bytes, Stack size 32 bytes, ddiv.o(.text))
<BR><BR>[Stack]<UL><LI>Max Depth = 40<LI>Call Chain = __aeabi_ddiv &rArr; _double_round
</UL>
<BR>[Calls]<UL><LI><a href="#[82]">&gt;&gt;</a>&nbsp;&nbsp;&nbsp;_double_round
</UL>
<BR>[Called By]<UL><LI><a href="#[cf]">&gt;&gt;</a>&nbsp;&nbsp;&nbsp;LL_RCU_Pll0Cfg
</UL>

<P><STRONG><a name="[87]"></a>__aeabi_ui2d</STRONG> (Thumb, 26 bytes, Stack size 16 bytes, dfltui.o(.text))
<BR><BR>[Stack]<UL><LI>Max Depth = 56<LI>Call Chain = __aeabi_ui2d &rArr; _double_epilogue &rArr; _double_round
</UL>
<BR>[Calls]<UL><LI><a href="#[81]">&gt;&gt;</a>&nbsp;&nbsp;&nbsp;_double_epilogue
</UL>
<BR>[Called By]<UL><LI><a href="#[cf]">&gt;&gt;</a>&nbsp;&nbsp;&nbsp;LL_RCU_Pll0Cfg
</UL>

<P><STRONG><a name="[88]"></a>__aeabi_d2iz</STRONG> (Thumb, 62 bytes, Stack size 16 bytes, dfixi.o(.text))
<BR><BR>[Stack]<UL><LI>Max Depth = 16<LI>Call Chain = __aeabi_d2iz
</UL>
<BR>[Calls]<UL><LI><a href="#[89]">&gt;&gt;</a>&nbsp;&nbsp;&nbsp;__aeabi_llsr
</UL>
<BR>[Called By]<UL><LI><a href="#[cf]">&gt;&gt;</a>&nbsp;&nbsp;&nbsp;LL_RCU_Pll0Cfg
</UL>

<P><STRONG><a name="[8a]"></a>__aeabi_uldivmod</STRONG> (Thumb, 98 bytes, Stack size 40 bytes, uldiv.o(.text), UNUSED)
<BR><BR>[Calls]<UL><LI><a href="#[89]">&gt;&gt;</a>&nbsp;&nbsp;&nbsp;__aeabi_llsr
<LI><a href="#[7f]">&gt;&gt;</a>&nbsp;&nbsp;&nbsp;__aeabi_llsl
</UL>
<BR>[Called By]<UL><LI><a href="#[f1]">&gt;&gt;</a>&nbsp;&nbsp;&nbsp;_printf_core
</UL>

<P><STRONG><a name="[7f]"></a>__aeabi_llsl</STRONG> (Thumb, 30 bytes, Stack size 0 bytes, llshl.o(.text))
<BR><BR>[Called By]<UL><LI><a href="#[8a]">&gt;&gt;</a>&nbsp;&nbsp;&nbsp;__aeabi_uldivmod
<LI><a href="#[81]">&gt;&gt;</a>&nbsp;&nbsp;&nbsp;_double_epilogue
<LI><a href="#[7e]">&gt;&gt;</a>&nbsp;&nbsp;&nbsp;__aeabi_dadd
</UL>

<P><STRONG><a name="[111]"></a>_ll_shift_l</STRONG> (Thumb, 0 bytes, Stack size 0 bytes, llshl.o(.text), UNUSED)

<P><STRONG><a name="[89]"></a>__aeabi_llsr</STRONG> (Thumb, 32 bytes, Stack size 0 bytes, llushr.o(.text))
<BR><BR>[Called By]<UL><LI><a href="#[88]">&gt;&gt;</a>&nbsp;&nbsp;&nbsp;__aeabi_d2iz
<LI><a href="#[8a]">&gt;&gt;</a>&nbsp;&nbsp;&nbsp;__aeabi_uldivmod
<LI><a href="#[81]">&gt;&gt;</a>&nbsp;&nbsp;&nbsp;_double_epilogue
</UL>

<P><STRONG><a name="[112]"></a>_ll_ushift_r</STRONG> (Thumb, 0 bytes, Stack size 0 bytes, llushr.o(.text), UNUSED)

<P><STRONG><a name="[80]"></a>__aeabi_lasr</STRONG> (Thumb, 36 bytes, Stack size 0 bytes, llsshr.o(.text))
<BR><BR>[Called By]<UL><LI><a href="#[7e]">&gt;&gt;</a>&nbsp;&nbsp;&nbsp;__aeabi_dadd
</UL>

<P><STRONG><a name="[113]"></a>_ll_sshift_r</STRONG> (Thumb, 0 bytes, Stack size 0 bytes, llsshr.o(.text), UNUSED)

<P><STRONG><a name="[114]"></a>__I$use$fp</STRONG> (Thumb, 0 bytes, Stack size 8 bytes, iusefp.o(.text), UNUSED)

<P><STRONG><a name="[82]"></a>_double_round</STRONG> (Thumb, 30 bytes, Stack size 8 bytes, depilogue.o(.text))
<BR><BR>[Stack]<UL><LI>Max Depth = 8<LI>Call Chain = _double_round
</UL>
<BR>[Called By]<UL><LI><a href="#[86]">&gt;&gt;</a>&nbsp;&nbsp;&nbsp;__aeabi_ddiv
<LI><a href="#[81]">&gt;&gt;</a>&nbsp;&nbsp;&nbsp;_double_epilogue
<LI><a href="#[7e]">&gt;&gt;</a>&nbsp;&nbsp;&nbsp;__aeabi_dadd
</UL>

<P><STRONG><a name="[81]"></a>_double_epilogue</STRONG> (Thumb, 156 bytes, Stack size 32 bytes, depilogue.o(.text))
<BR><BR>[Stack]<UL><LI>Max Depth = 40<LI>Call Chain = _double_epilogue &rArr; _double_round
</UL>
<BR>[Calls]<UL><LI><a href="#[89]">&gt;&gt;</a>&nbsp;&nbsp;&nbsp;__aeabi_llsr
<LI><a href="#[7f]">&gt;&gt;</a>&nbsp;&nbsp;&nbsp;__aeabi_llsl
<LI><a href="#[82]">&gt;&gt;</a>&nbsp;&nbsp;&nbsp;_double_round
</UL>
<BR>[Called By]<UL><LI><a href="#[85]">&gt;&gt;</a>&nbsp;&nbsp;&nbsp;__aeabi_dmul
<LI><a href="#[87]">&gt;&gt;</a>&nbsp;&nbsp;&nbsp;__aeabi_ui2d
<LI><a href="#[7e]">&gt;&gt;</a>&nbsp;&nbsp;&nbsp;__aeabi_dadd
</UL>

<P><STRONG><a name="[7a]"></a>__scatterload</STRONG> (Thumb, 38 bytes, Stack size 0 bytes, init.o(.text))
<BR><BR>[Calls]<UL><LI><a href="#[8b]">&gt;&gt;</a>&nbsp;&nbsp;&nbsp;__main_after_scatterload
</UL>
<BR>[Called By]<UL><LI><a href="#[79]">&gt;&gt;</a>&nbsp;&nbsp;&nbsp;_main_scatterload
</UL>

<P><STRONG><a name="[115]"></a>__scatterload_rt2</STRONG> (Thumb, 0 bytes, Stack size 0 bytes, init.o(.text), UNUSED)

<P><STRONG><a name="[4f]"></a>ADC1_SAMP_IRQHandler</STRONG> (Thumb, 12 bytes, Stack size 0 bytes, tae32g58xx_it.o(.text.ADC1_SAMP_IRQHandler))
<BR><BR>[Stack]<UL><LI>Max Depth = 56<LI>Call Chain = ADC1_SAMP_IRQHandler &rArr; LL_ADC_Samp_IRQHandler &rArr; assert_failed &rArr; __2printf
</UL>
<BR>[Calls]<UL><LI><a href="#[8c]">&gt;&gt;</a>&nbsp;&nbsp;&nbsp;LL_ADC_Samp_IRQHandler
</UL>
<BR>[Address Reference Count : 1]<UL><LI> startup_tae32g58xx.o(RESET)
</UL>
<P><STRONG><a name="[4]"></a>BusFault_Handler</STRONG> (Thumb, 2 bytes, Stack size 0 bytes, tae32g58xx_it.o(.text.BusFault_Handler))
<BR><BR>[Calls]<UL><LI><a href="#[4]">&gt;&gt;</a>&nbsp;&nbsp;&nbsp;BusFault_Handler
</UL>
<BR>[Called By]<UL><LI><a href="#[4]">&gt;&gt;</a>&nbsp;&nbsp;&nbsp;BusFault_Handler
</UL>
<BR>[Address Reference Count : 1]<UL><LI> startup_tae32g58xx.o(RESET)
</UL>
<P><STRONG><a name="[7]"></a>DebugMon_Handler</STRONG> (Thumb, 2 bytes, Stack size 0 bytes, tae32g58xx_it.o(.text.DebugMon_Handler))
<BR>[Address Reference Count : 1]<UL><LI> startup_tae32g58xx.o(RESET)
</UL>
<P><STRONG><a name="[4d]"></a>ADC0_FULL_IRQHandler</STRONG> (Thumb, 2 bytes, Stack size 0 bytes, startup_tae32g58xx.o(.text.Default_Handler))
<BR><BR>[Calls]<UL><LI><a href="#[4d]">&gt;&gt;</a>&nbsp;&nbsp;&nbsp;ADC0_FULL_IRQHandler
</UL>
<BR>[Called By]<UL><LI><a href="#[4d]">&gt;&gt;</a>&nbsp;&nbsp;&nbsp;ADC0_FULL_IRQHandler
</UL>
<BR>[Address Reference Count : 1]<UL><LI> startup_tae32g58xx.o(RESET)
</UL>
<P><STRONG><a name="[4c]"></a>ADC0_HALF_IRQHandler</STRONG> (Thumb, 2 bytes, Stack size 0 bytes, startup_tae32g58xx.o(.text.Default_Handler))
<BR>[Address Reference Count : 1]<UL><LI> startup_tae32g58xx.o(RESET)
</UL>
<P><STRONG><a name="[4a]"></a>ADC0_NORM_IRQHandler</STRONG> (Thumb, 2 bytes, Stack size 0 bytes, startup_tae32g58xx.o(.text.Default_Handler))
<BR>[Address Reference Count : 1]<UL><LI> startup_tae32g58xx.o(RESET)
</UL>
<P><STRONG><a name="[4b]"></a>ADC0_SAMP_IRQHandler</STRONG> (Thumb, 2 bytes, Stack size 0 bytes, startup_tae32g58xx.o(.text.Default_Handler))
<BR>[Address Reference Count : 1]<UL><LI> startup_tae32g58xx.o(RESET)
</UL>
<P><STRONG><a name="[51]"></a>ADC1_FULL_IRQHandler</STRONG> (Thumb, 2 bytes, Stack size 0 bytes, startup_tae32g58xx.o(.text.Default_Handler))
<BR>[Address Reference Count : 1]<UL><LI> startup_tae32g58xx.o(RESET)
</UL>
<P><STRONG><a name="[50]"></a>ADC1_HALF_IRQHandler</STRONG> (Thumb, 2 bytes, Stack size 0 bytes, startup_tae32g58xx.o(.text.Default_Handler))
<BR>[Address Reference Count : 1]<UL><LI> startup_tae32g58xx.o(RESET)
</UL>
<P><STRONG><a name="[55]"></a>ADC2_FULL_IRQHandler</STRONG> (Thumb, 2 bytes, Stack size 0 bytes, startup_tae32g58xx.o(.text.Default_Handler))
<BR>[Address Reference Count : 1]<UL><LI> startup_tae32g58xx.o(RESET)
</UL>
<P><STRONG><a name="[54]"></a>ADC2_HALF_IRQHandler</STRONG> (Thumb, 2 bytes, Stack size 0 bytes, startup_tae32g58xx.o(.text.Default_Handler))
<BR>[Address Reference Count : 1]<UL><LI> startup_tae32g58xx.o(RESET)
</UL>
<P><STRONG><a name="[52]"></a>ADC2_NORM_IRQHandler</STRONG> (Thumb, 2 bytes, Stack size 0 bytes, startup_tae32g58xx.o(.text.Default_Handler))
<BR>[Address Reference Count : 1]<UL><LI> startup_tae32g58xx.o(RESET)
</UL>
<P><STRONG><a name="[53]"></a>ADC2_SAMP_IRQHandler</STRONG> (Thumb, 2 bytes, Stack size 0 bytes, startup_tae32g58xx.o(.text.Default_Handler))
<BR>[Address Reference Count : 1]<UL><LI> startup_tae32g58xx.o(RESET)
</UL>
<P><STRONG><a name="[59]"></a>ADC3_FULL_IRQHandler</STRONG> (Thumb, 2 bytes, Stack size 0 bytes, startup_tae32g58xx.o(.text.Default_Handler))
<BR>[Address Reference Count : 1]<UL><LI> startup_tae32g58xx.o(RESET)
</UL>
<P><STRONG><a name="[58]"></a>ADC3_HALF_IRQHandler</STRONG> (Thumb, 2 bytes, Stack size 0 bytes, startup_tae32g58xx.o(.text.Default_Handler))
<BR>[Address Reference Count : 1]<UL><LI> startup_tae32g58xx.o(RESET)
</UL>
<P><STRONG><a name="[56]"></a>ADC3_NORM_IRQHandler</STRONG> (Thumb, 2 bytes, Stack size 0 bytes, startup_tae32g58xx.o(.text.Default_Handler))
<BR>[Address Reference Count : 1]<UL><LI> startup_tae32g58xx.o(RESET)
</UL>
<P><STRONG><a name="[57]"></a>ADC3_SAMP_IRQHandler</STRONG> (Thumb, 2 bytes, Stack size 0 bytes, startup_tae32g58xx.o(.text.Default_Handler))
<BR>[Address Reference Count : 1]<UL><LI> startup_tae32g58xx.o(RESET)
</UL>
<P><STRONG><a name="[5f]"></a>CAN0_INT1_IRQHandler</STRONG> (Thumb, 2 bytes, Stack size 0 bytes, startup_tae32g58xx.o(.text.Default_Handler))
<BR>[Address Reference Count : 1]<UL><LI> startup_tae32g58xx.o(RESET)
</UL>
<P><STRONG><a name="[14]"></a>CAN0_IRQHandler</STRONG> (Thumb, 2 bytes, Stack size 0 bytes, startup_tae32g58xx.o(.text.Default_Handler))
<BR>[Address Reference Count : 1]<UL><LI> startup_tae32g58xx.o(RESET)
</UL>
<P><STRONG><a name="[60]"></a>CAN1_INT1_IRQHandler</STRONG> (Thumb, 2 bytes, Stack size 0 bytes, startup_tae32g58xx.o(.text.Default_Handler))
<BR>[Address Reference Count : 1]<UL><LI> startup_tae32g58xx.o(RESET)
</UL>
<P><STRONG><a name="[15]"></a>CAN1_IRQHandler</STRONG> (Thumb, 2 bytes, Stack size 0 bytes, startup_tae32g58xx.o(.text.Default_Handler))
<BR>[Address Reference Count : 1]<UL><LI> startup_tae32g58xx.o(RESET)
</UL>
<P><STRONG><a name="[3d]"></a>CMPG0_IRQHandler</STRONG> (Thumb, 2 bytes, Stack size 0 bytes, startup_tae32g58xx.o(.text.Default_Handler))
<BR>[Address Reference Count : 1]<UL><LI> startup_tae32g58xx.o(RESET)
</UL>
<P><STRONG><a name="[3e]"></a>CMPG1_IRQHandler</STRONG> (Thumb, 2 bytes, Stack size 0 bytes, startup_tae32g58xx.o(.text.Default_Handler))
<BR>[Address Reference Count : 1]<UL><LI> startup_tae32g58xx.o(RESET)
</UL>
<P><STRONG><a name="[3f]"></a>CMPG2_IRQHandler</STRONG> (Thumb, 2 bytes, Stack size 0 bytes, startup_tae32g58xx.o(.text.Default_Handler))
<BR>[Address Reference Count : 1]<UL><LI> startup_tae32g58xx.o(RESET)
</UL>
<P><STRONG><a name="[3c]"></a>CORDIC_IRQHandler</STRONG> (Thumb, 2 bytes, Stack size 0 bytes, startup_tae32g58xx.o(.text.Default_Handler))
<BR>[Address Reference Count : 1]<UL><LI> startup_tae32g58xx.o(RESET)
</UL>
<P><STRONG><a name="[1d]"></a>DMA_CH0_IRQHandler</STRONG> (Thumb, 2 bytes, Stack size 0 bytes, startup_tae32g58xx.o(.text.Default_Handler))
<BR>[Address Reference Count : 1]<UL><LI> startup_tae32g58xx.o(RESET)
</UL>
<P><STRONG><a name="[1e]"></a>DMA_CH1_IRQHandler</STRONG> (Thumb, 2 bytes, Stack size 0 bytes, startup_tae32g58xx.o(.text.Default_Handler))
<BR>[Address Reference Count : 1]<UL><LI> startup_tae32g58xx.o(RESET)
</UL>
<P><STRONG><a name="[1f]"></a>DMA_CH2_IRQHandler</STRONG> (Thumb, 2 bytes, Stack size 0 bytes, startup_tae32g58xx.o(.text.Default_Handler))
<BR>[Address Reference Count : 1]<UL><LI> startup_tae32g58xx.o(RESET)
</UL>
<P><STRONG><a name="[20]"></a>DMA_CH3_IRQHandler</STRONG> (Thumb, 2 bytes, Stack size 0 bytes, startup_tae32g58xx.o(.text.Default_Handler))
<BR>[Address Reference Count : 1]<UL><LI> startup_tae32g58xx.o(RESET)
</UL>
<P><STRONG><a name="[21]"></a>DMA_CH4_IRQHandler</STRONG> (Thumb, 2 bytes, Stack size 0 bytes, startup_tae32g58xx.o(.text.Default_Handler))
<BR>[Address Reference Count : 1]<UL><LI> startup_tae32g58xx.o(RESET)
</UL>
<P><STRONG><a name="[22]"></a>DMA_CH5_IRQHandler</STRONG> (Thumb, 2 bytes, Stack size 0 bytes, startup_tae32g58xx.o(.text.Default_Handler))
<BR>[Address Reference Count : 1]<UL><LI> startup_tae32g58xx.o(RESET)
</UL>
<P><STRONG><a name="[116]"></a>Default_Handler</STRONG> (Thumb, 2 bytes, Stack size 0 bytes, startup_tae32g58xx.o(.text.Default_Handler), UNUSED)

<P><STRONG><a name="[3a]"></a>EFLASH_IRQHandler</STRONG> (Thumb, 2 bytes, Stack size 0 bytes, startup_tae32g58xx.o(.text.Default_Handler))
<BR>[Address Reference Count : 1]<UL><LI> startup_tae32g58xx.o(RESET)
</UL>
<P><STRONG><a name="[34]"></a>GPIOA_IRQHandler</STRONG> (Thumb, 2 bytes, Stack size 0 bytes, startup_tae32g58xx.o(.text.Default_Handler))
<BR>[Address Reference Count : 1]<UL><LI> startup_tae32g58xx.o(RESET)
</UL>
<P><STRONG><a name="[35]"></a>GPIOB_IRQHandler</STRONG> (Thumb, 2 bytes, Stack size 0 bytes, startup_tae32g58xx.o(.text.Default_Handler))
<BR>[Address Reference Count : 1]<UL><LI> startup_tae32g58xx.o(RESET)
</UL>
<P><STRONG><a name="[36]"></a>GPIOC_IRQHandler</STRONG> (Thumb, 2 bytes, Stack size 0 bytes, startup_tae32g58xx.o(.text.Default_Handler))
<BR>[Address Reference Count : 1]<UL><LI> startup_tae32g58xx.o(RESET)
</UL>
<P><STRONG><a name="[37]"></a>GPIOD_IRQHandler</STRONG> (Thumb, 2 bytes, Stack size 0 bytes, startup_tae32g58xx.o(.text.Default_Handler))
<BR>[Address Reference Count : 1]<UL><LI> startup_tae32g58xx.o(RESET)
</UL>
<P><STRONG><a name="[38]"></a>GPIOE_IRQHandler</STRONG> (Thumb, 2 bytes, Stack size 0 bytes, startup_tae32g58xx.o(.text.Default_Handler))
<BR>[Address Reference Count : 1]<UL><LI> startup_tae32g58xx.o(RESET)
</UL>
<P><STRONG><a name="[39]"></a>GPIOF_IRQHandler</STRONG> (Thumb, 2 bytes, Stack size 0 bytes, startup_tae32g58xx.o(.text.Default_Handler))
<BR>[Address Reference Count : 1]<UL><LI> startup_tae32g58xx.o(RESET)
</UL>
<P><STRONG><a name="[41]"></a>HRPWM_SLV0_IRQHandler</STRONG> (Thumb, 2 bytes, Stack size 0 bytes, startup_tae32g58xx.o(.text.Default_Handler))
<BR>[Address Reference Count : 1]<UL><LI> startup_tae32g58xx.o(RESET)
</UL>
<P><STRONG><a name="[42]"></a>HRPWM_SLV1_IRQHandler</STRONG> (Thumb, 2 bytes, Stack size 0 bytes, startup_tae32g58xx.o(.text.Default_Handler))
<BR>[Address Reference Count : 1]<UL><LI> startup_tae32g58xx.o(RESET)
</UL>
<P><STRONG><a name="[43]"></a>HRPWM_SLV2_IRQHandler</STRONG> (Thumb, 2 bytes, Stack size 0 bytes, startup_tae32g58xx.o(.text.Default_Handler))
<BR>[Address Reference Count : 1]<UL><LI> startup_tae32g58xx.o(RESET)
</UL>
<P><STRONG><a name="[44]"></a>HRPWM_SLV3_IRQHandler</STRONG> (Thumb, 2 bytes, Stack size 0 bytes, startup_tae32g58xx.o(.text.Default_Handler))
<BR>[Address Reference Count : 1]<UL><LI> startup_tae32g58xx.o(RESET)
</UL>
<P><STRONG><a name="[45]"></a>HRPWM_SLV4_IRQHandler</STRONG> (Thumb, 2 bytes, Stack size 0 bytes, startup_tae32g58xx.o(.text.Default_Handler))
<BR>[Address Reference Count : 1]<UL><LI> startup_tae32g58xx.o(RESET)
</UL>
<P><STRONG><a name="[46]"></a>HRPWM_SLV5_IRQHandler</STRONG> (Thumb, 2 bytes, Stack size 0 bytes, startup_tae32g58xx.o(.text.Default_Handler))
<BR>[Address Reference Count : 1]<UL><LI> startup_tae32g58xx.o(RESET)
</UL>
<P><STRONG><a name="[47]"></a>HRPWM_SLV6_IRQHandler</STRONG> (Thumb, 2 bytes, Stack size 0 bytes, startup_tae32g58xx.o(.text.Default_Handler))
<BR>[Address Reference Count : 1]<UL><LI> startup_tae32g58xx.o(RESET)
</UL>
<P><STRONG><a name="[48]"></a>HRPWM_SLV7_IRQHandler</STRONG> (Thumb, 2 bytes, Stack size 0 bytes, startup_tae32g58xx.o(.text.Default_Handler))
<BR>[Address Reference Count : 1]<UL><LI> startup_tae32g58xx.o(RESET)
</UL>
<P><STRONG><a name="[a]"></a>I2C0_IRQHandler</STRONG> (Thumb, 2 bytes, Stack size 0 bytes, startup_tae32g58xx.o(.text.Default_Handler))
<BR>[Address Reference Count : 1]<UL><LI> startup_tae32g58xx.o(RESET)
</UL>
<P><STRONG><a name="[b]"></a>I2C1_IRQHandler</STRONG> (Thumb, 2 bytes, Stack size 0 bytes, startup_tae32g58xx.o(.text.Default_Handler))
<BR>[Address Reference Count : 1]<UL><LI> startup_tae32g58xx.o(RESET)
</UL>
<P><STRONG><a name="[c]"></a>I2C2_IRQHandler</STRONG> (Thumb, 2 bytes, Stack size 0 bytes, startup_tae32g58xx.o(.text.Default_Handler))
<BR>[Address Reference Count : 1]<UL><LI> startup_tae32g58xx.o(RESET)
</UL>
<P><STRONG><a name="[3b]"></a>IIR_IRQHandler</STRONG> (Thumb, 2 bytes, Stack size 0 bytes, startup_tae32g58xx.o(.text.Default_Handler))
<BR>[Address Reference Count : 1]<UL><LI> startup_tae32g58xx.o(RESET)
</UL>
<P><STRONG><a name="[32]"></a>IWDG_IRQHandler</STRONG> (Thumb, 2 bytes, Stack size 0 bytes, startup_tae32g58xx.o(.text.Default_Handler))
<BR>[Address Reference Count : 1]<UL><LI> startup_tae32g58xx.o(RESET)
</UL>
<P><STRONG><a name="[16]"></a>PDM0_IRQHandler</STRONG> (Thumb, 2 bytes, Stack size 0 bytes, startup_tae32g58xx.o(.text.Default_Handler))
<BR>[Address Reference Count : 1]<UL><LI> startup_tae32g58xx.o(RESET)
</UL>
<P><STRONG><a name="[17]"></a>PDM1_IRQHandler</STRONG> (Thumb, 2 bytes, Stack size 0 bytes, startup_tae32g58xx.o(.text.Default_Handler))
<BR>[Address Reference Count : 1]<UL><LI> startup_tae32g58xx.o(RESET)
</UL>
<P><STRONG><a name="[18]"></a>PDM2_IRQHandler</STRONG> (Thumb, 2 bytes, Stack size 0 bytes, startup_tae32g58xx.o(.text.Default_Handler))
<BR>[Address Reference Count : 1]<UL><LI> startup_tae32g58xx.o(RESET)
</UL>
<P><STRONG><a name="[19]"></a>PDM3_IRQHandler</STRONG> (Thumb, 2 bytes, Stack size 0 bytes, startup_tae32g58xx.o(.text.Default_Handler))
<BR>[Address Reference Count : 1]<UL><LI> startup_tae32g58xx.o(RESET)
</UL>
<P><STRONG><a name="[5a]"></a>PMU_IRQHandler</STRONG> (Thumb, 2 bytes, Stack size 0 bytes, startup_tae32g58xx.o(.text.Default_Handler))
<BR>[Address Reference Count : 1]<UL><LI> startup_tae32g58xx.o(RESET)
</UL>
<P><STRONG><a name="[1a]"></a>QEI0_IRQHandler</STRONG> (Thumb, 2 bytes, Stack size 0 bytes, startup_tae32g58xx.o(.text.Default_Handler))
<BR>[Address Reference Count : 1]<UL><LI> startup_tae32g58xx.o(RESET)
</UL>
<P><STRONG><a name="[1b]"></a>QEI1_IRQHandler</STRONG> (Thumb, 2 bytes, Stack size 0 bytes, startup_tae32g58xx.o(.text.Default_Handler))
<BR>[Address Reference Count : 1]<UL><LI> startup_tae32g58xx.o(RESET)
</UL>
<P><STRONG><a name="[1c]"></a>QEI2_IRQHandler</STRONG> (Thumb, 2 bytes, Stack size 0 bytes, startup_tae32g58xx.o(.text.Default_Handler))
<BR>[Address Reference Count : 1]<UL><LI> startup_tae32g58xx.o(RESET)
</UL>
<P><STRONG><a name="[12]"></a>SPI0_IRQHandler</STRONG> (Thumb, 2 bytes, Stack size 0 bytes, startup_tae32g58xx.o(.text.Default_Handler))
<BR>[Address Reference Count : 1]<UL><LI> startup_tae32g58xx.o(RESET)
</UL>
<P><STRONG><a name="[13]"></a>SPI1_IRQHandler</STRONG> (Thumb, 2 bytes, Stack size 0 bytes, startup_tae32g58xx.o(.text.Default_Handler))
<BR>[Address Reference Count : 1]<UL><LI> startup_tae32g58xx.o(RESET)
</UL>
<P><STRONG><a name="[25]"></a>TMR0_IRQHandler</STRONG> (Thumb, 2 bytes, Stack size 0 bytes, startup_tae32g58xx.o(.text.Default_Handler))
<BR>[Address Reference Count : 1]<UL><LI> startup_tae32g58xx.o(RESET)
</UL>
<P><STRONG><a name="[2e]"></a>TMR10_BRK_IRQHandler</STRONG> (Thumb, 2 bytes, Stack size 0 bytes, startup_tae32g58xx.o(.text.Default_Handler))
<BR>[Address Reference Count : 1]<UL><LI> startup_tae32g58xx.o(RESET)
</UL>
<P><STRONG><a name="[31]"></a>TMR10_CC_IRQHandler</STRONG> (Thumb, 2 bytes, Stack size 0 bytes, startup_tae32g58xx.o(.text.Default_Handler))
<BR>[Address Reference Count : 1]<UL><LI> startup_tae32g58xx.o(RESET)
</UL>
<P><STRONG><a name="[30]"></a>TMR10_TRG_IRQHandler</STRONG> (Thumb, 2 bytes, Stack size 0 bytes, startup_tae32g58xx.o(.text.Default_Handler))
<BR>[Address Reference Count : 1]<UL><LI> startup_tae32g58xx.o(RESET)
</UL>
<P><STRONG><a name="[2f]"></a>TMR10_UPD_IRQHandler</STRONG> (Thumb, 2 bytes, Stack size 0 bytes, startup_tae32g58xx.o(.text.Default_Handler))
<BR>[Address Reference Count : 1]<UL><LI> startup_tae32g58xx.o(RESET)
</UL>
<P><STRONG><a name="[26]"></a>TMR1_IRQHandler</STRONG> (Thumb, 2 bytes, Stack size 0 bytes, startup_tae32g58xx.o(.text.Default_Handler))
<BR>[Address Reference Count : 1]<UL><LI> startup_tae32g58xx.o(RESET)
</UL>
<P><STRONG><a name="[27]"></a>TMR2_IRQHandler</STRONG> (Thumb, 2 bytes, Stack size 0 bytes, startup_tae32g58xx.o(.text.Default_Handler))
<BR>[Address Reference Count : 1]<UL><LI> startup_tae32g58xx.o(RESET)
</UL>
<P><STRONG><a name="[28]"></a>TMR3_IRQHandler</STRONG> (Thumb, 2 bytes, Stack size 0 bytes, startup_tae32g58xx.o(.text.Default_Handler))
<BR>[Address Reference Count : 1]<UL><LI> startup_tae32g58xx.o(RESET)
</UL>
<P><STRONG><a name="[29]"></a>TMR4_IRQHandler</STRONG> (Thumb, 2 bytes, Stack size 0 bytes, startup_tae32g58xx.o(.text.Default_Handler))
<BR>[Address Reference Count : 1]<UL><LI> startup_tae32g58xx.o(RESET)
</UL>
<P><STRONG><a name="[61]"></a>TMR6_IRQHandler</STRONG> (Thumb, 2 bytes, Stack size 0 bytes, startup_tae32g58xx.o(.text.Default_Handler))
<BR>[Address Reference Count : 1]<UL><LI> startup_tae32g58xx.o(RESET)
</UL>
<P><STRONG><a name="[23]"></a>TMR7_IRQHandler</STRONG> (Thumb, 2 bytes, Stack size 0 bytes, startup_tae32g58xx.o(.text.Default_Handler))
<BR>[Address Reference Count : 1]<UL><LI> startup_tae32g58xx.o(RESET)
</UL>
<P><STRONG><a name="[24]"></a>TMR8_IRQHandler</STRONG> (Thumb, 2 bytes, Stack size 0 bytes, startup_tae32g58xx.o(.text.Default_Handler))
<BR>[Address Reference Count : 1]<UL><LI> startup_tae32g58xx.o(RESET)
</UL>
<P><STRONG><a name="[2a]"></a>TMR9_BRK_IRQHandler</STRONG> (Thumb, 2 bytes, Stack size 0 bytes, startup_tae32g58xx.o(.text.Default_Handler))
<BR>[Address Reference Count : 1]<UL><LI> startup_tae32g58xx.o(RESET)
</UL>
<P><STRONG><a name="[2d]"></a>TMR9_CC_IRQHandler</STRONG> (Thumb, 2 bytes, Stack size 0 bytes, startup_tae32g58xx.o(.text.Default_Handler))
<BR>[Address Reference Count : 1]<UL><LI> startup_tae32g58xx.o(RESET)
</UL>
<P><STRONG><a name="[2c]"></a>TMR9_TRG_IRQHandler</STRONG> (Thumb, 2 bytes, Stack size 0 bytes, startup_tae32g58xx.o(.text.Default_Handler))
<BR>[Address Reference Count : 1]<UL><LI> startup_tae32g58xx.o(RESET)
</UL>
<P><STRONG><a name="[2b]"></a>TMR9_UPD_IRQHandler</STRONG> (Thumb, 2 bytes, Stack size 0 bytes, startup_tae32g58xx.o(.text.Default_Handler))
<BR>[Address Reference Count : 1]<UL><LI> startup_tae32g58xx.o(RESET)
</UL>
<P><STRONG><a name="[d]"></a>UART0_IRQHandler</STRONG> (Thumb, 2 bytes, Stack size 0 bytes, startup_tae32g58xx.o(.text.Default_Handler))
<BR>[Address Reference Count : 1]<UL><LI> startup_tae32g58xx.o(RESET)
</UL>
<P><STRONG><a name="[e]"></a>UART1_IRQHandler</STRONG> (Thumb, 2 bytes, Stack size 0 bytes, startup_tae32g58xx.o(.text.Default_Handler))
<BR>[Address Reference Count : 1]<UL><LI> startup_tae32g58xx.o(RESET)
</UL>
<P><STRONG><a name="[f]"></a>UART2_IRQHandler</STRONG> (Thumb, 2 bytes, Stack size 0 bytes, startup_tae32g58xx.o(.text.Default_Handler))
<BR>[Address Reference Count : 1]<UL><LI> startup_tae32g58xx.o(RESET)
</UL>
<P><STRONG><a name="[10]"></a>UART3_IRQHandler</STRONG> (Thumb, 2 bytes, Stack size 0 bytes, startup_tae32g58xx.o(.text.Default_Handler))
<BR>[Address Reference Count : 1]<UL><LI> startup_tae32g58xx.o(RESET)
</UL>
<P><STRONG><a name="[11]"></a>UART4_IRQHandler</STRONG> (Thumb, 2 bytes, Stack size 0 bytes, startup_tae32g58xx.o(.text.Default_Handler))
<BR>[Address Reference Count : 1]<UL><LI> startup_tae32g58xx.o(RESET)
</UL>
<P><STRONG><a name="[5c]"></a>USB_DET_IRQHandler</STRONG> (Thumb, 2 bytes, Stack size 0 bytes, startup_tae32g58xx.o(.text.Default_Handler))
<BR>[Address Reference Count : 1]<UL><LI> startup_tae32g58xx.o(RESET)
</UL>
<P><STRONG><a name="[5d]"></a>USB_EP_IRQHandler</STRONG> (Thumb, 2 bytes, Stack size 0 bytes, startup_tae32g58xx.o(.text.Default_Handler))
<BR>[Address Reference Count : 1]<UL><LI> startup_tae32g58xx.o(RESET)
</UL>
<P><STRONG><a name="[5b]"></a>USB_PWR_IRQHandler</STRONG> (Thumb, 2 bytes, Stack size 0 bytes, startup_tae32g58xx.o(.text.Default_Handler))
<BR>[Address Reference Count : 1]<UL><LI> startup_tae32g58xx.o(RESET)
</UL>
<P><STRONG><a name="[33]"></a>WWDG_IRQHandler</STRONG> (Thumb, 2 bytes, Stack size 0 bytes, startup_tae32g58xx.o(.text.Default_Handler))
<BR>[Address Reference Count : 1]<UL><LI> startup_tae32g58xx.o(RESET)
</UL>
<P><STRONG><a name="[5e]"></a>XIF_IRQHandler</STRONG> (Thumb, 2 bytes, Stack size 0 bytes, startup_tae32g58xx.o(.text.Default_Handler))
<BR>[Address Reference Count : 1]<UL><LI> startup_tae32g58xx.o(RESET)
</UL>
<P><STRONG><a name="[2]"></a>HardFault_Handler</STRONG> (Thumb, 2 bytes, Stack size 0 bytes, tae32g58xx_it.o(.text.HardFault_Handler))
<BR><BR>[Calls]<UL><LI><a href="#[2]">&gt;&gt;</a>&nbsp;&nbsp;&nbsp;HardFault_Handler
</UL>
<BR>[Called By]<UL><LI><a href="#[2]">&gt;&gt;</a>&nbsp;&nbsp;&nbsp;HardFault_Handler
</UL>
<BR>[Address Reference Count : 1]<UL><LI> startup_tae32g58xx.o(RESET)
</UL>
<P><STRONG><a name="[8d]"></a>LL_ADC_Cal_Cfg</STRONG> (Thumb, 300 bytes, Stack size 16 bytes, tae32g58xx_ll_adc.o(.text.LL_ADC_Cal_Cfg))
<BR><BR>[Stack]<UL><LI>Max Depth = 40<LI>Call Chain = LL_ADC_Cal_Cfg &rArr; assert_failed &rArr; __2printf
</UL>
<BR>[Calls]<UL><LI><a href="#[8e]">&gt;&gt;</a>&nbsp;&nbsp;&nbsp;assert_failed
<LI><a href="#[90]">&gt;&gt;</a>&nbsp;&nbsp;&nbsp;puts
<LI><a href="#[8f]">&gt;&gt;</a>&nbsp;&nbsp;&nbsp;__2printf
</UL>
<BR>[Called By]<UL><LI><a href="#[e2]">&gt;&gt;</a>&nbsp;&nbsp;&nbsp;adc1_initial_app
<LI><a href="#[e1]">&gt;&gt;</a>&nbsp;&nbsp;&nbsp;adc0_initial_app
</UL>

<P><STRONG><a name="[91]"></a>LL_ADC_DMA_Cfg</STRONG> (Thumb, 296 bytes, Stack size 16 bytes, tae32g58xx_ll_adc.o(.text.LL_ADC_DMA_Cfg))
<BR><BR>[Stack]<UL><LI>Max Depth = 40<LI>Call Chain = LL_ADC_DMA_Cfg &rArr; assert_failed &rArr; __2printf
</UL>
<BR>[Calls]<UL><LI><a href="#[8e]">&gt;&gt;</a>&nbsp;&nbsp;&nbsp;assert_failed
<LI><a href="#[90]">&gt;&gt;</a>&nbsp;&nbsp;&nbsp;puts
<LI><a href="#[8f]">&gt;&gt;</a>&nbsp;&nbsp;&nbsp;__2printf
</UL>
<BR>[Called By]<UL><LI><a href="#[e2]">&gt;&gt;</a>&nbsp;&nbsp;&nbsp;adc1_initial_app
<LI><a href="#[e1]">&gt;&gt;</a>&nbsp;&nbsp;&nbsp;adc0_initial_app
</UL>

<P><STRONG><a name="[92]"></a>LL_ADC_Init</STRONG> (Thumb, 300 bytes, Stack size 16 bytes, tae32g58xx_ll_adc.o(.text.LL_ADC_Init))
<BR><BR>[Stack]<UL><LI>Max Depth = 112<LI>Call Chain = LL_ADC_Init &rArr; LL_ADC_MspInit &rArr; LL_GPIO_Init &rArr; assert_failed &rArr; __2printf
</UL>
<BR>[Calls]<UL><LI><a href="#[94]">&gt;&gt;</a>&nbsp;&nbsp;&nbsp;LL_IsExtCfgEnGrp
<LI><a href="#[96]">&gt;&gt;</a>&nbsp;&nbsp;&nbsp;LL_GetTick
<LI><a href="#[8e]">&gt;&gt;</a>&nbsp;&nbsp;&nbsp;assert_failed
<LI><a href="#[93]">&gt;&gt;</a>&nbsp;&nbsp;&nbsp;LL_ADC_MspInit
<LI><a href="#[90]">&gt;&gt;</a>&nbsp;&nbsp;&nbsp;puts
<LI><a href="#[95]">&gt;&gt;</a>&nbsp;&nbsp;&nbsp;LL_ADC_OverSamp_Cfg
<LI><a href="#[8f]">&gt;&gt;</a>&nbsp;&nbsp;&nbsp;__2printf
</UL>
<BR>[Called By]<UL><LI><a href="#[e1]">&gt;&gt;</a>&nbsp;&nbsp;&nbsp;adc0_initial_app
</UL>

<P><STRONG><a name="[93]"></a>LL_ADC_MspInit</STRONG> (Thumb, 168 bytes, Stack size 32 bytes, adc_app.o(.text.LL_ADC_MspInit))
<BR><BR>[Stack]<UL><LI>Max Depth = 96<LI>Call Chain = LL_ADC_MspInit &rArr; LL_GPIO_Init &rArr; assert_failed &rArr; __2printf
</UL>
<BR>[Calls]<UL><LI><a href="#[99]">&gt;&gt;</a>&nbsp;&nbsp;&nbsp;LL_RCU_ADC1_ClkEnRstRelease
<LI><a href="#[98]">&gt;&gt;</a>&nbsp;&nbsp;&nbsp;LL_RCU_ADC0_ClkEnRstRelease
<LI><a href="#[8e]">&gt;&gt;</a>&nbsp;&nbsp;&nbsp;assert_failed
<LI><a href="#[9a]">&gt;&gt;</a>&nbsp;&nbsp;&nbsp;LL_NVIC_EnableIRQ
<LI><a href="#[97]">&gt;&gt;</a>&nbsp;&nbsp;&nbsp;LL_GPIO_Init
</UL>
<BR>[Called By]<UL><LI><a href="#[92]">&gt;&gt;</a>&nbsp;&nbsp;&nbsp;LL_ADC_Init
</UL>

<P><STRONG><a name="[95]"></a>LL_ADC_OverSamp_Cfg</STRONG> (Thumb, 188 bytes, Stack size 16 bytes, tae32g58xx_ll_adc.o(.text.LL_ADC_OverSamp_Cfg))
<BR><BR>[Stack]<UL><LI>Max Depth = 40<LI>Call Chain = LL_ADC_OverSamp_Cfg &rArr; assert_failed &rArr; __2printf
</UL>
<BR>[Calls]<UL><LI><a href="#[8e]">&gt;&gt;</a>&nbsp;&nbsp;&nbsp;assert_failed
<LI><a href="#[90]">&gt;&gt;</a>&nbsp;&nbsp;&nbsp;puts
<LI><a href="#[8f]">&gt;&gt;</a>&nbsp;&nbsp;&nbsp;__2printf
</UL>
<BR>[Called By]<UL><LI><a href="#[92]">&gt;&gt;</a>&nbsp;&nbsp;&nbsp;LL_ADC_Init
</UL>

<P><STRONG><a name="[9b]"></a>LL_ADC_REG_ChCfg</STRONG> (Thumb, 304 bytes, Stack size 16 bytes, tae32g58xx_ll_adc.o(.text.LL_ADC_REG_ChCfg))
<BR><BR>[Stack]<UL><LI>Max Depth = 40<LI>Call Chain = LL_ADC_REG_ChCfg &rArr; assert_failed &rArr; __2printf
</UL>
<BR>[Calls]<UL><LI><a href="#[8e]">&gt;&gt;</a>&nbsp;&nbsp;&nbsp;assert_failed
<LI><a href="#[90]">&gt;&gt;</a>&nbsp;&nbsp;&nbsp;puts
<LI><a href="#[8f]">&gt;&gt;</a>&nbsp;&nbsp;&nbsp;__2printf
</UL>
<BR>[Called By]<UL><LI><a href="#[e2]">&gt;&gt;</a>&nbsp;&nbsp;&nbsp;adc1_initial_app
<LI><a href="#[e1]">&gt;&gt;</a>&nbsp;&nbsp;&nbsp;adc0_initial_app
</UL>

<P><STRONG><a name="[9c]"></a>LL_ADC_REG_ComCfg</STRONG> (Thumb, 172 bytes, Stack size 16 bytes, tae32g58xx_ll_adc.o(.text.LL_ADC_REG_ComCfg))
<BR><BR>[Stack]<UL><LI>Max Depth = 40<LI>Call Chain = LL_ADC_REG_ComCfg &rArr; assert_failed &rArr; __2printf
</UL>
<BR>[Calls]<UL><LI><a href="#[8e]">&gt;&gt;</a>&nbsp;&nbsp;&nbsp;assert_failed
<LI><a href="#[90]">&gt;&gt;</a>&nbsp;&nbsp;&nbsp;puts
<LI><a href="#[8f]">&gt;&gt;</a>&nbsp;&nbsp;&nbsp;__2printf
</UL>
<BR>[Called By]<UL><LI><a href="#[e2]">&gt;&gt;</a>&nbsp;&nbsp;&nbsp;adc1_initial_app
<LI><a href="#[e1]">&gt;&gt;</a>&nbsp;&nbsp;&nbsp;adc0_initial_app
</UL>

<P><STRONG><a name="[64]"></a>LL_ADC_Samp_Ch0ConvDoneCallback</STRONG> (Thumb, 2 bytes, Stack size 0 bytes, tae32g58xx_ll_adc.o(.text.LL_ADC_Samp_Ch0ConvDoneCallback))
<BR>[Address Reference Count : 1]<UL><LI> tae32g58xx_ll_adc.o(.rodata.ADC_Samp_ChxConvDoneCallback)
</UL>
<P><STRONG><a name="[6e]"></a>LL_ADC_Samp_Ch10ConvDoneCallback</STRONG> (Thumb, 2 bytes, Stack size 0 bytes, tae32g58xx_ll_adc.o(.text.LL_ADC_Samp_Ch10ConvDoneCallback))
<BR>[Address Reference Count : 1]<UL><LI> tae32g58xx_ll_adc.o(.rodata.ADC_Samp_ChxConvDoneCallback)
</UL>
<P><STRONG><a name="[6f]"></a>LL_ADC_Samp_Ch11ConvDoneCallback</STRONG> (Thumb, 2 bytes, Stack size 0 bytes, tae32g58xx_ll_adc.o(.text.LL_ADC_Samp_Ch11ConvDoneCallback))
<BR>[Address Reference Count : 1]<UL><LI> tae32g58xx_ll_adc.o(.rodata.ADC_Samp_ChxConvDoneCallback)
</UL>
<P><STRONG><a name="[70]"></a>LL_ADC_Samp_Ch12ConvDoneCallback</STRONG> (Thumb, 2 bytes, Stack size 0 bytes, tae32g58xx_ll_adc.o(.text.LL_ADC_Samp_Ch12ConvDoneCallback))
<BR>[Address Reference Count : 1]<UL><LI> tae32g58xx_ll_adc.o(.rodata.ADC_Samp_ChxConvDoneCallback)
</UL>
<P><STRONG><a name="[71]"></a>LL_ADC_Samp_Ch13ConvDoneCallback</STRONG> (Thumb, 2 bytes, Stack size 0 bytes, tae32g58xx_ll_adc.o(.text.LL_ADC_Samp_Ch13ConvDoneCallback))
<BR>[Address Reference Count : 1]<UL><LI> tae32g58xx_ll_adc.o(.rodata.ADC_Samp_ChxConvDoneCallback)
</UL>
<P><STRONG><a name="[72]"></a>LL_ADC_Samp_Ch14ConvDoneCallback</STRONG> (Thumb, 2 bytes, Stack size 0 bytes, tae32g58xx_ll_adc.o(.text.LL_ADC_Samp_Ch14ConvDoneCallback))
<BR>[Address Reference Count : 1]<UL><LI> tae32g58xx_ll_adc.o(.rodata.ADC_Samp_ChxConvDoneCallback)
</UL>
<P><STRONG><a name="[73]"></a>LL_ADC_Samp_Ch15ConvDoneCallback</STRONG> (Thumb, 2 bytes, Stack size 0 bytes, tae32g58xx_ll_adc.o(.text.LL_ADC_Samp_Ch15ConvDoneCallback))
<BR>[Address Reference Count : 1]<UL><LI> tae32g58xx_ll_adc.o(.rodata.ADC_Samp_ChxConvDoneCallback)
</UL>
<P><STRONG><a name="[74]"></a>LL_ADC_Samp_Ch16ConvDoneCallback</STRONG> (Thumb, 2 bytes, Stack size 0 bytes, tae32g58xx_ll_adc.o(.text.LL_ADC_Samp_Ch16ConvDoneCallback))
<BR>[Address Reference Count : 1]<UL><LI> tae32g58xx_ll_adc.o(.rodata.ADC_Samp_ChxConvDoneCallback)
</UL>
<P><STRONG><a name="[75]"></a>LL_ADC_Samp_Ch17ConvDoneCallback</STRONG> (Thumb, 2 bytes, Stack size 0 bytes, tae32g58xx_ll_adc.o(.text.LL_ADC_Samp_Ch17ConvDoneCallback))
<BR>[Address Reference Count : 1]<UL><LI> tae32g58xx_ll_adc.o(.rodata.ADC_Samp_ChxConvDoneCallback)
</UL>
<P><STRONG><a name="[76]"></a>LL_ADC_Samp_Ch18ConvDoneCallback</STRONG> (Thumb, 2 bytes, Stack size 0 bytes, tae32g58xx_ll_adc.o(.text.LL_ADC_Samp_Ch18ConvDoneCallback))
<BR>[Address Reference Count : 1]<UL><LI> tae32g58xx_ll_adc.o(.rodata.ADC_Samp_ChxConvDoneCallback)
</UL>
<P><STRONG><a name="[77]"></a>LL_ADC_Samp_Ch19ConvDoneCallback</STRONG> (Thumb, 2 bytes, Stack size 0 bytes, tae32g58xx_ll_adc.o(.text.LL_ADC_Samp_Ch19ConvDoneCallback))
<BR>[Address Reference Count : 1]<UL><LI> tae32g58xx_ll_adc.o(.rodata.ADC_Samp_ChxConvDoneCallback)
</UL>
<P><STRONG><a name="[65]"></a>LL_ADC_Samp_Ch1ConvDoneCallback</STRONG> (Thumb, 2 bytes, Stack size 0 bytes, tae32g58xx_ll_adc.o(.text.LL_ADC_Samp_Ch1ConvDoneCallback))
<BR>[Address Reference Count : 1]<UL><LI> tae32g58xx_ll_adc.o(.rodata.ADC_Samp_ChxConvDoneCallback)
</UL>
<P><STRONG><a name="[66]"></a>LL_ADC_Samp_Ch2ConvDoneCallback</STRONG> (Thumb, 2 bytes, Stack size 0 bytes, tae32g58xx_ll_adc.o(.text.LL_ADC_Samp_Ch2ConvDoneCallback))
<BR>[Address Reference Count : 1]<UL><LI> tae32g58xx_ll_adc.o(.rodata.ADC_Samp_ChxConvDoneCallback)
</UL>
<P><STRONG><a name="[67]"></a>LL_ADC_Samp_Ch3ConvDoneCallback</STRONG> (Thumb, 2 bytes, Stack size 0 bytes, tae32g58xx_ll_adc.o(.text.LL_ADC_Samp_Ch3ConvDoneCallback))
<BR>[Address Reference Count : 1]<UL><LI> tae32g58xx_ll_adc.o(.rodata.ADC_Samp_ChxConvDoneCallback)
</UL>
<P><STRONG><a name="[68]"></a>LL_ADC_Samp_Ch4ConvDoneCallback</STRONG> (Thumb, 2 bytes, Stack size 0 bytes, tae32g58xx_ll_adc.o(.text.LL_ADC_Samp_Ch4ConvDoneCallback))
<BR>[Address Reference Count : 1]<UL><LI> tae32g58xx_ll_adc.o(.rodata.ADC_Samp_ChxConvDoneCallback)
</UL>
<P><STRONG><a name="[69]"></a>LL_ADC_Samp_Ch5ConvDoneCallback</STRONG> (Thumb, 2 bytes, Stack size 0 bytes, tae32g58xx_ll_adc.o(.text.LL_ADC_Samp_Ch5ConvDoneCallback))
<BR>[Address Reference Count : 1]<UL><LI> tae32g58xx_ll_adc.o(.rodata.ADC_Samp_ChxConvDoneCallback)
</UL>
<P><STRONG><a name="[6a]"></a>LL_ADC_Samp_Ch6ConvDoneCallback</STRONG> (Thumb, 2 bytes, Stack size 0 bytes, tae32g58xx_ll_adc.o(.text.LL_ADC_Samp_Ch6ConvDoneCallback))
<BR>[Address Reference Count : 1]<UL><LI> tae32g58xx_ll_adc.o(.rodata.ADC_Samp_ChxConvDoneCallback)
</UL>
<P><STRONG><a name="[6b]"></a>LL_ADC_Samp_Ch7ConvDoneCallback</STRONG> (Thumb, 2 bytes, Stack size 0 bytes, tae32g58xx_ll_adc.o(.text.LL_ADC_Samp_Ch7ConvDoneCallback))
<BR>[Address Reference Count : 1]<UL><LI> tae32g58xx_ll_adc.o(.rodata.ADC_Samp_ChxConvDoneCallback)
</UL>
<P><STRONG><a name="[6c]"></a>LL_ADC_Samp_Ch8ConvDoneCallback</STRONG> (Thumb, 2 bytes, Stack size 0 bytes, tae32g58xx_ll_adc.o(.text.LL_ADC_Samp_Ch8ConvDoneCallback))
<BR>[Address Reference Count : 1]<UL><LI> tae32g58xx_ll_adc.o(.rodata.ADC_Samp_ChxConvDoneCallback)
</UL>
<P><STRONG><a name="[6d]"></a>LL_ADC_Samp_Ch9ConvDoneCallback</STRONG> (Thumb, 2 bytes, Stack size 0 bytes, tae32g58xx_ll_adc.o(.text.LL_ADC_Samp_Ch9ConvDoneCallback))
<BR>[Address Reference Count : 1]<UL><LI> tae32g58xx_ll_adc.o(.rodata.ADC_Samp_ChxConvDoneCallback)
</UL>
<P><STRONG><a name="[9d]"></a>LL_ADC_Samp_ChConvDoneCallback</STRONG> (Thumb, 2 bytes, Stack size 0 bytes, tae32g58xx_ll_adc.o(.text.LL_ADC_Samp_ChConvDoneCallback))
<BR><BR>[Called By]<UL><LI><a href="#[8c]">&gt;&gt;</a>&nbsp;&nbsp;&nbsp;LL_ADC_Samp_IRQHandler
</UL>

<P><STRONG><a name="[8c]"></a>LL_ADC_Samp_IRQHandler</STRONG> (Thumb, 122 bytes, Stack size 32 bytes, tae32g58xx_ll_adc.o(.text.LL_ADC_Samp_IRQHandler))
<BR><BR>[Stack]<UL><LI>Max Depth = 56<LI>Call Chain = LL_ADC_Samp_IRQHandler &rArr; assert_failed &rArr; __2printf
</UL>
<BR>[Calls]<UL><LI><a href="#[8e]">&gt;&gt;</a>&nbsp;&nbsp;&nbsp;assert_failed
<LI><a href="#[9d]">&gt;&gt;</a>&nbsp;&nbsp;&nbsp;LL_ADC_Samp_ChConvDoneCallback
</UL>
<BR>[Called By]<UL><LI><a href="#[4f]">&gt;&gt;</a>&nbsp;&nbsp;&nbsp;ADC1_SAMP_IRQHandler
</UL>

<P><STRONG><a name="[9e]"></a>LL_CMP_Init</STRONG> (Thumb, 258 bytes, Stack size 16 bytes, tae32g58xx_ll_cmp.o(.text.LL_CMP_Init))
<BR><BR>[Stack]<UL><LI>Max Depth = 104<LI>Call Chain = LL_CMP_Init &rArr; LL_CMP_MspInit &rArr; LL_GPIO_Init &rArr; assert_failed &rArr; __2printf
</UL>
<BR>[Calls]<UL><LI><a href="#[94]">&gt;&gt;</a>&nbsp;&nbsp;&nbsp;LL_IsExtCfgEnGrp
<LI><a href="#[9f]">&gt;&gt;</a>&nbsp;&nbsp;&nbsp;LL_CMP_MspInit
<LI><a href="#[8e]">&gt;&gt;</a>&nbsp;&nbsp;&nbsp;assert_failed
</UL>
<BR>[Called By]<UL><LI><a href="#[e4]">&gt;&gt;</a>&nbsp;&nbsp;&nbsp;cmp_app_init
</UL>

<P><STRONG><a name="[9f]"></a>LL_CMP_MspInit</STRONG> (Thumb, 112 bytes, Stack size 24 bytes, cmp_app.o(.text.LL_CMP_MspInit))
<BR><BR>[Stack]<UL><LI>Max Depth = 88<LI>Call Chain = LL_CMP_MspInit &rArr; LL_GPIO_Init &rArr; assert_failed &rArr; __2printf
</UL>
<BR>[Calls]<UL><LI><a href="#[a0]">&gt;&gt;</a>&nbsp;&nbsp;&nbsp;LL_RCU_CMP_ClkEnRstRelease
<LI><a href="#[8e]">&gt;&gt;</a>&nbsp;&nbsp;&nbsp;assert_failed
<LI><a href="#[97]">&gt;&gt;</a>&nbsp;&nbsp;&nbsp;LL_GPIO_Init
</UL>
<BR>[Called By]<UL><LI><a href="#[9e]">&gt;&gt;</a>&nbsp;&nbsp;&nbsp;LL_CMP_Init
</UL>

<P><STRONG><a name="[a1]"></a>LL_CMP_Start</STRONG> (Thumb, 48 bytes, Stack size 8 bytes, tae32g58xx_ll_cmp.o(.text.LL_CMP_Start))
<BR><BR>[Stack]<UL><LI>Max Depth = 32<LI>Call Chain = LL_CMP_Start &rArr; assert_failed &rArr; __2printf
</UL>
<BR>[Calls]<UL><LI><a href="#[8e]">&gt;&gt;</a>&nbsp;&nbsp;&nbsp;assert_failed
</UL>
<BR>[Called By]<UL><LI><a href="#[e5]">&gt;&gt;</a>&nbsp;&nbsp;&nbsp;cmp_app_start
</UL>

<P><STRONG><a name="[a2]"></a>LL_DAC_Init</STRONG> (Thumb, 128 bytes, Stack size 16 bytes, tae32g58xx_ll_dac.o(.text.LL_DAC_Init))
<BR><BR>[Stack]<UL><LI>Max Depth = 48<LI>Call Chain = LL_DAC_Init &rArr; LL_DAC_MspInit &rArr; assert_failed &rArr; __2printf
</UL>
<BR>[Calls]<UL><LI><a href="#[a3]">&gt;&gt;</a>&nbsp;&nbsp;&nbsp;LL_DAC_MspInit
<LI><a href="#[8e]">&gt;&gt;</a>&nbsp;&nbsp;&nbsp;assert_failed
</UL>
<BR>[Called By]<UL><LI><a href="#[e6]">&gt;&gt;</a>&nbsp;&nbsp;&nbsp;dac_app_init
</UL>

<P><STRONG><a name="[a3]"></a>LL_DAC_MspInit</STRONG> (Thumb, 40 bytes, Stack size 8 bytes, dac_app.o(.text.LL_DAC_MspInit))
<BR><BR>[Stack]<UL><LI>Max Depth = 32<LI>Call Chain = LL_DAC_MspInit &rArr; assert_failed &rArr; __2printf
</UL>
<BR>[Calls]<UL><LI><a href="#[a4]">&gt;&gt;</a>&nbsp;&nbsp;&nbsp;LL_RCU_DAC_ClkEnRstRelease
<LI><a href="#[8e]">&gt;&gt;</a>&nbsp;&nbsp;&nbsp;assert_failed
</UL>
<BR>[Called By]<UL><LI><a href="#[a2]">&gt;&gt;</a>&nbsp;&nbsp;&nbsp;LL_DAC_Init
</UL>

<P><STRONG><a name="[a5]"></a>LL_DAC_Start</STRONG> (Thumb, 48 bytes, Stack size 8 bytes, tae32g58xx_ll_dac.o(.text.LL_DAC_Start))
<BR><BR>[Stack]<UL><LI>Max Depth = 32<LI>Call Chain = LL_DAC_Start &rArr; assert_failed &rArr; __2printf
</UL>
<BR>[Calls]<UL><LI><a href="#[8e]">&gt;&gt;</a>&nbsp;&nbsp;&nbsp;assert_failed
</UL>
<BR>[Called By]<UL><LI><a href="#[e7]">&gt;&gt;</a>&nbsp;&nbsp;&nbsp;dac_app_start
</UL>

<P><STRONG><a name="[a6]"></a>LL_DAC_ValueSet</STRONG> (Thumb, 50 bytes, Stack size 8 bytes, tae32g58xx_ll_dac.o(.text.LL_DAC_ValueSet))
<BR><BR>[Stack]<UL><LI>Max Depth = 32<LI>Call Chain = LL_DAC_ValueSet &rArr; assert_failed &rArr; __2printf
</UL>
<BR>[Calls]<UL><LI><a href="#[8e]">&gt;&gt;</a>&nbsp;&nbsp;&nbsp;assert_failed
</UL>
<BR>[Called By]<UL><LI><a href="#[e6]">&gt;&gt;</a>&nbsp;&nbsp;&nbsp;dac_app_init
</UL>

<P><STRONG><a name="[a7]"></a>LL_DMA_Init</STRONG> (Thumb, 996 bytes, Stack size 32 bytes, tae32g58xx_ll_dma.o(.text.LL_DMA_Init))
<BR><BR>[Stack]<UL><LI>Max Depth = 56<LI>Call Chain = LL_DMA_Init &rArr; assert_failed &rArr; __2printf
</UL>
<BR>[Calls]<UL><LI><a href="#[94]">&gt;&gt;</a>&nbsp;&nbsp;&nbsp;LL_IsExtCfgEnGrp
<LI><a href="#[8e]">&gt;&gt;</a>&nbsp;&nbsp;&nbsp;assert_failed
<LI><a href="#[90]">&gt;&gt;</a>&nbsp;&nbsp;&nbsp;puts
<LI><a href="#[8f]">&gt;&gt;</a>&nbsp;&nbsp;&nbsp;__2printf
</UL>
<BR>[Called By]<UL><LI><a href="#[df]">&gt;&gt;</a>&nbsp;&nbsp;&nbsp;VOFA_Init
</UL>

<P><STRONG><a name="[97]"></a>LL_GPIO_Init</STRONG> (Thumb, 528 bytes, Stack size 40 bytes, tae32g58xx_ll_gpio.o(.text.LL_GPIO_Init))
<BR><BR>[Stack]<UL><LI>Max Depth = 64<LI>Call Chain = LL_GPIO_Init &rArr; assert_failed &rArr; __2printf
</UL>
<BR>[Calls]<UL><LI><a href="#[94]">&gt;&gt;</a>&nbsp;&nbsp;&nbsp;LL_IsExtCfgEnGrp
<LI><a href="#[8e]">&gt;&gt;</a>&nbsp;&nbsp;&nbsp;assert_failed
<LI><a href="#[8f]">&gt;&gt;</a>&nbsp;&nbsp;&nbsp;__2printf
</UL>
<BR>[Called By]<UL><LI><a href="#[d5]">&gt;&gt;</a>&nbsp;&nbsp;&nbsp;LL_UART_MspInit
<LI><a href="#[9f]">&gt;&gt;</a>&nbsp;&nbsp;&nbsp;LL_CMP_MspInit
<LI><a href="#[e8]">&gt;&gt;</a>&nbsp;&nbsp;&nbsp;gpio_init_app
<LI><a href="#[93]">&gt;&gt;</a>&nbsp;&nbsp;&nbsp;LL_ADC_MspInit
<LI><a href="#[b8]">&gt;&gt;</a>&nbsp;&nbsp;&nbsp;LL_HRPWM_MspInit
</UL>

<P><STRONG><a name="[a8]"></a>LL_GPIO_ReadPin</STRONG> (Thumb, 92 bytes, Stack size 8 bytes, tae32g58xx_ll_gpio.o(.text.LL_GPIO_ReadPin))
<BR><BR>[Stack]<UL><LI>Max Depth = 32<LI>Call Chain = LL_GPIO_ReadPin &rArr; assert_failed &rArr; __2printf
</UL>
<BR>[Calls]<UL><LI><a href="#[8e]">&gt;&gt;</a>&nbsp;&nbsp;&nbsp;assert_failed
</UL>
<BR>[Called By]<UL><LI><a href="#[fe]">&gt;&gt;</a>&nbsp;&nbsp;&nbsp;fault_check_app (via Veneer)
<LI><a href="#[fd]">&gt;&gt;</a>&nbsp;&nbsp;&nbsp;input_dcbus_voltage_check_app (via Veneer)
<LI><a href="#[fc]">&gt;&gt;</a>&nbsp;&nbsp;&nbsp;switch_state_check_app (via Veneer)
</UL>

<P><STRONG><a name="[96]"></a>LL_GetTick</STRONG> (Thumb, 12 bytes, Stack size 0 bytes, tae32g58xx_ll.o(.text.LL_GetTick))
<BR><BR>[Called By]<UL><LI><a href="#[92]">&gt;&gt;</a>&nbsp;&nbsp;&nbsp;LL_ADC_Init
<LI><a href="#[ba]">&gt;&gt;</a>&nbsp;&nbsp;&nbsp;LL_HRPWM_RegUpd_Frc
</UL>

<P><STRONG><a name="[a9]"></a>LL_HRPWM_Comm_ADCTrigCfg</STRONG> (Thumb, 614 bytes, Stack size 24 bytes, tae32g58xx_ll_hrpwm.o(.text.LL_HRPWM_Comm_ADCTrigCfg))
<BR><BR>[Stack]<UL><LI>Max Depth = 48<LI>Call Chain = LL_HRPWM_Comm_ADCTrigCfg &rArr; assert_failed &rArr; __2printf
</UL>
<BR>[Calls]<UL><LI><a href="#[8e]">&gt;&gt;</a>&nbsp;&nbsp;&nbsp;assert_failed
</UL>
<BR>[Called By]<UL><LI><a href="#[ea]">&gt;&gt;</a>&nbsp;&nbsp;&nbsp;hrpwm_app_inital
</UL>

<P><STRONG><a name="[b6]"></a>LL_HRPWM_Comm_BurstPrdCallback</STRONG> (Thumb, 2 bytes, Stack size 0 bytes, tae32g58xx_ll_hrpwm.o(.text.LL_HRPWM_Comm_BurstPrdCallback))
<BR><BR>[Called By]<UL><LI><a href="#[ac]">&gt;&gt;</a>&nbsp;&nbsp;&nbsp;LL_HRPWM_Comm_IRQHandler
</UL>

<P><STRONG><a name="[aa]"></a>LL_HRPWM_Comm_DLL_Start</STRONG> (Thumb, 64 bytes, Stack size 8 bytes, tae32g58xx_ll_hrpwm.o(.text.LL_HRPWM_Comm_DLL_Start))
<BR><BR>[Stack]<UL><LI>Max Depth = 32<LI>Call Chain = LL_HRPWM_Comm_DLL_Start &rArr; assert_failed &rArr; __2printf
</UL>
<BR>[Calls]<UL><LI><a href="#[8e]">&gt;&gt;</a>&nbsp;&nbsp;&nbsp;assert_failed
</UL>
<BR>[Called By]<UL><LI><a href="#[e9]">&gt;&gt;</a>&nbsp;&nbsp;&nbsp;hrpwm_app_config
</UL>

<P><STRONG><a name="[ae]"></a>LL_HRPWM_Comm_Flt1Callback</STRONG> (Thumb, 2 bytes, Stack size 0 bytes, tae32g58xx_ll_hrpwm.o(.text.LL_HRPWM_Comm_Flt1Callback))
<BR><BR>[Called By]<UL><LI><a href="#[ac]">&gt;&gt;</a>&nbsp;&nbsp;&nbsp;LL_HRPWM_Comm_IRQHandler
</UL>

<P><STRONG><a name="[af]"></a>LL_HRPWM_Comm_Flt2Callback</STRONG> (Thumb, 2 bytes, Stack size 0 bytes, tae32g58xx_ll_hrpwm.o(.text.LL_HRPWM_Comm_Flt2Callback))
<BR><BR>[Called By]<UL><LI><a href="#[ac]">&gt;&gt;</a>&nbsp;&nbsp;&nbsp;LL_HRPWM_Comm_IRQHandler
</UL>

<P><STRONG><a name="[b1]"></a>LL_HRPWM_Comm_Flt4Callback</STRONG> (Thumb, 2 bytes, Stack size 0 bytes, tae32g58xx_ll_hrpwm.o(.text.LL_HRPWM_Comm_Flt4Callback))
<BR><BR>[Called By]<UL><LI><a href="#[ac]">&gt;&gt;</a>&nbsp;&nbsp;&nbsp;LL_HRPWM_Comm_IRQHandler
</UL>

<P><STRONG><a name="[b2]"></a>LL_HRPWM_Comm_Flt5Callback</STRONG> (Thumb, 2 bytes, Stack size 0 bytes, tae32g58xx_ll_hrpwm.o(.text.LL_HRPWM_Comm_Flt5Callback))
<BR><BR>[Called By]<UL><LI><a href="#[ac]">&gt;&gt;</a>&nbsp;&nbsp;&nbsp;LL_HRPWM_Comm_IRQHandler
</UL>

<P><STRONG><a name="[ab]"></a>LL_HRPWM_Comm_FltCfg</STRONG> (Thumb, 444 bytes, Stack size 32 bytes, tae32g58xx_ll_hrpwm.o(.text.LL_HRPWM_Comm_FltCfg))
<BR><BR>[Stack]<UL><LI>Max Depth = 56<LI>Call Chain = LL_HRPWM_Comm_FltCfg &rArr; assert_failed &rArr; __2printf
</UL>
<BR>[Calls]<UL><LI><a href="#[8e]">&gt;&gt;</a>&nbsp;&nbsp;&nbsp;assert_failed
</UL>
<BR>[Called By]<UL><LI><a href="#[e9]">&gt;&gt;</a>&nbsp;&nbsp;&nbsp;hrpwm_app_config
</UL>

<P><STRONG><a name="[ac]"></a>LL_HRPWM_Comm_IRQHandler</STRONG> (Thumb, 282 bytes, Stack size 16 bytes, tae32g58xx_ll_hrpwm.o(.text.LL_HRPWM_Comm_IRQHandler))
<BR><BR>[Stack]<UL><LI>Max Depth = 40<LI>Call Chain = LL_HRPWM_Comm_IRQHandler &rArr; assert_failed &rArr; __2printf
</UL>
<BR>[Calls]<UL><LI><a href="#[8e]">&gt;&gt;</a>&nbsp;&nbsp;&nbsp;assert_failed
<LI><a href="#[b3]">&gt;&gt;</a>&nbsp;&nbsp;&nbsp;LL_HRPWM_Comm_Flt6Callback (via Veneer)
<LI><a href="#[b4]">&gt;&gt;</a>&nbsp;&nbsp;&nbsp;LL_HRPWM_Comm_Flt7Callback (via Veneer)
<LI><a href="#[b0]">&gt;&gt;</a>&nbsp;&nbsp;&nbsp;LL_HRPWM_Comm_Flt3Callback (via Veneer)
<LI><a href="#[ad]">&gt;&gt;</a>&nbsp;&nbsp;&nbsp;LL_HRPWM_Comm_Flt0Callback (via Veneer)
<LI><a href="#[b6]">&gt;&gt;</a>&nbsp;&nbsp;&nbsp;LL_HRPWM_Comm_BurstPrdCallback
<LI><a href="#[b5]">&gt;&gt;</a>&nbsp;&nbsp;&nbsp;LL_HRPWM_Comm_SysFltCallback
<LI><a href="#[b2]">&gt;&gt;</a>&nbsp;&nbsp;&nbsp;LL_HRPWM_Comm_Flt5Callback
<LI><a href="#[b1]">&gt;&gt;</a>&nbsp;&nbsp;&nbsp;LL_HRPWM_Comm_Flt4Callback
<LI><a href="#[af]">&gt;&gt;</a>&nbsp;&nbsp;&nbsp;LL_HRPWM_Comm_Flt2Callback
<LI><a href="#[ae]">&gt;&gt;</a>&nbsp;&nbsp;&nbsp;LL_HRPWM_Comm_Flt1Callback
</UL>
<BR>[Called By]<UL><LI><a href="#[49]">&gt;&gt;</a>&nbsp;&nbsp;&nbsp;HRPWM_COMM_IRQHandler (via Veneer)
</UL>

<P><STRONG><a name="[b5]"></a>LL_HRPWM_Comm_SysFltCallback</STRONG> (Thumb, 2 bytes, Stack size 0 bytes, tae32g58xx_ll_hrpwm.o(.text.LL_HRPWM_Comm_SysFltCallback))
<BR><BR>[Called By]<UL><LI><a href="#[ac]">&gt;&gt;</a>&nbsp;&nbsp;&nbsp;LL_HRPWM_Comm_IRQHandler
</UL>

<P><STRONG><a name="[b7]"></a>LL_HRPWM_Init</STRONG> (Thumb, 44 bytes, Stack size 8 bytes, tae32g58xx_ll_hrpwm.o(.text.LL_HRPWM_Init))
<BR><BR>[Stack]<UL><LI>Max Depth = 104<LI>Call Chain = LL_HRPWM_Init &rArr; LL_HRPWM_MspInit &rArr; LL_GPIO_Init &rArr; assert_failed &rArr; __2printf
</UL>
<BR>[Calls]<UL><LI><a href="#[8e]">&gt;&gt;</a>&nbsp;&nbsp;&nbsp;assert_failed
<LI><a href="#[b8]">&gt;&gt;</a>&nbsp;&nbsp;&nbsp;LL_HRPWM_MspInit
</UL>
<BR>[Called By]<UL><LI><a href="#[e9]">&gt;&gt;</a>&nbsp;&nbsp;&nbsp;hrpwm_app_config
</UL>

<P><STRONG><a name="[b8]"></a>LL_HRPWM_MspInit</STRONG> (Thumb, 116 bytes, Stack size 32 bytes, hrpwm_app.o(.text.LL_HRPWM_MspInit))
<BR><BR>[Stack]<UL><LI>Max Depth = 96<LI>Call Chain = LL_HRPWM_MspInit &rArr; LL_GPIO_Init &rArr; assert_failed &rArr; __2printf
</UL>
<BR>[Calls]<UL><LI><a href="#[9a]">&gt;&gt;</a>&nbsp;&nbsp;&nbsp;LL_NVIC_EnableIRQ
<LI><a href="#[b9]">&gt;&gt;</a>&nbsp;&nbsp;&nbsp;LL_RCU_HRPWM_ClkEnRstRelease
<LI><a href="#[97]">&gt;&gt;</a>&nbsp;&nbsp;&nbsp;LL_GPIO_Init
</UL>
<BR>[Called By]<UL><LI><a href="#[b7]">&gt;&gt;</a>&nbsp;&nbsp;&nbsp;LL_HRPWM_Init
</UL>

<P><STRONG><a name="[ba]"></a>LL_HRPWM_RegUpd_Frc</STRONG> (Thumb, 154 bytes, Stack size 24 bytes, tae32g58xx_ll_hrpwm.o(.text.LL_HRPWM_RegUpd_Frc))
<BR><BR>[Stack]<UL><LI>Max Depth = 48<LI>Call Chain = LL_HRPWM_RegUpd_Frc &rArr; assert_failed &rArr; __2printf
</UL>
<BR>[Calls]<UL><LI><a href="#[96]">&gt;&gt;</a>&nbsp;&nbsp;&nbsp;LL_GetTick
<LI><a href="#[8e]">&gt;&gt;</a>&nbsp;&nbsp;&nbsp;assert_failed
</UL>
<BR>[Called By]<UL><LI><a href="#[ea]">&gt;&gt;</a>&nbsp;&nbsp;&nbsp;hrpwm_app_inital
<LI><a href="#[e9]">&gt;&gt;</a>&nbsp;&nbsp;&nbsp;hrpwm_app_config
</UL>

<P><STRONG><a name="[bb]"></a>LL_HRPWM_Slv_OutputCfg</STRONG> (Thumb, 508 bytes, Stack size 24 bytes, tae32g58xx_ll_hrpwm.o(.text.LL_HRPWM_Slv_OutputCfg))
<BR><BR>[Stack]<UL><LI>Max Depth = 48<LI>Call Chain = LL_HRPWM_Slv_OutputCfg &rArr; assert_failed &rArr; __2printf
</UL>
<BR>[Calls]<UL><LI><a href="#[8e]">&gt;&gt;</a>&nbsp;&nbsp;&nbsp;assert_failed
</UL>
<BR>[Called By]<UL><LI><a href="#[e9]">&gt;&gt;</a>&nbsp;&nbsp;&nbsp;hrpwm_app_config
</UL>

<P><STRONG><a name="[bc]"></a>LL_HRPWM_TmrBaseCfg</STRONG> (Thumb, 608 bytes, Stack size 16 bytes, tae32g58xx_ll_hrpwm.o(.text.LL_HRPWM_TmrBaseCfg))
<BR><BR>[Stack]<UL><LI>Max Depth = 40<LI>Call Chain = LL_HRPWM_TmrBaseCfg &rArr; assert_failed &rArr; __2printf
</UL>
<BR>[Calls]<UL><LI><a href="#[8e]">&gt;&gt;</a>&nbsp;&nbsp;&nbsp;assert_failed
</UL>
<BR>[Called By]<UL><LI><a href="#[ea]">&gt;&gt;</a>&nbsp;&nbsp;&nbsp;hrpwm_app_inital
<LI><a href="#[e9]">&gt;&gt;</a>&nbsp;&nbsp;&nbsp;hrpwm_app_config
</UL>

<P><STRONG><a name="[bd]"></a>LL_HRPWM_TmrCmpCfg</STRONG> (Thumb, 416 bytes, Stack size 8 bytes, tae32g58xx_ll_hrpwm.o(.text.LL_HRPWM_TmrCmpCfg))
<BR><BR>[Stack]<UL><LI>Max Depth = 32<LI>Call Chain = LL_HRPWM_TmrCmpCfg &rArr; assert_failed &rArr; __2printf
</UL>
<BR>[Calls]<UL><LI><a href="#[8e]">&gt;&gt;</a>&nbsp;&nbsp;&nbsp;assert_failed
</UL>
<BR>[Called By]<UL><LI><a href="#[ea]">&gt;&gt;</a>&nbsp;&nbsp;&nbsp;hrpwm_app_inital
<LI><a href="#[e9]">&gt;&gt;</a>&nbsp;&nbsp;&nbsp;hrpwm_app_config
</UL>

<P><STRONG><a name="[de]"></a>LL_IncTick</STRONG> (Thumb, 26 bytes, Stack size 0 bytes, tae32g58xx_ll.o(.text.LL_IncTick))
<BR><BR>[Called By]<UL><LI><a href="#[9]">&gt;&gt;</a>&nbsp;&nbsp;&nbsp;SysTick_Handler
</UL>

<P><STRONG><a name="[be]"></a>LL_Init</STRONG> (Thumb, 48 bytes, Stack size 8 bytes, tae32g58xx_ll.o(.text.LL_Init))
<BR><BR>[Stack]<UL><LI>Max Depth = 64<LI>Call Chain = LL_Init &rArr; LL_InitTick &rArr; LL_NVIC_SetPriority &rArr; assert_failed &rArr; __2printf
</UL>
<BR>[Calls]<UL><LI><a href="#[c0]">&gt;&gt;</a>&nbsp;&nbsp;&nbsp;LL_InitTick
<LI><a href="#[c1]">&gt;&gt;</a>&nbsp;&nbsp;&nbsp;LL_MspInit
<LI><a href="#[bf]">&gt;&gt;</a>&nbsp;&nbsp;&nbsp;LL_NVIC_SetPriorityGrouping
</UL>
<BR>[Called By]<UL><LI><a href="#[62]">&gt;&gt;</a>&nbsp;&nbsp;&nbsp;main
</UL>

<P><STRONG><a name="[c0]"></a>LL_InitTick</STRONG> (Thumb, 70 bytes, Stack size 16 bytes, tae32g58xx_ll.o(.text.LL_InitTick))
<BR><BR>[Stack]<UL><LI>Max Depth = 56<LI>Call Chain = LL_InitTick &rArr; LL_NVIC_SetPriority &rArr; assert_failed &rArr; __2printf
</UL>
<BR>[Calls]<UL><LI><a href="#[c3]">&gt;&gt;</a>&nbsp;&nbsp;&nbsp;LL_SYSTICK_Config
<LI><a href="#[c2]">&gt;&gt;</a>&nbsp;&nbsp;&nbsp;LL_RCU_SysclkGet
<LI><a href="#[c4]">&gt;&gt;</a>&nbsp;&nbsp;&nbsp;LL_NVIC_SetPriority
</UL>
<BR>[Called By]<UL><LI><a href="#[be]">&gt;&gt;</a>&nbsp;&nbsp;&nbsp;LL_Init
</UL>

<P><STRONG><a name="[94]"></a>LL_IsExtCfgEnGrp</STRONG> (Thumb, 22 bytes, Stack size 0 bytes, tae32g58xx_ll.o(.text.LL_IsExtCfgEnGrp))
<BR><BR>[Called By]<UL><LI><a href="#[a7]">&gt;&gt;</a>&nbsp;&nbsp;&nbsp;LL_DMA_Init
<LI><a href="#[d4]">&gt;&gt;</a>&nbsp;&nbsp;&nbsp;LL_UART_Init
<LI><a href="#[9e]">&gt;&gt;</a>&nbsp;&nbsp;&nbsp;LL_CMP_Init
<LI><a href="#[92]">&gt;&gt;</a>&nbsp;&nbsp;&nbsp;LL_ADC_Init
<LI><a href="#[97]">&gt;&gt;</a>&nbsp;&nbsp;&nbsp;LL_GPIO_Init
</UL>

<P><STRONG><a name="[c1]"></a>LL_MspInit</STRONG> (Thumb, 38 bytes, Stack size 8 bytes, tae32g58xx_ll_msp.o(.text.LL_MspInit))
<BR><BR>[Stack]<UL><LI>Max Depth = 8<LI>Call Chain = LL_MspInit
</UL>
<BR>[Calls]<UL><LI><a href="#[cc]">&gt;&gt;</a>&nbsp;&nbsp;&nbsp;LL_RCU_EFLASH_ClkEnRstRelease
<LI><a href="#[cb]">&gt;&gt;</a>&nbsp;&nbsp;&nbsp;LL_RCU_DMA_ClkEnRstRelease
<LI><a href="#[ca]">&gt;&gt;</a>&nbsp;&nbsp;&nbsp;LL_RCU_GPIOF_ClkEnRstRelease
<LI><a href="#[c9]">&gt;&gt;</a>&nbsp;&nbsp;&nbsp;LL_RCU_GPIOE_ClkEnRstRelease
<LI><a href="#[c8]">&gt;&gt;</a>&nbsp;&nbsp;&nbsp;LL_RCU_GPIOD_ClkEnRstRelease
<LI><a href="#[c7]">&gt;&gt;</a>&nbsp;&nbsp;&nbsp;LL_RCU_GPIOC_ClkEnRstRelease
<LI><a href="#[c6]">&gt;&gt;</a>&nbsp;&nbsp;&nbsp;LL_RCU_GPIOB_ClkEnRstRelease
<LI><a href="#[c5]">&gt;&gt;</a>&nbsp;&nbsp;&nbsp;LL_RCU_GPIOA_ClkEnRstRelease
</UL>
<BR>[Called By]<UL><LI><a href="#[be]">&gt;&gt;</a>&nbsp;&nbsp;&nbsp;LL_Init
</UL>

<P><STRONG><a name="[9a]"></a>LL_NVIC_EnableIRQ</STRONG> (Thumb, 52 bytes, Stack size 0 bytes, tae32g58xx_ll_cortex.o(.text.LL_NVIC_EnableIRQ))
<BR><BR>[Stack]<UL><LI>Max Depth = 24<LI>Call Chain = LL_NVIC_EnableIRQ &rArr; assert_failed &rArr; __2printf
</UL>
<BR>[Calls]<UL><LI><a href="#[8e]">&gt;&gt;</a>&nbsp;&nbsp;&nbsp;assert_failed
</UL>
<BR>[Called By]<UL><LI><a href="#[d5]">&gt;&gt;</a>&nbsp;&nbsp;&nbsp;LL_UART_MspInit
<LI><a href="#[93]">&gt;&gt;</a>&nbsp;&nbsp;&nbsp;LL_ADC_MspInit
<LI><a href="#[b8]">&gt;&gt;</a>&nbsp;&nbsp;&nbsp;LL_HRPWM_MspInit
</UL>

<P><STRONG><a name="[c4]"></a>LL_NVIC_SetPriority</STRONG> (Thumb, 138 bytes, Stack size 16 bytes, tae32g58xx_ll_cortex.o(.text.LL_NVIC_SetPriority))
<BR><BR>[Stack]<UL><LI>Max Depth = 40<LI>Call Chain = LL_NVIC_SetPriority &rArr; assert_failed &rArr; __2printf
</UL>
<BR>[Calls]<UL><LI><a href="#[8e]">&gt;&gt;</a>&nbsp;&nbsp;&nbsp;assert_failed
</UL>
<BR>[Called By]<UL><LI><a href="#[c0]">&gt;&gt;</a>&nbsp;&nbsp;&nbsp;LL_InitTick
<LI><a href="#[62]">&gt;&gt;</a>&nbsp;&nbsp;&nbsp;main
</UL>

<P><STRONG><a name="[bf]"></a>LL_NVIC_SetPriorityGrouping</STRONG> (Thumb, 54 bytes, Stack size 0 bytes, tae32g58xx_ll_cortex.o(.text.LL_NVIC_SetPriorityGrouping))
<BR><BR>[Stack]<UL><LI>Max Depth = 24<LI>Call Chain = LL_NVIC_SetPriorityGrouping &rArr; assert_failed &rArr; __2printf
</UL>
<BR>[Calls]<UL><LI><a href="#[8e]">&gt;&gt;</a>&nbsp;&nbsp;&nbsp;assert_failed
</UL>
<BR>[Called By]<UL><LI><a href="#[be]">&gt;&gt;</a>&nbsp;&nbsp;&nbsp;LL_Init
<LI><a href="#[62]">&gt;&gt;</a>&nbsp;&nbsp;&nbsp;main
</UL>

<P><STRONG><a name="[98]"></a>LL_RCU_ADC0_ClkEnRstRelease</STRONG> (Thumb, 46 bytes, Stack size 0 bytes, tae32g58xx_ll_rcu.o(.text.LL_RCU_ADC0_ClkEnRstRelease))
<BR><BR>[Called By]<UL><LI><a href="#[93]">&gt;&gt;</a>&nbsp;&nbsp;&nbsp;LL_ADC_MspInit
</UL>

<P><STRONG><a name="[99]"></a>LL_RCU_ADC1_ClkEnRstRelease</STRONG> (Thumb, 46 bytes, Stack size 0 bytes, tae32g58xx_ll_rcu.o(.text.LL_RCU_ADC1_ClkEnRstRelease))
<BR><BR>[Called By]<UL><LI><a href="#[93]">&gt;&gt;</a>&nbsp;&nbsp;&nbsp;LL_ADC_MspInit
</UL>

<P><STRONG><a name="[cd]"></a>LL_RCU_ADC_ClkCfg</STRONG> (Thumb, 86 bytes, Stack size 8 bytes, tae32g58xx_ll_rcu.o(.text.LL_RCU_ADC_ClkCfg))
<BR><BR>[Stack]<UL><LI>Max Depth = 32<LI>Call Chain = LL_RCU_ADC_ClkCfg &rArr; assert_failed &rArr; __2printf
</UL>
<BR>[Calls]<UL><LI><a href="#[8e]">&gt;&gt;</a>&nbsp;&nbsp;&nbsp;assert_failed
</UL>
<BR>[Called By]<UL><LI><a href="#[62]">&gt;&gt;</a>&nbsp;&nbsp;&nbsp;main
</UL>

<P><STRONG><a name="[d6]"></a>LL_RCU_APB0ClkGet</STRONG> (Thumb, 30 bytes, Stack size 0 bytes, tae32g58xx_ll_rcu.o(.text.LL_RCU_APB0ClkGet))
<BR><BR>[Called By]<UL><LI><a href="#[d4]">&gt;&gt;</a>&nbsp;&nbsp;&nbsp;LL_UART_Init
</UL>

<P><STRONG><a name="[d7]"></a>LL_RCU_APB1ClkGet</STRONG> (Thumb, 30 bytes, Stack size 0 bytes, tae32g58xx_ll_rcu.o(.text.LL_RCU_APB1ClkGet))
<BR><BR>[Called By]<UL><LI><a href="#[d4]">&gt;&gt;</a>&nbsp;&nbsp;&nbsp;LL_UART_Init
</UL>

<P><STRONG><a name="[a0]"></a>LL_RCU_CMP_ClkEnRstRelease</STRONG> (Thumb, 38 bytes, Stack size 0 bytes, tae32g58xx_ll_rcu.o(.text.LL_RCU_CMP_ClkEnRstRelease))
<BR><BR>[Called By]<UL><LI><a href="#[9f]">&gt;&gt;</a>&nbsp;&nbsp;&nbsp;LL_CMP_MspInit
</UL>

<P><STRONG><a name="[a4]"></a>LL_RCU_DAC_ClkEnRstRelease</STRONG> (Thumb, 38 bytes, Stack size 0 bytes, tae32g58xx_ll_rcu.o(.text.LL_RCU_DAC_ClkEnRstRelease))
<BR><BR>[Called By]<UL><LI><a href="#[a3]">&gt;&gt;</a>&nbsp;&nbsp;&nbsp;LL_DAC_MspInit
</UL>

<P><STRONG><a name="[cb]"></a>LL_RCU_DMA_ClkEnRstRelease</STRONG> (Thumb, 38 bytes, Stack size 0 bytes, tae32g58xx_ll_rcu.o(.text.LL_RCU_DMA_ClkEnRstRelease))
<BR><BR>[Called By]<UL><LI><a href="#[c1]">&gt;&gt;</a>&nbsp;&nbsp;&nbsp;LL_MspInit
</UL>

<P><STRONG><a name="[cc]"></a>LL_RCU_EFLASH_ClkEnRstRelease</STRONG> (Thumb, 38 bytes, Stack size 0 bytes, tae32g58xx_ll_rcu.o(.text.LL_RCU_EFLASH_ClkEnRstRelease))
<BR><BR>[Called By]<UL><LI><a href="#[c1]">&gt;&gt;</a>&nbsp;&nbsp;&nbsp;LL_MspInit
</UL>

<P><STRONG><a name="[c5]"></a>LL_RCU_GPIOA_ClkEnRstRelease</STRONG> (Thumb, 38 bytes, Stack size 0 bytes, tae32g58xx_ll_rcu.o(.text.LL_RCU_GPIOA_ClkEnRstRelease))
<BR><BR>[Called By]<UL><LI><a href="#[c1]">&gt;&gt;</a>&nbsp;&nbsp;&nbsp;LL_MspInit
</UL>

<P><STRONG><a name="[c6]"></a>LL_RCU_GPIOB_ClkEnRstRelease</STRONG> (Thumb, 38 bytes, Stack size 0 bytes, tae32g58xx_ll_rcu.o(.text.LL_RCU_GPIOB_ClkEnRstRelease))
<BR><BR>[Called By]<UL><LI><a href="#[c1]">&gt;&gt;</a>&nbsp;&nbsp;&nbsp;LL_MspInit
</UL>

<P><STRONG><a name="[c7]"></a>LL_RCU_GPIOC_ClkEnRstRelease</STRONG> (Thumb, 38 bytes, Stack size 0 bytes, tae32g58xx_ll_rcu.o(.text.LL_RCU_GPIOC_ClkEnRstRelease))
<BR><BR>[Called By]<UL><LI><a href="#[c1]">&gt;&gt;</a>&nbsp;&nbsp;&nbsp;LL_MspInit
</UL>

<P><STRONG><a name="[c8]"></a>LL_RCU_GPIOD_ClkEnRstRelease</STRONG> (Thumb, 38 bytes, Stack size 0 bytes, tae32g58xx_ll_rcu.o(.text.LL_RCU_GPIOD_ClkEnRstRelease))
<BR><BR>[Called By]<UL><LI><a href="#[c1]">&gt;&gt;</a>&nbsp;&nbsp;&nbsp;LL_MspInit
</UL>

<P><STRONG><a name="[c9]"></a>LL_RCU_GPIOE_ClkEnRstRelease</STRONG> (Thumb, 38 bytes, Stack size 0 bytes, tae32g58xx_ll_rcu.o(.text.LL_RCU_GPIOE_ClkEnRstRelease))
<BR><BR>[Called By]<UL><LI><a href="#[c1]">&gt;&gt;</a>&nbsp;&nbsp;&nbsp;LL_MspInit
</UL>

<P><STRONG><a name="[ca]"></a>LL_RCU_GPIOF_ClkEnRstRelease</STRONG> (Thumb, 38 bytes, Stack size 0 bytes, tae32g58xx_ll_rcu.o(.text.LL_RCU_GPIOF_ClkEnRstRelease))
<BR><BR>[Called By]<UL><LI><a href="#[c1]">&gt;&gt;</a>&nbsp;&nbsp;&nbsp;LL_MspInit
</UL>

<P><STRONG><a name="[ce]"></a>LL_RCU_HRPWM_ClkCfg</STRONG> (Thumb, 70 bytes, Stack size 8 bytes, tae32g58xx_ll_rcu.o(.text.LL_RCU_HRPWM_ClkCfg))
[...]
</UL>
<BR>[Calls]<UL><LI><a href="#[a6]">&gt;&gt;</a>&nbsp;&nbsp;&nbsp;LL_DAC_ValueSet
<LI><a href="#[a2]">&gt;&gt;</a>&nbsp;&nbsp;&nbsp;LL_DAC_Init
</UL>
<BR>[Called By]<UL><LI><a href="#[62]">&gt;&gt;</a>&nbsp;&nbsp;&nbsp;main
</UL>

<P><STRONG><a name="[e7]"></a>dac_app_start</STRONG> (Thumb, 44 bytes, Stack size 8 bytes, dac_app.o(.text.dac_app_start))
<BR><BR>[Stack]<UL><LI>Max Depth = 40<LI>Call Chain = dac_app_start &rArr; LL_DAC_Start &rArr; assert_failed &rArr; __2printf
</UL>
<BR>[Calls]<UL><LI><a href="#[a5]">&gt;&gt;</a>&nbsp;&nbsp;&nbsp;LL_DAC_Start
</UL>
<BR>[Called By]<UL><LI><a href="#[62]">&gt;&gt;</a>&nbsp;&nbsp;&nbsp;main
</UL>

<P><STRONG><a name="[63]"></a>fputc</STRONG> (Thumb, 126 bytes, Stack size 0 bytes, user_debug.o(.text.fputc))
<BR><BR>[Called By]<UL><LI><a href="#[90]">&gt;&gt;</a>&nbsp;&nbsp;&nbsp;puts
</UL>
<BR>[Address Reference Count : 1]<UL><LI> printf8.o(i.__0printf$8)
</UL>
<P><STRONG><a name="[e8]"></a>gpio_init_app</STRONG> (Thumb, 110 bytes, Stack size 32 bytes, gpio_app.o(.text.gpio_init_app))
<BR><BR>[Stack]<UL><LI>Max Depth = 96<LI>Call Chain = gpio_init_app &rArr; LL_GPIO_Init &rArr; assert_failed &rArr; __2printf
</UL>
<BR>[Calls]<UL><LI><a href="#[97]">&gt;&gt;</a>&nbsp;&nbsp;&nbsp;LL_GPIO_Init
</UL>
<BR>[Called By]<UL><LI><a href="#[62]">&gt;&gt;</a>&nbsp;&nbsp;&nbsp;main
</UL>

<P><STRONG><a name="[e9]"></a>hrpwm_app_config</STRONG> (Thumb, 600 bytes, Stack size 160 bytes, hrpwm_app.o(.text.hrpwm_app_config))
<BR><BR>[Stack]<UL><LI>Max Depth = 264<LI>Call Chain = hrpwm_app_config &rArr; LL_HRPWM_Init &rArr; LL_HRPWM_MspInit &rArr; LL_GPIO_Init &rArr; assert_failed &rArr; __2printf
</UL>
<BR>[Calls]<UL><LI><a href="#[ba]">&gt;&gt;</a>&nbsp;&nbsp;&nbsp;LL_HRPWM_RegUpd_Frc
<LI><a href="#[aa]">&gt;&gt;</a>&nbsp;&nbsp;&nbsp;LL_HRPWM_Comm_DLL_Start
<LI><a href="#[ab]">&gt;&gt;</a>&nbsp;&nbsp;&nbsp;LL_HRPWM_Comm_FltCfg
<LI><a href="#[bb]">&gt;&gt;</a>&nbsp;&nbsp;&nbsp;LL_HRPWM_Slv_OutputCfg
<LI><a href="#[bd]">&gt;&gt;</a>&nbsp;&nbsp;&nbsp;LL_HRPWM_TmrCmpCfg
<LI><a href="#[bc]">&gt;&gt;</a>&nbsp;&nbsp;&nbsp;LL_HRPWM_TmrBaseCfg
<LI><a href="#[b7]">&gt;&gt;</a>&nbsp;&nbsp;&nbsp;LL_HRPWM_Init
<LI><a href="#[e0]">&gt;&gt;</a>&nbsp;&nbsp;&nbsp;__aeabi_memclr4
</UL>
<BR>[Called By]<UL><LI><a href="#[ea]">&gt;&gt;</a>&nbsp;&nbsp;&nbsp;hrpwm_app_inital
</UL>

<P><STRONG><a name="[ea]"></a>hrpwm_app_inital</STRONG> (Thumb, 308 bytes, Stack size 104 bytes, hrpwm_app.o(.text.hrpwm_app_inital))
<BR><BR>[Stack]<UL><LI>Max Depth = 368<LI>Call Chain = hrpwm_app_inital &rArr; hrpwm_app_config &rArr; LL_HRPWM_Init &rArr; LL_HRPWM_MspInit &rArr; LL_GPIO_Init &rArr; assert_failed &rArr; __2printf
</UL>
<BR>[Calls]<UL><LI><a href="#[a9]">&gt;&gt;</a>&nbsp;&nbsp;&nbsp;LL_HRPWM_Comm_ADCTrigCfg
<LI><a href="#[ba]">&gt;&gt;</a>&nbsp;&nbsp;&nbsp;LL_HRPWM_RegUpd_Frc
<LI><a href="#[bd]">&gt;&gt;</a>&nbsp;&nbsp;&nbsp;LL_HRPWM_TmrCmpCfg
<LI><a href="#[bc]">&gt;&gt;</a>&nbsp;&nbsp;&nbsp;LL_HRPWM_TmrBaseCfg
<LI><a href="#[e9]">&gt;&gt;</a>&nbsp;&nbsp;&nbsp;hrpwm_app_config
<LI><a href="#[eb]">&gt;&gt;</a>&nbsp;&nbsp;&nbsp;__aeabi_memclr8
</UL>
<BR>[Called By]<UL><LI><a href="#[62]">&gt;&gt;</a>&nbsp;&nbsp;&nbsp;main
</UL>

<P><STRONG><a name="[101]"></a>hrpwm_app_outdis</STRONG> (Thumb, 18 bytes, Stack size 0 bytes, hrpwm_app.o(.text.hrpwm_app_outdis))
<BR><BR>[Called By]<UL><LI><a href="#[f9]">&gt;&gt;</a>&nbsp;&nbsp;&nbsp;llc_handle (via Veneer)
<LI><a href="#[108]">&gt;&gt;</a>&nbsp;&nbsp;&nbsp;llc_state_fault (via Veneer)
</UL>

<P><STRONG><a name="[ee]"></a>hrpwm_app_start</STRONG> (Thumb, 22 bytes, Stack size 0 bytes, hrpwm_app.o(.text.hrpwm_app_start))
<BR><BR>[Called By]<UL><LI><a href="#[62]">&gt;&gt;</a>&nbsp;&nbsp;&nbsp;main
</UL>

<P><STRONG><a name="[107]"></a>hrpwm_llc_output</STRONG> (Thumb, 18 bytes, Stack size 0 bytes, hrpwm_app.o(.text.hrpwm_llc_output))
<BR><BR>[Called By]<UL><LI><a href="#[ff]">&gt;&gt;</a>&nbsp;&nbsp;&nbsp;llc_state_enable (via Veneer)
</UL>

<P><STRONG><a name="[ed]"></a>llc_factors_initial</STRONG> (Thumb, 454 bytes, Stack size 16 bytes, variables_define_app.o(.text.llc_factors_initial))
<BR><BR>[Stack]<UL><LI>Max Depth = 16<LI>Call Chain = llc_factors_initial
</UL>
<BR>[Called By]<UL><LI><a href="#[62]">&gt;&gt;</a>&nbsp;&nbsp;&nbsp;main
</UL>

<P><STRONG><a name="[62]"></a>main</STRONG> (Thumb, 360 bytes, Stack size 24 bytes, main.o(.text.main))
<BR><BR>[Stack]<UL><LI>Max Depth = 392<LI>Call Chain = main &rArr; hrpwm_app_inital &rArr; hrpwm_app_config &rArr; LL_HRPWM_Init &rArr; LL_HRPWM_MspInit &rArr; LL_GPIO_Init &rArr; assert_failed &rArr; __2printf
</UL>
<BR>[Calls]<UL><LI><a href="#[c4]">&gt;&gt;</a>&nbsp;&nbsp;&nbsp;LL_NVIC_SetPriority
<LI><a href="#[bf]">&gt;&gt;</a>&nbsp;&nbsp;&nbsp;LL_NVIC_SetPriorityGrouping
<LI><a href="#[be]">&gt;&gt;</a>&nbsp;&nbsp;&nbsp;LL_Init
<LI><a href="#[ce]">&gt;&gt;</a>&nbsp;&nbsp;&nbsp;LL_RCU_HRPWM_ClkCfg
<LI><a href="#[cd]">&gt;&gt;</a>&nbsp;&nbsp;&nbsp;LL_RCU_ADC_ClkCfg
<LI><a href="#[ec]">&gt;&gt;</a>&nbsp;&nbsp;&nbsp;SystemCoreClockUpdate
<LI><a href="#[d1]">&gt;&gt;</a>&nbsp;&nbsp;&nbsp;LL_RCU_SysclkInit
<LI><a href="#[df]">&gt;&gt;</a>&nbsp;&nbsp;&nbsp;VOFA_Init
<LI><a href="#[e7]">&gt;&gt;</a>&nbsp;&nbsp;&nbsp;dac_app_start
<LI><a href="#[e6]">&gt;&gt;</a>&nbsp;&nbsp;&nbsp;dac_app_init
<LI><a href="#[e5]">&gt;&gt;</a>&nbsp;&nbsp;&nbsp;cmp_app_start
<LI><a href="#[e4]">&gt;&gt;</a>&nbsp;&nbsp;&nbsp;cmp_app_init
<LI><a href="#[e8]">&gt;&gt;</a>&nbsp;&nbsp;&nbsp;gpio_init_app
<LI><a href="#[ef]">&gt;&gt;</a>&nbsp;&nbsp;&nbsp;adc_converter_start
<LI><a href="#[e3]">&gt;&gt;</a>&nbsp;&nbsp;&nbsp;adc_all_init
<LI><a href="#[ed]">&gt;&gt;</a>&nbsp;&nbsp;&nbsp;llc_factors_initial
<LI><a href="#[ea]">&gt;&gt;</a>&nbsp;&nbsp;&nbsp;hrpwm_app_inital
<LI><a href="#[ee]">&gt;&gt;</a>&nbsp;&nbsp;&nbsp;hrpwm_app_start
</UL>
<BR>[Address Reference Count : 1]<UL><LI> entry9a.o(.ARM.Collect$$$$0000000B)
</UL>
<P><STRONG><a name="[f6]"></a>pwm_data_calc</STRONG> (Thumb, 888 bytes, Stack size 28 bytes, llc_app.o(.text.pwm_data_calc))
<BR><BR>[Stack]<UL><LI>Max Depth = 28<LI>Call Chain = pwm_data_calc
</UL>
<BR>[Called By]<UL><LI><a href="#[f4]">&gt;&gt;</a>&nbsp;&nbsp;&nbsp;LL_HRPWM_Mst_CmpACallback (via Veneer)
</UL>

<P><STRONG><a name="[f0]"></a>__0printf$8</STRONG> (Thumb, 22 bytes, Stack size 24 bytes, printf8.o(i.__0printf$8), UNUSED)
<BR><BR>[Calls]<UL><LI><a href="#[f1]">&gt;&gt;</a>&nbsp;&nbsp;&nbsp;_printf_core
</UL>

<P><STRONG><a name="[117]"></a>__1printf$8</STRONG> (Thumb, 0 bytes, Stack size 24 bytes, printf8.o(i.__0printf$8), UNUSED)

<P><STRONG><a name="[8f]"></a>__2printf</STRONG> (Thumb, 0 bytes, Stack size 24 bytes, printf8.o(i.__0printf$8))
<BR><BR>[Stack]<UL><LI>Max Depth = 24<LI>Call Chain = __2printf
</UL>
<BR>[Called By]<UL><LI><a href="#[cf]">&gt;&gt;</a>&nbsp;&nbsp;&nbsp;LL_RCU_Pll0Cfg
<LI><a href="#[d1]">&gt;&gt;</a>&nbsp;&nbsp;&nbsp;LL_RCU_SysclkInit
<LI><a href="#[a7]">&gt;&gt;</a>&nbsp;&nbsp;&nbsp;LL_DMA_Init
<LI><a href="#[d4]">&gt;&gt;</a>&nbsp;&nbsp;&nbsp;LL_UART_Init
<LI><a href="#[8e]">&gt;&gt;</a>&nbsp;&nbsp;&nbsp;assert_failed
<LI><a href="#[8d]">&gt;&gt;</a>&nbsp;&nbsp;&nbsp;LL_ADC_Cal_Cfg
<LI><a href="#[91]">&gt;&gt;</a>&nbsp;&nbsp;&nbsp;LL_ADC_DMA_Cfg
<LI><a href="#[9b]">&gt;&gt;</a>&nbsp;&nbsp;&nbsp;LL_ADC_REG_ChCfg
<LI><a href="#[9c]">&gt;&gt;</a>&nbsp;&nbsp;&nbsp;LL_ADC_REG_ComCfg
<LI><a href="#[92]">&gt;&gt;</a>&nbsp;&nbsp;&nbsp;LL_ADC_Init
<LI><a href="#[97]">&gt;&gt;</a>&nbsp;&nbsp;&nbsp;LL_GPIO_Init
<LI><a href="#[95]">&gt;&gt;</a>&nbsp;&nbsp;&nbsp;LL_ADC_OverSamp_Cfg
</UL>

<P><STRONG><a name="[118]"></a>__scatterload_copy</STRONG> (Thumb, 14 bytes, Stack size unknown bytes, handlers.o(i.__scatterload_copy), UNUSED)

<P><STRONG><a name="[119]"></a>__scatterload_null</STRONG> (Thumb, 2 bytes, Stack size unknown bytes, handlers.o(i.__scatterload_null), UNUSED)

<P><STRONG><a name="[11a]"></a>__scatterload_zeroinit</STRONG> (Thumb, 14 bytes, Stack size unknown bytes, handlers.o(i.__scatterload_zeroinit), UNUSED)

<P><STRONG><a name="[90]"></a>puts</STRONG> (Thumb, 30 bytes, Stack size 8 bytes, puts.o(i.puts))
<BR><BR>[Stack]<UL><LI>Max Depth = 8<LI>Call Chain = puts
</UL>
<BR>[Calls]<UL><LI><a href="#[63]">&gt;&gt;</a>&nbsp;&nbsp;&nbsp;fputc
</UL>
<BR>[Called By]<UL><LI><a href="#[a7]">&gt;&gt;</a>&nbsp;&nbsp;&nbsp;LL_DMA_Init
<LI><a href="#[d4]">&gt;&gt;</a>&nbsp;&nbsp;&nbsp;LL_UART_Init
<LI><a href="#[8d]">&gt;&gt;</a>&nbsp;&nbsp;&nbsp;LL_ADC_Cal_Cfg
<LI><a href="#[91]">&gt;&gt;</a>&nbsp;&nbsp;&nbsp;LL_ADC_DMA_Cfg
<LI><a href="#[9b]">&gt;&gt;</a>&nbsp;&nbsp;&nbsp;LL_ADC_REG_ChCfg
<LI><a href="#[9c]">&gt;&gt;</a>&nbsp;&nbsp;&nbsp;LL_ADC_REG_ComCfg
<LI><a href="#[92]">&gt;&gt;</a>&nbsp;&nbsp;&nbsp;LL_ADC_Init
<LI><a href="#[95]">&gt;&gt;</a>&nbsp;&nbsp;&nbsp;LL_ADC_OverSamp_Cfg
</UL>

<P><STRONG><a name="[102]"></a>hrpwm_upmos_charge</STRONG> (Thumb, 18 bytes, Stack size 0 bytes, hrpwm_app.o(RAMCODE))
<BR><BR>[Called By]<UL><LI><a href="#[f9]">&gt;&gt;</a>&nbsp;&nbsp;&nbsp;llc_handle
<LI><a href="#[106]">&gt;&gt;</a>&nbsp;&nbsp;&nbsp;upper_mos_charge
</UL>

<P><STRONG><a name="[103]"></a>hrpwm_upmos_charge_dis</STRONG> (Thumb, 18 bytes, Stack size 0 bytes, hrpwm_app.o(RAMCODE))
<BR><BR>[Called By]<UL><LI><a href="#[f9]">&gt;&gt;</a>&nbsp;&nbsp;&nbsp;llc_handle
<LI><a href="#[106]">&gt;&gt;</a>&nbsp;&nbsp;&nbsp;upper_mos_charge
</UL>

<P><STRONG><a name="[f4]"></a>LL_HRPWM_Mst_CmpACallback</STRONG> (Thumb, 296 bytes, Stack size 16 bytes, hrpwm_app.o(RAMCODE))
<BR><BR>[Stack]<UL><LI>Max Depth = 44<LI>Call Chain = LL_HRPWM_Mst_CmpACallback &rArr; pwm_data_calc
</UL>
<BR>[Calls]<UL><LI><a href="#[f7]">&gt;&gt;</a>&nbsp;&nbsp;&nbsp;hrpwm_updata_app
<LI><a href="#[f6]">&gt;&gt;</a>&nbsp;&nbsp;&nbsp;pwm_data_calc (via Veneer)
<LI><a href="#[f5]">&gt;&gt;</a>&nbsp;&nbsp;&nbsp;phase2phase_current_balance_func
</UL>
<BR>[Called By]<UL><LI><a href="#[40]">&gt;&gt;</a>&nbsp;&nbsp;&nbsp;HRPWM_MST_IRQHandler
</UL>

<P><STRONG><a name="[f7]"></a>hrpwm_updata_app</STRONG> (Thumb, 404 bytes, Stack size 8 bytes, hrpwm_app.o(RAMCODE))
<BR><BR>[Stack]<UL><LI>Max Depth = 8<LI>Call Chain = hrpwm_updata_app
</UL>
<BR>[Called By]<UL><LI><a href="#[f4]">&gt;&gt;</a>&nbsp;&nbsp;&nbsp;LL_HRPWM_Mst_CmpACallback
</UL>

<P><STRONG><a name="[ad]"></a>LL_HRPWM_Comm_Flt0Callback</STRONG> (Thumb, 30 bytes, Stack size 0 bytes, hrpwm_app.o(RAMCODE))
<BR><BR>[Called By]<UL><LI><a href="#[ac]">&gt;&gt;</a>&nbsp;&nbsp;&nbsp;LL_HRPWM_Comm_IRQHandler (via Veneer)
</UL>

<P><STRONG><a name="[b0]"></a>LL_HRPWM_Comm_Flt3Callback</STRONG> (Thumb, 30 bytes, Stack size 0 bytes, hrpwm_app.o(RAMCODE))
<BR><BR>[Called By]<UL><LI><a href="#[ac]">&gt;&gt;</a>&nbsp;&nbsp;&nbsp;LL_HRPWM_Comm_IRQHandler (via Veneer)
</UL>

<P><STRONG><a name="[b4]"></a>LL_HRPWM_Comm_Flt7Callback</STRONG> (Thumb, 30 bytes, Stack size 0 bytes, hrpwm_app.o(RAMCODE))
<BR><BR>[Called By]<UL><LI><a href="#[ac]">&gt;&gt;</a>&nbsp;&nbsp;&nbsp;LL_HRPWM_Comm_IRQHandler (via Veneer)
</UL>

<P><STRONG><a name="[b3]"></a>LL_HRPWM_Comm_Flt6Callback</STRONG> (Thumb, 30 bytes, Stack size 0 bytes, hrpwm_app.o(RAMCODE))
<BR><BR>[Called By]<UL><LI><a href="#[ac]">&gt;&gt;</a>&nbsp;&nbsp;&nbsp;LL_HRPWM_Comm_IRQHandler (via Veneer)
</UL>

<P><STRONG><a name="[11b]"></a>get_adc_data</STRONG> (Thumb, 276 bytes, Stack size 0 bytes, adc_app.o(RAMCODE), UNUSED)

<P><STRONG><a name="[f8]"></a>LL_ADC_Norm_REG_SeqEndCallback</STRONG> (Thumb, 400 bytes, Stack size 16 bytes, adc_app.o(RAMCODE))
<BR><BR>[Stack]<UL><LI>Max Depth = 72<LI>Call Chain = LL_ADC_Norm_REG_SeqEndCallback &rArr; llc_handle &rArr; fault_check_app &rArr; LL_GPIO_ReadPin &rArr; assert_failed &rArr; __2printf
</UL>
<BR>[Calls]<UL><LI><a href="#[fb]">&gt;&gt;</a>&nbsp;&nbsp;&nbsp;vofa_tx
<LI><a href="#[fa]">&gt;&gt;</a>&nbsp;&nbsp;&nbsp;llc_ok_s_func
<LI><a href="#[f9]">&gt;&gt;</a>&nbsp;&nbsp;&nbsp;llc_handle
</UL>
<BR>[Called By]<UL><LI><a href="#[4e]">&gt;&gt;</a>&nbsp;&nbsp;&nbsp;ADC1_NORM_IRQHandler
</UL>

<P><STRONG><a name="[fb]"></a>vofa_tx</STRONG> (Thumb, 44 bytes, Stack size 0 bytes, user_vofa.o(RAMCODE))
<BR><BR>[Called By]<UL><LI><a href="#[f8]">&gt;&gt;</a>&nbsp;&nbsp;&nbsp;LL_ADC_Norm_REG_SeqEndCallback
</UL>

<P><STRONG><a name="[105]"></a>calc_PI</STRONG> (Thumb, 140 bytes, Stack size 0 bytes, pid_app.o(RAMCODE))
<BR><BR>[Called By]<UL><LI><a href="#[f9]">&gt;&gt;</a>&nbsp;&nbsp;&nbsp;llc_handle
<LI><a href="#[f5]">&gt;&gt;</a>&nbsp;&nbsp;&nbsp;phase2phase_current_balance_func
</UL>

<P><STRONG><a name="[11c]"></a>calc_shared_current</STRONG> (Thumb, 148 bytes, Stack size 0 bytes, pid_app.o(RAMCODE), UNUSED)

<P><STRONG><a name="[104]"></a>iir_calculation</STRONG> (Thumb, 254 bytes, Stack size 0 bytes, pid_app.o(RAMCODE))
<BR><BR>[Called By]<UL><LI><a href="#[f9]">&gt;&gt;</a>&nbsp;&nbsp;&nbsp;llc_handle
</UL>

<P><STRONG><a name="[fc]"></a>switch_state_check_app</STRONG> (Thumb, 144 bytes, Stack size 8 bytes, protection_app.o(RAMCODE), UNUSED)
<BR><BR>[Calls]<UL><LI><a href="#[a8]">&gt;&gt;</a>&nbsp;&nbsp;&nbsp;LL_GPIO_ReadPin (via Veneer)
</UL>

<P><STRONG><a name="[11d]"></a>over_output_voltage_check_app</STRONG> (Thumb, 100 bytes, Stack size 0 bytes, protection_app.o(RAMCODE), UNUSED)

<P><STRONG><a name="[fd]"></a>input_dcbus_voltage_check_app</STRONG> (Thumb, 138 bytes, Stack size 16 bytes, protection_app.o(RAMCODE), UNUSED)
<BR><BR>[Calls]<UL><LI><a href="#[a8]">&gt;&gt;</a>&nbsp;&nbsp;&nbsp;LL_GPIO_ReadPin (via Veneer)
</UL>

<P><STRONG><a name="[11e]"></a>over_output_current_check_app</STRONG> (Thumb, 124 bytes, Stack size 0 bytes, protection_app.o(RAMCODE), UNUSED)

<P><STRONG><a name="[11f]"></a>over_temp_check</STRONG> (Thumb, 76 bytes, Stack size 0 bytes, protection_app.o(RAMCODE), UNUSED)

<P><STRONG><a name="[120]"></a>openloop_check</STRONG> (Thumb, 80 bytes, Stack size 0 bytes, protection_app.o(RAMCODE), UNUSED)

<P><STRONG><a name="[fe]"></a>fault_check_app</STRONG> (Thumb, 528 bytes, Stack size 16 bytes, protection_app.o(RAMCODE))
<BR><BR>[Stack]<UL><LI>Max Depth = 48<LI>Call Chain = fault_check_app &rArr; LL_GPIO_ReadPin &rArr; assert_failed &rArr; __2printf
</UL>
<BR>[Calls]<UL><LI><a href="#[a8]">&gt;&gt;</a>&nbsp;&nbsp;&nbsp;LL_GPIO_ReadPin (via Veneer)
</UL>
<BR>[Called By]<UL><LI><a href="#[f9]">&gt;&gt;</a>&nbsp;&nbsp;&nbsp;llc_handle
</UL>

<P><STRONG><a name="[4e]"></a>ADC1_NORM_IRQHandler</STRONG> (Thumb, 38 bytes, Stack size 0 bytes, tae32g58xx_it.o(RAMCODE))
<BR><BR>[Stack]<UL><LI>Max Depth = 72<LI>Call Chain = ADC1_NORM_IRQHandler &rArr; LL_ADC_Norm_REG_SeqEndCallback &rArr; llc_handle &rArr; fault_check_app &rArr; LL_GPIO_ReadPin &rArr; assert_failed &rArr; __2printf
</UL>
<BR>[Calls]<UL><LI><a href="#[f8]">&gt;&gt;</a>&nbsp;&nbsp;&nbsp;LL_ADC_Norm_REG_SeqEndCallback
</UL>
<BR>[Address Reference Count : 1]<UL><LI> startup_tae32g58xx.o(RESET)
</UL>
<P><STRONG><a name="[49]"></a>HRPWM_COMM_IRQHandler</STRONG> (Thumb, 22 bytes, Stack size 0 bytes, tae32g58xx_it.o(RAMCODE))
<BR><BR>[Stack]<UL><LI>Max Depth = 40<LI>Call Chain = HRPWM_COMM_IRQHandler &rArr; LL_HRPWM_Comm_IRQHandler &rArr; assert_failed &rArr; __2printf
</UL>
<BR>[Calls]<UL><LI><a href="#[ac]">&gt;&gt;</a>&nbsp;&nbsp;&nbsp;LL_HRPWM_Comm_IRQHandler (via Veneer)
</UL>
<BR>[Address Reference Count : 1]<UL><LI> startup_tae32g58xx.o(RESET)
</UL>
<P><STRONG><a name="[40]"></a>HRPWM_MST_IRQHandler</STRONG> (Thumb, 32 bytes, Stack size 0 bytes, tae32g58xx_it.o(RAMCODE))
<BR><BR>[Stack]<UL><LI>Max Depth = 44<LI>Call Chain = HRPWM_MST_IRQHandler &rArr; LL_HRPWM_Mst_CmpACallback &rArr; pwm_data_calc
</UL>
<BR>[Calls]<UL><LI><a href="#[f4]">&gt;&gt;</a>&nbsp;&nbsp;&nbsp;LL_HRPWM_Mst_CmpACallback
</UL>
<BR>[Address Reference Count : 1]<UL><LI> startup_tae32g58xx.o(RESET)
</UL>
<P><STRONG><a name="[f9]"></a>llc_handle</STRONG> (Thumb, 1132 bytes, Stack size 8 bytes, llc_app.o(RAMCODE))
<BR><BR>[Stack]<UL><LI>Max Depth = 56<LI>Call Chain = llc_handle &rArr; fault_check_app &rArr; LL_GPIO_ReadPin &rArr; assert_failed &rArr; __2printf
</UL>
<BR>[Calls]<UL><LI><a href="#[fe]">&gt;&gt;</a>&nbsp;&nbsp;&nbsp;fault_check_app
<LI><a href="#[104]">&gt;&gt;</a>&nbsp;&nbsp;&nbsp;iir_calculation
<LI><a href="#[105]">&gt;&gt;</a>&nbsp;&nbsp;&nbsp;calc_PI
<LI><a href="#[103]">&gt;&gt;</a>&nbsp;&nbsp;&nbsp;hrpwm_upmos_charge_dis
<LI><a href="#[102]">&gt;&gt;</a>&nbsp;&nbsp;&nbsp;hrpwm_upmos_charge
<LI><a href="#[101]">&gt;&gt;</a>&nbsp;&nbsp;&nbsp;hrpwm_app_outdis (via Veneer)
<LI><a href="#[100]">&gt;&gt;</a>&nbsp;&nbsp;&nbsp;llc_state_on
<LI><a href="#[ff]">&gt;&gt;</a>&nbsp;&nbsp;&nbsp;llc_state_enable
</UL>
<BR>[Called By]<UL><LI><a href="#[f8]">&gt;&gt;</a>&nbsp;&nbsp;&nbsp;LL_ADC_Norm_REG_SeqEndCallback
</UL>

<P><STRONG><a name="[121]"></a>llc_state_idle</STRONG> (Thumb, 96 bytes, Stack size 0 bytes, llc_app.o(RAMCODE), UNUSED)

<P><STRONG><a name="[106]"></a>upper_mos_charge</STRONG> (Thumb, 70 bytes, Stack size 8 bytes, llc_app.o(RAMCODE), UNUSED)
<BR><BR>[Calls]<UL><LI><a href="#[103]">&gt;&gt;</a>&nbsp;&nbsp;&nbsp;hrpwm_upmos_charge_dis
<LI><a href="#[102]">&gt;&gt;</a>&nbsp;&nbsp;&nbsp;hrpwm_upmos_charge
</UL>

<P><STRONG><a name="[ff]"></a>llc_state_enable</STRONG> (Thumb, 178 bytes, Stack size 8 bytes, llc_app.o(RAMCODE))
<BR><BR>[Stack]<UL><LI>Max Depth = 8<LI>Call Chain = llc_state_enable
</UL>
<BR>[Calls]<UL><LI><a href="#[107]">&gt;&gt;</a>&nbsp;&nbsp;&nbsp;hrpwm_llc_output (via Veneer)
</UL>
<BR>[Called By]<UL><LI><a href="#[f9]">&gt;&gt;</a>&nbsp;&nbsp;&nbsp;llc_handle
</UL>

<P><STRONG><a name="[122]"></a>llc_state_rampup</STRONG> (Thumb, 136 bytes, Stack size 0 bytes, llc_app.o(RAMCODE), UNUSED)

<P><STRONG><a name="[100]"></a>llc_state_on</STRONG> (Thumb, 252 bytes, Stack size 0 bytes, llc_app.o(RAMCODE))
<BR><BR>[Called By]<UL><LI><a href="#[f9]">&gt;&gt;</a>&nbsp;&nbsp;&nbsp;llc_handle
</UL>

<P><STRONG><a name="[108]"></a>llc_state_fault</STRONG> (Thumb, 82 bytes, Stack size 8 bytes, llc_app.o(RAMCODE), UNUSED)
<BR><BR>[Calls]<UL><LI><a href="#[101]">&gt;&gt;</a>&nbsp;&nbsp;&nbsp;hrpwm_app_outdis (via Veneer)
</UL>

<P><STRONG><a name="[fa]"></a>llc_ok_s_func</STRONG> (Thumb, 62 bytes, Stack size 0 bytes, llc_app.o(RAMCODE))
<BR><BR>[Called By]<UL><LI><a href="#[f8]">&gt;&gt;</a>&nbsp;&nbsp;&nbsp;LL_ADC_Norm_REG_SeqEndCallback
</UL>

<P><STRONG><a name="[f5]"></a>phase2phase_current_balance_func</STRONG> (Thumb, 184 bytes, Stack size 8 bytes, llc_app.o(RAMCODE))
<BR><BR>[Stack]<UL><LI>Max Depth = 8<LI>Call Chain = phase2phase_current_balance_func
</UL>
<BR>[Calls]<UL><LI><a href="#[105]">&gt;&gt;</a>&nbsp;&nbsp;&nbsp;calc_PI
</UL>
<BR>[Called By]<UL><LI><a href="#[f4]">&gt;&gt;</a>&nbsp;&nbsp;&nbsp;LL_HRPWM_Mst_CmpACallback
</UL>
<P>
<H3>
Local Symbols
</H3>
<P><STRONG><a name="[d0]"></a>LL_RCU_PLL0Cali</STRONG> (Thumb, 992 bytes, Stack size 48 bytes, tae32g58xx_ll_rcu.o(.text.LL_RCU_PLL0Cali))
<BR><BR>[Stack]<UL><LI>Max Depth = 48<LI>Call Chain = LL_RCU_PLL0Cali
</UL>
<BR>[Called By]<UL><LI><a href="#[cf]">&gt;&gt;</a>&nbsp;&nbsp;&nbsp;LL_RCU_Pll0Cfg
</UL>

<P><STRONG><a name="[f1]"></a>_printf_core</STRONG> (Thumb, 996 bytes, Stack size 104 bytes, printf8.o(i._printf_core), UNUSED)
<BR><BR>[Calls]<UL><LI><a href="#[8a]">&gt;&gt;</a>&nbsp;&nbsp;&nbsp;__aeabi_uldivmod
<LI><a href="#[f2]">&gt;&gt;</a>&nbsp;&nbsp;&nbsp;_printf_pre_padding
<LI><a href="#[f3]">&gt;&gt;</a>&nbsp;&nbsp;&nbsp;_printf_post_padding
</UL>
<BR>[Called By]<UL><LI><a href="#[f0]">&gt;&gt;</a>&nbsp;&nbsp;&nbsp;__0printf$8
</UL>

<P><STRONG><a name="[f3]"></a>_printf_post_padding</STRONG> (Thumb, 36 bytes, Stack size 24 bytes, printf8.o(i._printf_post_padding), UNUSED)
<BR><BR>[Called By]<UL><LI><a href="#[f1]">&gt;&gt;</a>&nbsp;&nbsp;&nbsp;_printf_core
</UL>

<P><STRONG><a name="[f2]"></a>_printf_pre_padding</STRONG> (Thumb, 46 bytes, Stack size 24 bytes, printf8.o(i._printf_pre_padding), UNUSED)
<BR><BR>[Called By]<UL><LI><a href="#[f1]">&gt;&gt;</a>&nbsp;&nbsp;&nbsp;_printf_core
</UL>
<P>
<H3>
Undefined Global Symbols
</H3><HR></body></html>
