<html>
<body>
<pre>
<h1>µVision Build Log</h1>
<h2>Tool Versions:</h2>
IDE-Version: £gVision V5.43.1.0
Copyright (C) 2025 ARM Ltd and ARM Germany GmbH. All rights reserved.
License Information: CY CY, CY, LIC=----
 
Tool Versions:
Toolchain:       MDK-Lite  Version: 5.43.0.0
Toolchain Path:  C:\Users\YU\AppData\Local\Keil_v5\ARM\ARMCLANG\Bin
C Compiler:      ArmClang.exe V6.24
Assembler:       Armasm.exe V6.24
Linker/Locator:  ArmLink.exe V6.24
Library Manager: ArmAr.exe V6.24
Hex Converter:   FromElf.exe V6.24
CPU DLL:         SARMCM3.DLL V5.43.0.0
Dialog DLL:      DCM.DLL V1.17.5.0
Target DLL:      CMSIS_AGDI.dll V1.33.24.0
Dialog DLL:      TCM.DLL V1.56.6.0
 
<h2>Project:</h2>
D:\Bird\CY\code\LLC\LLC\ProjectTemplate\Project\MDK\ProjectTemplate.uvprojx
Project File Date:  03/14/2026

<h2>Output:</h2>
*** Using Compiler 'V6.24', folder: 'C:\Users\YU\AppData\Local\Keil_v5\ARM\ARMCLANG\Bin'
Rebuild target 'FLASH'
../../User/Src/tae32g58xx_it.c(24): warning: In file included from...
../../User/Inc\main.h(30): warning: In file included from...
../../../Drivers/TAE32G58xx_Driver/Inc\tae32g58xx_ll.h(86): warning: In file included from...
../../User/Inc\tae32g58xx_ll_conf.h(121): warning: In file included from...
../../../Drivers/TAE32G58xx_Driver/Inc\tae32g58xx_ll_rcu.h(30): warning: In file included from...
../../../Drivers/TAE32G58xx_Driver/Inc\tae32g58xx_ll_def.h(157): warning: '__NO_INIT' macro redefined [-Wmacro-redefined]
  157 | #define __NO_INIT
      |         ^
C:/Users/YU/AppData/Local/Arm/Packs/ARM/CMSIS/6.3.0/CMSIS/Core/Include\cmsis_armclang.h(108): note: previous definition is here
  108 |   #define __NO_INIT                              __attribute__ ((section (".bss.noinit")))
      |           ^
1 warning generated.
compiling tae32g58xx_it.c...
../../../APP/iwdg_app.c(1): warning: In file included from...
../../User/Inc\main.h(30): warning: In file included from...
../../../Drivers/TAE32G58xx_Driver/Inc\tae32g58xx_ll.h(86): warning: In file included from...
../../User/Inc\tae32g58xx_ll_conf.h(121): warning: In file included from...
../../../Drivers/TAE32G58xx_Driver/Inc\tae32g58xx_ll_rcu.h(30): warning: In file included from...
../../../Drivers/TAE32G58xx_Driver/Inc\tae32g58xx_ll_def.h(157): warning: '__NO_INIT' macro redefined [-Wmacro-redefined]
  157 | #define __NO_INIT
      |         ^
C:/Users/YU/AppData/Local/Arm/Packs/ARM/CMSIS/6.3.0/CMSIS/Core/Include\cmsis_armclang.h(108): note: previous definition is here
  108 |   #define __NO_INIT                              __attribute__ ((section (".bss.noinit")))
      |           ^
1 warning generated.
compiling iwdg_app.c...
../../../APP/cmp_app.c(19): warning: In file included from...
../../User/Inc\main.h(30): warning: In file included from...
../../../Drivers/TAE32G58xx_Driver/Inc\tae32g58xx_ll.h(86): warning: In file included from...
../../User/Inc\tae32g58xx_ll_conf.h(121): warning: In file included from...
../../../Drivers/TAE32G58xx_Driver/Inc\tae32g58xx_ll_rcu.h(30): warning: In file included from...
../../../Drivers/TAE32G58xx_Driver/Inc\tae32g58xx_ll_def.h(157): warning: '__NO_INIT' macro redefined [-Wmacro-redefined]
  157 | #define __NO_INIT
      |         ^
C:/Users/YU/AppData/Local/Arm/Packs/ARM/CMSIS/6.3.0/CMSIS/Core/Include\cmsis_armclang.h(108): note: previous definition is here
  108 |   #define __NO_INIT                              __attribute__ ((section (".bss.noinit")))
      |           ^
1 warning generated.
compiling cmp_app.c...
../../../Drivers/TAE32G58xx_Driver/Src/tae32g58xx_ll.c(35): warning: In file included from...
../../../Drivers/TAE32G58xx_Driver/Inc\tae32g58xx_ll.h(86): warning: In file included from...
../../User/Inc\tae32g58xx_ll_conf.h(121): warning: In file included from...
../../../Drivers/TAE32G58xx_Driver/Inc\tae32g58xx_ll_rcu.h(30): warning: In file included from...
../../../Drivers/TAE32G58xx_Driver/Inc\tae32g58xx_ll_def.h(157): warning: '__NO_INIT' macro redefined [-Wmacro-redefined]
  157 | #define __NO_INIT
      |         ^
C:/Users/YU/AppData/Local/Arm/Packs/ARM/CMSIS/6.3.0/CMSIS/Core/Include\cmsis_armclang.h(108): note: previous definition is here
  108 |   #define __NO_INIT                              __attribute__ ((section (".bss.noinit")))
      |           ^
1 warning generated.
compiling tae32g58xx_ll.c...
../../User/Src/main.c(22): warning: In file included from...
../../User/Inc\main.h(30): warning: In file included from...
../../../Drivers/TAE32G58xx_Driver/Inc\tae32g58xx_ll.h(86): warning: In file included from...
../../User/Inc\tae32g58xx_ll_conf.h(121): warning: In file included from...
../../../Drivers/TAE32G58xx_Driver/Inc\tae32g58xx_ll_rcu.h(30): warning: In file included from...
../../../Drivers/TAE32G58xx_Driver/Inc\tae32g58xx_ll_def.h(157): warning: '__NO_INIT' macro redefined [-Wmacro-redefined]
  157 | #define __NO_INIT
      |         ^
C:/Users/YU/AppData/Local/Arm/Packs/ARM/CMSIS/6.3.0/CMSIS/Core/Include\cmsis_armclang.h(108): note: previous definition is here
  108 |   #define __NO_INIT                              __attribute__ ((section (".bss.noinit")))
      |           ^
1 warning generated.
compiling main.c...
../../../APP/dac_app.c(19): warning: In file included from...
../../User/Inc\main.h(30): warning: In file included from...
../../../Drivers/TAE32G58xx_Driver/Inc\tae32g58xx_ll.h(86): warning: In file included from...
../../User/Inc\tae32g58xx_ll_conf.h(121): warning: In file included from...
../../../Drivers/TAE32G58xx_Driver/Inc\tae32g58xx_ll_rcu.h(30): warning: In file included from...
../../../Drivers/TAE32G58xx_Driver/Inc\tae32g58xx_ll_def.h(157): warning: '__NO_INIT' macro redefined [-Wmacro-redefined]
  157 | #define __NO_INIT
      |         ^
C:/Users/YU/AppData/Local/Arm/Packs/ARM/CMSIS/6.3.0/CMSIS/Core/Include\cmsis_armclang.h(108): note: previous definition is here
  108 |   #define __NO_INIT                              __attribute__ ((section (".bss.noinit")))
      |           ^
1 warning generated.
compiling dac_app.c...
../../../APP/gpio_app.c(19): warning: In file included from...
../../User/Inc\main.h(30): warning: In file included from...
../../../Drivers/TAE32G58xx_Driver/Inc\tae32g58xx_ll.h(86): warning: In file included from...
../../User/Inc\tae32g58xx_ll_conf.h(121): warning: In file included from...
../../../Drivers/TAE32G58xx_Driver/Inc\tae32g58xx_ll_rcu.h(30): warning: In file included from...
../../../Drivers/TAE32G58xx_Driver/Inc\tae32g58xx_ll_def.h(157): warning: '__NO_INIT' macro redefined [-Wmacro-redefined]
  157 | #define __NO_INIT
      |         ^
C:/Users/YU/AppData/Local/Arm/Packs/ARM/CMSIS/6.3.0/CMSIS/Core/Include\cmsis_armclang.h(108): note: previous definition is here
  108 |   #define __NO_INIT                              __attribute__ ((section (".bss.noinit")))
      |           ^
1 warning generated.
compiling gpio_app.c...
../../../APP/user_vofa.c(19): warning: In file included from...
../../../APP\user_vofa.h(6): warning: In file included from...
../../../Drivers/TAE32G58xx_Driver/Inc\tae32g58xx_ll.h(86): warning: In file included from...
../../User/Inc\tae32g58xx_ll_conf.h(121): warning: In file included from...
../../../Drivers/TAE32G58xx_Driver/Inc\tae32g58xx_ll_rcu.h(30): warning: In file included from...
../../../Drivers/TAE32G58xx_Driver/Inc\tae32g58xx_ll_def.h(157): warning: '__NO_INIT' macro redefined [-Wmacro-redefined]
  157 | #define __NO_INIT
      |         ^
C:/Users/YU/AppData/Local/Arm/Packs/ARM/CMSIS/6.3.0/CMSIS/Core/Include\cmsis_armclang.h(108): note: previous definition is here
  108 |   #define __NO_INIT                              __attribute__ ((section (".bss.noinit")))
      |           ^
1 warning generated.
compiling user_vofa.c...
../../../APP/protection_app.c(19): warning: In file included from...
../../../APP\Protection_App.h(23): warning: In file included from...
../../User/Inc\main.h(30): warning: In file included from...
../../../Drivers/TAE32G58xx_Driver/Inc\tae32g58xx_ll.h(86): warning: In file included from...
../../User/Inc\tae32g58xx_ll_conf.h(121): warning: In file included from...
../../../Drivers/TAE32G58xx_Driver/Inc\tae32g58xx_ll_rcu.h(30): warning: In file included from...
../../../Drivers/TAE32G58xx_Driver/Inc\tae32g58xx_ll_def.h(157): warning: '__NO_INIT' macro redefined [-Wmacro-redefined]
  157 | #define __NO_INIT
      |         ^
C:/Users/YU/AppData/Local/Arm/Packs/ARM/CMSIS/6.3.0/CMSIS/Core/Include\cmsis_armclang.h(108): note: previous definition is here
  108 |   #define __NO_INIT                              __attribute__ ((section (".bss.noinit")))
      |           ^
1 warning generated.
compiling protection_app.c...
../../../APP/pid_app.c(19): warning: In file included from...
../../User/Inc\main.h(30): warning: In file included from...
../../../Drivers/TAE32G58xx_Driver/Inc\tae32g58xx_ll.h(86): warning: In file included from...
../../User/Inc\tae32g58xx_ll_conf.h(121): warning: In file included from...
../../../Drivers/TAE32G58xx_Driver/Inc\tae32g58xx_ll_rcu.h(30): warning: In file included from...
../../../Drivers/TAE32G58xx_Driver/Inc\tae32g58xx_ll_def.h(157): warning: '__NO_INIT' macro redefined [-Wmacro-redefined]
  157 | #define __NO_INIT
      |         ^
C:/Users/YU/AppData/Local/Arm/Packs/ARM/CMSIS/6.3.0/CMSIS/Core/Include\cmsis_armclang.h(108): note: previous definition is here
  108 |   #define __NO_INIT                              __attribute__ ((section (".bss.noinit")))
      |           ^
1 warning generated.
compiling pid_app.c...
../../User/Src/tae32g58xx_ll_msp.c(22): warning: In file included from...
../../User/Inc\main.h(30): warning: In file included from...
../../../Drivers/TAE32G58xx_Driver/Inc\tae32g58xx_ll.h(86): warning: In file included from...
../../User/Inc\tae32g58xx_ll_conf.h(121): warning: In file included from...
../../../Drivers/TAE32G58xx_Driver/Inc\tae32g58xx_ll_rcu.h(30): warning: In file included from...
../../../Drivers/TAE32G58xx_Driver/Inc\tae32g58xx_ll_def.h(157): warning: '__NO_INIT' macro redefined [-Wmacro-redefined]
  157 | #define __NO_INIT
      |         ^
C:/Users/YU/AppData/Local/Arm/Packs/ARM/CMSIS/6.3.0/CMSIS/Core/Include\cmsis_armclang.h(108): note: previous definition is here
  108 |   #define __NO_INIT                              __attribute__ ((section (".bss.noinit")))
      |           ^
1 warning generated.
compiling tae32g58xx_ll_msp.c...
../../../APP/adc_app.c(19): warning: In file included from...
../../User/Inc\main.h(30): warning: In file included from...
../../../Drivers/TAE32G58xx_Driver/Inc\tae32g58xx_ll.h(86): warning: In file included from...
../../User/Inc\tae32g58xx_ll_conf.h(121): warning: In file included from...
../../../Drivers/TAE32G58xx_Driver/Inc\tae32g58xx_ll_rcu.h(30): warning: In file included from...
../../../Drivers/TAE32G58xx_Driver/Inc\tae32g58xx_ll_def.h(157): warning: '__NO_INIT' macro redefined [-Wmacro-redefined]
  157 | #define __NO_INIT
      |         ^
C:/Users/YU/AppData/Local/Arm/Packs/ARM/CMSIS/6.3.0/CMSIS/Core/Include\cmsis_armclang.h(108): note: previous definition is here
  108 |   #define __NO_INIT                              __attribute__ ((section (".bss.noinit")))
      |           ^
1 warning generated.
compiling adc_app.c...
../../../APP/hrpwm_app.c(19): warning: In file included from...
../../User/Inc\main.h(30): warning: In file included from...
../../../Drivers/TAE32G58xx_Driver/Inc\tae32g58xx_ll.h(86): warning: In file included from...
../../User/Inc\tae32g58xx_ll_conf.h(121): warning: In file included from...
../../../Drivers/TAE32G58xx_Driver/Inc\tae32g58xx_ll_rcu.h(30): warning: In file included from...
../../../Drivers/TAE32G58xx_Driver/Inc\tae32g58xx_ll_def.h(157): warning: '__NO_INIT' macro redefined [-Wmacro-redefined]
  157 | #define __NO_INIT
      |         ^
C:/Users/YU/AppData/Local/Arm/Packs/ARM/CMSIS/6.3.0/CMSIS/Core/Include\cmsis_armclang.h(108): note: previous definition is here
  108 |   #define __NO_INIT                              __attribute__ ((section (".bss.noinit")))
      |           ^
1 warning generated.
compiling hrpwm_app.c...
../../../APP/variables_define_app.c(19): warning: In file included from...
../../../APP\variables_define_app.h(8): warning: In file included from...
../../User/Inc\main.h(30): warning: In file included from...
../../../Drivers/TAE32G58xx_Driver/Inc\tae32g58xx_ll.h(86): warning: In file included from...
../../User/Inc\tae32g58xx_ll_conf.h(121): warning: In file included from...
../../../Drivers/TAE32G58xx_Driver/Inc\tae32g58xx_ll_rcu.h(30): warning: In file included from...
../../../Drivers/TAE32G58xx_Driver/Inc\tae32g58xx_ll_def.h(157): warning: '__NO_INIT' macro redefined [-Wmacro-redefined]
  157 | #define __NO_INIT
      |         ^
C:/Users/YU/AppData/Local/Arm/Packs/ARM/CMSIS/6.3.0/CMSIS/Core/Include\cmsis_armclang.h(108): note: previous definition is here
  108 |   #define __NO_INIT                              __attribute__ ((section (".bss.noinit")))
      |           ^
1 warning generated.
compiling variables_define_app.c...
../../../Drivers/TAE32G58xx_Driver/Src/tae32g58xx_ll_cortex.c(82): warning: In file included from...
../../../Drivers/TAE32G58xx_Driver/Inc\tae32g58xx_ll.h(86): warning: In file included from...
../../User/Inc\tae32g58xx_ll_conf.h(121): warning: In file included from...
../../../Drivers/TAE32G58xx_Driver/Inc\tae32g58xx_ll_rcu.h(30): warning: In file included from...
../../../Drivers/TAE32G58xx_Driver/Inc\tae32g58xx_ll_def.h(157): warning: '__NO_INIT' macro redefined [-Wmacro-redefined]
  157 | #define __NO_INIT
      |         ^
C:/Users/YU/AppData/Local/Arm/Packs/ARM/CMSIS/6.3.0/CMSIS/Core/Include\cmsis_armclang.h(108): note: previous definition is here
  108 |   #define __NO_INIT                              __attribute__ ((section (".bss.noinit")))
      |           ^
1 warning generated.
compiling tae32g58xx_ll_cortex.c...
../../../Drivers/TAE32G58xx_Driver/Src/tae32g58xx_ll_gpio.c(22): warning: In file included from...
../../../Drivers/TAE32G58xx_Driver/Inc\tae32g58xx_ll.h(86): warning: In file included from...
../../User/Inc\tae32g58xx_ll_conf.h(121): warning: In file included from...
../../../Drivers/TAE32G58xx_Driver/Inc\tae32g58xx_ll_rcu.h(30): warning: In file included from...
../../../Drivers/TAE32G58xx_Driver/Inc\tae32g58xx_ll_def.h(157): warning: '__NO_INIT' macro redefined [-Wmacro-redefined]
  157 | #define __NO_INIT
      |         ^
C:/Users/YU/AppData/Local/Arm/Packs/ARM/CMSIS/6.3.0/CMSIS/Core/Include\cmsis_armclang.h(108): note: previous definition is here
  108 |   #define __NO_INIT                              __attribute__ ((section (".bss.noinit")))
      |           ^
1 warning generated.
compiling tae32g58xx_ll_gpio.c...
../../../Drivers/TAE32G58xx_Driver/Src/tae32g58xx_ll_sysctrl.c(22): warning: In file included from...
../../../Drivers/TAE32G58xx_Driver/Inc\tae32g58xx_ll.h(86): warning: In file included from...
../../User/Inc\tae32g58xx_ll_conf.h(121): warning: In file included from...
../../../Drivers/TAE32G58xx_Driver/Inc\tae32g58xx_ll_rcu.h(30): warning: In file included from...
../../../Drivers/TAE32G58xx_Driver/Inc\tae32g58xx_ll_def.h(157): warning: '__NO_INIT' macro redefined [-Wmacro-redefined]
  157 | #define __NO_INIT
      |         ^
C:/Users/YU/AppData/Local/Arm/Packs/ARM/CMSIS/6.3.0/CMSIS/Core/Include\cmsis_armclang.h(108): note: previous definition is here
  108 |   #define __NO_INIT                              __attribute__ ((section (".bss.noinit")))
      |           ^
1 warning generated.
compiling tae32g58xx_ll_sysctrl.c...
../../../Drivers/TAE32G58xx_Driver/Src/tae32g58xx_ll_rcu.c(22): warning: In file included from...
../../../Drivers/TAE32G58xx_Driver/Inc\tae32g58xx_ll.h(86): warning: In file included from...
../../User/Inc\tae32g58xx_ll_conf.h(121): warning: In file included from...
../../../Drivers/TAE32G58xx_Driver/Inc\tae32g58xx_ll_rcu.h(30): warning: In file included from...
../../../Drivers/TAE32G58xx_Driver/Inc\tae32g58xx_ll_def.h(157): warning: '__NO_INIT' macro redefined [-Wmacro-redefined]
  157 | #define __NO_INIT
      |         ^
C:/Users/YU/AppData/Local/Arm/Packs/ARM/CMSIS/6.3.0/CMSIS/Core/Include\cmsis_armclang.h(108): note: previous definition is here
  108 |   #define __NO_INIT                              __attribute__ ((section (".bss.noinit")))
      |           ^
1 warning generated.
compiling tae32g58xx_ll_rcu.c...
../../../Drivers/TAE32G58xx_Driver/Src/tae32g58xx_ll_dma.c(22): warning: In file included from...
../../../Drivers/TAE32G58xx_Driver/Inc\tae32g58xx_ll.h(86): warning: In file included from...
../../User/Inc\tae32g58xx_ll_conf.h(121): warning: In file included from...
../../../Drivers/TAE32G58xx_Driver/Inc\tae32g58xx_ll_rcu.h(30): warning: In file included from...
../../../Drivers/TAE32G58xx_Driver/Inc\tae32g58xx_ll_def.h(157): warning: '__NO_INIT' macro redefined [-Wmacro-redefined]
  157 | #define __NO_INIT
      |         ^
C:/Users/YU/AppData/Local/Arm/Packs/ARM/CMSIS/6.3.0/CMSIS/Core/Include\cmsis_armclang.h(108): note: previous definition is here
  108 |   #define __NO_INIT                              __attribute__ ((section (".bss.noinit")))
      |           ^
1 warning generated.
compiling tae32g58xx_ll_dma.c...
../../../Drivers/TAE32G58xx_Driver/Src/tae32g58xx_ll_iir.c(22): warning: In file included from...
../../../Drivers/TAE32G58xx_Driver/Inc\tae32g58xx_ll.h(86): warning: In file included from...
../../User/Inc\tae32g58xx_ll_conf.h(121): warning: In file included from...
../../../Drivers/TAE32G58xx_Driver/Inc\tae32g58xx_ll_rcu.h(30): warning: In file included from...
../../../Drivers/TAE32G58xx_Driver/Inc\tae32g58xx_ll_def.h(157): warning: '__NO_INIT' macro redefined [-Wmacro-redefined]
  157 | #define __NO_INIT
      |         ^
C:/Users/YU/AppData/Local/Arm/Packs/ARM/CMSIS/6.3.0/CMSIS/Core/Include\cmsis_armclang.h(108): note: previous definition is here
  108 |   #define __NO_INIT                              __attribute__ ((section (".bss.noinit")))
      |           ^
1 warning generated.
compiling tae32g58xx_ll_iir.c...
../../../Drivers/TAE32G58xx_Driver/Src/tae32g58xx_ll_uart.c(22): warning: In file included from...
../../../Drivers/TAE32G58xx_Driver/Inc\tae32g58xx_ll.h(86): warning: In file included from...
../../User/Inc\tae32g58xx_ll_conf.h(121): warning: In file included from...
../../../Drivers/TAE32G58xx_Driver/Inc\tae32g58xx_ll_rcu.h(30): warning: In file included from...
../../../Drivers/TAE32G58xx_Driver/Inc\tae32g58xx_ll_def.h(157): warning: '__NO_INIT' macro redefined [-Wmacro-redefined]
  157 | #define __NO_INIT
      |         ^
C:/Users/YU/AppData/Local/Arm/Packs/ARM/CMSIS/6.3.0/CMSIS/Core/Include\cmsis_armclang.h(108): note: previous definition is here
  108 |   #define __NO_INIT                              __attribute__ ((section (".bss.noinit")))
      |           ^
1 warning generated.
compiling tae32g58xx_ll_uart.c...
../../../Drivers/TAE32G58xx_Driver/Src/tae32g58xx_ll_eflash.c(22): warning: In file included from...
../../../Drivers/TAE32G58xx_Driver/Inc\tae32g58xx_ll.h(86): warning: In file included from...
../../User/Inc\tae32g58xx_ll_conf.h(121): warning: In file included from...
../../../Drivers/TAE32G58xx_Driver/Inc\tae32g58xx_ll_rcu.h(30): warning: In file included from...
../../../Drivers/TAE32G58xx_Driver/Inc\tae32g58xx_ll_def.h(157): warning: '__NO_INIT' macro redefined [-Wmacro-redefined]
  157 | #define __NO_INIT
      |         ^
C:/Users/YU/AppData/Local/Arm/Packs/ARM/CMSIS/6.3.0/CMSIS/Core/Include\cmsis_armclang.h(108): note: previous definition is here
  108 |   #define __NO_INIT                              __attribute__ ((section (".bss.noinit")))
      |           ^
1 warning generated.
compiling tae32g58xx_ll_eflash.c...
../../../Drivers/TAE32G58xx_Driver/Src/tae32g58xx_ll_qei.c(22): warning: In file included from...
../../../Drivers/TAE32G58xx_Driver/Inc\tae32g58xx_ll.h(86): warning: In file included from...
../../User/Inc\tae32g58xx_ll_conf.h(121): warning: In file included from...
../../../Drivers/TAE32G58xx_Driver/Inc\tae32g58xx_ll_rcu.h(30): warning: In file included from...
../../../Drivers/TAE32G58xx_Driver/Inc\tae32g58xx_ll_def.h(157): warning: '__NO_INIT' macro redefined [-Wmacro-redefined]
  157 | #define __NO_INIT
      |         ^
C:/Users/YU/AppData/Local/Arm/Packs/ARM/CMSIS/6.3.0/CMSIS/Core/Include\cmsis_armclang.h(108): note: previous definition is here
  108 |   #define __NO_INIT                              __attribute__ ((section (".bss.noinit")))
      |           ^
1 warning generated.
compiling tae32g58xx_ll_qei.c...
../../../Drivers/TAE32G58xx_Driver/Src/tae32g58xx_ll_tmr.c(22): warning: In file included from...
../../../Drivers/TAE32G58xx_Driver/Inc\tae32g58xx_ll.h(86): warning: In file included from...
../../User/Inc\tae32g58xx_ll_conf.h(121): warning: In file included from...
../../../Drivers/TAE32G58xx_Driver/Inc\tae32g58xx_ll_rcu.h(30): warning: In file included from...
../../../Drivers/TAE32G58xx_Driver/Inc\tae32g58xx_ll_def.h(157): warning: '__NO_INIT' macro redefined [-Wmacro-redefined]
  157 | #define __NO_INIT
      |         ^
C:/Users/YU/AppData/Local/Arm/Packs/ARM/CMSIS/6.3.0/CMSIS/Core/Include\cmsis_armclang.h(108): note: previous definition is here
  108 |   #define __NO_INIT                              __attribute__ ((section (".bss.noinit")))
      |           ^
1 warning generated.
compiling tae32g58xx_ll_tmr.c...
../../../Drivers/TAE32G58xx_Driver/Src/tae32g58xx_ll_iwdg.c(22): warning: In file included from...
../../../Drivers/TAE32G58xx_Driver/Inc\tae32g58xx_ll.h(86): warning: In file included from...
../../User/Inc\tae32g58xx_ll_conf.h(121): warning: In file included from...
../../../Drivers/TAE32G58xx_Driver/Inc\tae32g58xx_ll_rcu.h(30): warning: In file included from...
../../../Drivers/TAE32G58xx_Driver/Inc\tae32g58xx_ll_def.h(157): warning: '__NO_INIT' macro redefined [-Wmacro-redefined]
  157 | #define __NO_INIT
      |         ^
C:/Users/YU/AppData/Local/Arm/Packs/ARM/CMSIS/6.3.0/CMSIS/Core/Include\cmsis_armclang.h(108): note: previous definition is here
  108 |   #define __NO_INIT                              __attribute__ ((section (".bss.noinit")))
      |           ^
1 warning generated.
compiling tae32g58xx_ll_iwdg.c...
../../../Drivers/TAE32G58xx_Driver/Src/tae32g58xx_ll_cordic.c(22): warning: In file included from...
../../../Drivers/TAE32G58xx_Driver/Inc\tae32g58xx_ll.h(86): warning: In file included from...
../../User/Inc\tae32g58xx_ll_conf.h(121): warning: In file included from...
../../../Drivers/TAE32G58xx_Driver/Inc\tae32g58xx_ll_rcu.h(30): warning: In file included from...
../../../Drivers/TAE32G58xx_Driver/Inc\tae32g58xx_ll_def.h(157): warning: '__NO_INIT' macro redefined [-Wmacro-redefined]
  157 | #define __NO_INIT
      |         ^
C:/Users/YU/AppData/Local/Arm/Packs/ARM/CMSIS/6.3.0/CMSIS/Core/Include\cmsis_armclang.h(108): note: previous definition is here
  108 |   #define __NO_INIT                              __attribute__ ((section (".bss.noinit")))
      |           ^
1 warning generated.
compiling tae32g58xx_ll_cordic.c...
../../../Drivers/TAE32G58xx_Driver/Src/tae32g58xx_ll_wwdg.c(22): warning: In file included from...
../../../Drivers/TAE32G58xx_Driver/Inc\tae32g58xx_ll.h(86): warning: In file included from...
../../User/Inc\tae32g58xx_ll_conf.h(121): warning: In file included from...
../../../Drivers/TAE32G58xx_Driver/Inc\tae32g58xx_ll_rcu.h(30): warning: In file included from...
../../../Drivers/TAE32G58xx_Driver/Inc\tae32g58xx_ll_def.h(157): warning: '__NO_INIT' macro redefined [-Wmacro-redefined]
  157 | #define __NO_INIT
      |         ^
C:/Users/YU/AppData/Local/Arm/Packs/ARM/CMSIS/6.3.0/CMSIS/Core/Include\cmsis_armclang.h(108): note: previous definition is here
  108 |   #define __NO_INIT                              __attribute__ ((section (".bss.noinit")))
      |           ^
1 warning generated.
compiling tae32g58xx_ll_wwdg.c...
../../../Drivers/TAE32G58xx_Driver/Src/tae32g58xx_ll_usb.c(22): warning: In file included from...
../../../Drivers/TAE32G58xx_Driver/Inc\tae32g58xx_ll.h(86): warning: In file included from...
../../User/Inc\tae32g58xx_ll_conf.h(121): warning: In file included from...
../../../Drivers/TAE32G58xx_Driver/Inc\tae32g58xx_ll_rcu.h(30): warning: In file included from...
../../../Drivers/TAE32G58xx_Driver/Inc\tae32g58xx_ll_def.h(157): warning: '__NO_INIT' macro redefined [-Wmacro-redefined]
  157 | #define __NO_INIT
      |         ^
C:/Users/YU/AppData/Local/Arm/Packs/ARM/CMSIS/6.3.0/CMSIS/Core/Include\cmsis_armclang.h(108): note: previous definition is here
  108 |   #define __NO_INIT                              __attribute__ ((section (".bss.noinit")))
      |           ^
1 warning generated.
compiling tae32g58xx_ll_usb.c...
../../../Drivers/TAE32G58xx_Driver/Src/tae32g58xx_ll_spi.c(22): warning: In file included from...
../../../Drivers/TAE32G58xx_Driver/Inc\tae32g58xx_ll.h(86): warning: In file included from...
../../User/Inc\tae32g58xx_ll_conf.h(121): warning: In file included from...
../../../Drivers/TAE32G58xx_Driver/Inc\tae32g58xx_ll_rcu.h(30): warning: In file included from...
../../../Drivers/TAE32G58xx_Driver/Inc\tae32g58xx_ll_def.h(157): warning: '__NO_INIT' macro redefined [-Wmacro-redefined]
  157 | #define __NO_INIT
      |         ^
C:/Users/YU/AppData/Local/Arm/Packs/ARM/CMSIS/6.3.0/CMSIS/Core/Include\cmsis_armclang.h(108): note: previous definition is here
  108 |   #define __NO_INIT                              __attribute__ ((section (".bss.noinit")))
      |           ^
1 warning generated.
compiling tae32g58xx_ll_spi.c...
../../../Drivers/TAE32G58xx_Driver/Src/tae32g58xx_ll_dac.c(22): warning: In file included from...
../../../Drivers/TAE32G58xx_Driver/Inc\tae32g58xx_ll.h(86): warning: In file included from...
../../User/Inc\tae32g58xx_ll_conf.h(121): warning: In file included from...
../../../Drivers/TAE32G58xx_Driver/Inc\tae32g58xx_ll_rcu.h(30): warning: In file included from...
../../../Drivers/TAE32G58xx_Driver/Inc\tae32g58xx_ll_def.h(157): warning: '__NO_INIT' macro redefined [-Wmacro-redefined]
  157 | #define __NO_INIT
      |         ^
C:/Users/YU/AppData/Local/Arm/Packs/ARM/CMSIS/6.3.0/CMSIS/Core/Include\cmsis_armclang.h(108): note: previous definition is here
  108 |   #define __NO_INIT                              __attribute__ ((section (".bss.noinit")))
      |           ^
1 warning generated.
compiling tae32g58xx_ll_dac.c...
../../../Drivers/TAE32G58xx_Driver/Src/tae32g58xx_ll_cmp.c(22): warning: In file included from...
../../../Drivers/TAE32G58xx_Driver/Inc\tae32g58xx_ll.h(86): warning: In file included from...
../../User/Inc\tae32g58xx_ll_conf.h(121): warning: In file included from...
../../../Drivers/TAE32G58xx_Driver/Inc\tae32g58xx_ll_rcu.h(30): warning: In file included from...
../../../Drivers/TAE32G58xx_Driver/Inc\tae32g58xx_ll_def.h(157): warning: '__NO_INIT' macro redefined [-Wmacro-redefined]
  157 | #define __NO_INIT
      |         ^
C:/Users/YU/AppData/Local/Arm/Packs/ARM/CMSIS/6.3.0/CMSIS/Core/Include\cmsis_armclang.h(108): note: previous definition is here
  108 |   #define __NO_INIT                              __attribute__ ((section (".bss.noinit")))
      |           ^
1 warning generated.
compiling tae32g58xx_ll_cmp.c...
../../../Drivers/TAE32G58xx_Driver/Src/tae32g58xx_ll_xif.c(22): warning: In file included from...
../../../Drivers/TAE32G58xx_Driver/Inc\tae32g58xx_ll.h(86): warning: In file included from...
../../User/Inc\tae32g58xx_ll_conf.h(121): warning: In file included from...
../../../Drivers/TAE32G58xx_Driver/Inc\tae32g58xx_ll_rcu.h(30): warning: In file included from...
../../../Drivers/TAE32G58xx_Driver/Inc\tae32g58xx_ll_def.h(157): warning: '__NO_INIT' macro redefined [-Wmacro-redefined]
  157 | #define __NO_INIT
      |         ^
C:/Users/YU/AppData/Local/Arm/Packs/ARM/CMSIS/6.3.0/CMSIS/Core/Include\cmsis_armclang.h(108): note: previous definition is here
  108 |   #define __NO_INIT                              __attribute__ ((section (".bss.noinit")))
      |           ^
1 warning generated.
compiling tae32g58xx_ll_xif.c...
../../../Drivers/TAE32G58xx_Driver/Src/tae32g58xx_ll_can.c(22): warning: In file included from...
../../../Drivers/TAE32G58xx_Driver/Inc\tae32g58xx_ll.h(86): warning: In file included from...
../../User/Inc\tae32g58xx_ll_conf.h(121): warning: In file included from...
../../../Drivers/TAE32G58xx_Driver/Inc\tae32g58xx_ll_rcu.h(30): warning: In file included from...
../../../Drivers/TAE32G58xx_Driver/Inc\tae32g58xx_ll_def.h(157): warning: '__NO_INIT' macro redefined [-Wmacro-redefined]
  157 | #define __NO_INIT
      |         ^
C:/Users/YU/AppData/Local/Arm/Packs/ARM/CMSIS/6.3.0/CMSIS/Core/Include\cmsis_armclang.h(108): note: previous definition is here
  108 |   #define __NO_INIT                              __attribute__ ((section (".bss.noinit")))
      |           ^
1 warning generated.
compiling tae32g58xx_ll_can.c...
../../../Drivers/TAE32G58xx_Device/Src/startup_tae32g58xx.c(22): warning: In file included from...
../../../Drivers/TAE32G58xx_Driver/Inc\tae32g58xx_ll_def.h(157): warning: '__NO_INIT' macro redefined [-Wmacro-redefined]
  157 | #define __NO_INIT
      |         ^
C:/Users/YU/AppData/Local/Arm/Packs/ARM/CMSIS/6.3.0/CMSIS/Core/Include\cmsis_armclang.h(108): note: previous definition is here
  108 |   #define __NO_INIT                              __attribute__ ((section (".bss.noinit")))
      |           ^
1 warning generated.
compiling startup_tae32g58xx.c...
../../../Drivers/TAE32G58xx_Driver/Src/tae32g58xx_ll_pdm.c(22): warning: In file included from...
../../../Drivers/TAE32G58xx_Driver/Inc\tae32g58xx_ll.h(86): warning: In file included from...
../../User/Inc\tae32g58xx_ll_conf.h(121): warning: In file included from...
../../../Drivers/TAE32G58xx_Driver/Inc\tae32g58xx_ll_rcu.h(30): warning: In file included from...
../../../Drivers/TAE32G58xx_Driver/Inc\tae32g58xx_ll_def.h(157): warning: '__NO_INIT' macro redefined [-Wmacro-redefined]
  157 | #define __NO_INIT
      |         ^
C:/Users/YU/AppData/Local/Arm/Packs/ARM/CMSIS/6.3.0/CMSIS/Core/Include\cmsis_armclang.h(108): note: previous definition is here
  108 |   #define __NO_INIT                              __attribute__ ((section (".bss.noinit")))
      |           ^
1 warning generated.
compiling tae32g58xx_ll_pdm.c...
../../../Drivers/TAE32G58xx_Driver/Src/tae32g58xx_ll_i2c.c(22): warning: In file included from...
../../../Drivers/TAE32G58xx_Driver/Inc\tae32g58xx_ll.h(86): warning: In file included from...
../../User/Inc\tae32g58xx_ll_conf.h(121): warning: In file included from...
../../../Drivers/TAE32G58xx_Driver/Inc\tae32g58xx_ll_rcu.h(30): warning: In file included from...
../../../Drivers/TAE32G58xx_Driver/Inc\tae32g58xx_ll_def.h(157): warning: '__NO_INIT' macro redefined [-Wmacro-redefined]
  157 | #define __NO_INIT
      |         ^
C:/Users/YU/AppData/Local/Arm/Packs/ARM/CMSIS/6.3.0/CMSIS/Core/Include\cmsis_armclang.h(108): note: previous definition is here
  108 |   #define __NO_INIT                              __attribute__ ((section (".bss.noinit")))
      |           ^
1 warning generated.
compiling tae32g58xx_ll_i2c.c...
../../../Drivers/TAE32G58xx_Device/Src/system_tae32g58xx.c(47): warning: In file included from...
../../../Drivers/TAE32G58xx_Driver/Inc\tae32g58xx_ll_def.h(157): warning: '__NO_INIT' macro redefined [-Wmacro-redefined]
  157 | #define __NO_INIT
      |         ^
C:/Users/YU/AppData/Local/Arm/Packs/ARM/CMSIS/6.3.0/CMSIS/Core/Include\cmsis_armclang.h(108): note: previous definition is here
  108 |   #define __NO_INIT                              __attribute__ ((section (".bss.noinit")))
      |           ^
1 warning generated.
compiling system_tae32g58xx.c...
../../../Utilities/dbg/user_debug.c(24): warning: In file included from...
../../../Utilities\dbg/user_debug.h(30): warning: In file included from...
../../../Drivers/TAE32G58xx_Driver/Inc\tae32g58xx_ll.h(86): warning: In file included from...
../../User/Inc\tae32g58xx_ll_conf.h(121): warning: In file included from...
../../../Drivers/TAE32G58xx_Driver/Inc\tae32g58xx_ll_rcu.h(30): warning: In file included from...
../../../Drivers/TAE32G58xx_Driver/Inc\tae32g58xx_ll_def.h(157): warning: '__NO_INIT' macro redefined [-Wmacro-redefined]
  157 | #define __NO_INIT
      |         ^
C:/Users/YU/AppData/Local/Arm/Packs/ARM/CMSIS/6.3.0/CMSIS/Core/Include\cmsis_armclang.h(108): note: previous definition is here
  108 |   #define __NO_INIT                              __attribute__ ((section (".bss.noinit")))
      |           ^
1 warning generated.
compiling user_debug.c...
../../../Drivers/TAE32G58xx_Driver/Src/tae32g58xx_ll_adc.c(22): warning: In file included from...
../../../Drivers/TAE32G58xx_Driver/Inc\tae32g58xx_ll.h(86): warning: In file included from...
../../User/Inc\tae32g58xx_ll_conf.h(121): warning: In file included from...
../../../Drivers/TAE32G58xx_Driver/Inc\tae32g58xx_ll_rcu.h(30): warning: In file included from...
../../../Drivers/TAE32G58xx_Driver/Inc\tae32g58xx_ll_def.h(157): warning: '__NO_INIT' macro redefined [-Wmacro-redefined]
  157 | #define __NO_INIT
      |         ^
C:/Users/YU/AppData/Local/Arm/Packs/ARM/CMSIS/6.3.0/CMSIS/Core/Include\cmsis_armclang.h(108): note: previous definition is here
  108 |   #define __NO_INIT                              __attribute__ ((section (".bss.noinit")))
      |           ^
1 warning generated.
compiling tae32g58xx_ll_adc.c...
../../../Drivers/TAE32G58xx_Driver/Src/tae32g58xx_ll_hrpwm.c(22): warning: In file included from...
../../../Drivers/TAE32G58xx_Driver/Inc\tae32g58xx_ll.h(86): warning: In file included from...
../../User/Inc\tae32g58xx_ll_conf.h(121): warning: In file included from...
../../../Drivers/TAE32G58xx_Driver/Inc\tae32g58xx_ll_rcu.h(30): warning: In file included from...
../../../Drivers/TAE32G58xx_Driver/Inc\tae32g58xx_ll_def.h(157): warning: '__NO_INIT' macro redefined [-Wmacro-redefined]
  157 | #define __NO_INIT
      |         ^
C:/Users/YU/AppData/Local/Arm/Packs/ARM/CMSIS/6.3.0/CMSIS/Core/Include\cmsis_armclang.h(108): note: previous definition is here
  108 |   #define __NO_INIT                              __attribute__ ((section (".bss.noinit")))
      |           ^
1 warning generated.
compiling tae32g58xx_ll_hrpwm.c...
linking...
Program Size: Code=26628 RO-data=4044 RW-data=12 ZI-data=2828  
FromELF: creating hex file...
After Build - User command #1: fromelf --bin .\FLASH\Objects\ProjectTemplate.axf --output D:\Bird\CY\code\LLC\LLC\ProjectTemplate\Project\MDK\FLASH\Objects\ProjectTemplate.bin
".\FLASH\Objects\ProjectTemplate.axf" - 0 Error(s), 40 Warning(s).

<h2>Software Packages used:</h2>

Package Vendor: ARM
                https://www.keil.com/pack/ARM.CMSIS.6.3.0.pack
                ARM::CMSIS@6.3.0
                CMSIS (Common Microcontroller Software Interface Standard)
   * Component: CORE Version: 6.2.0

Package Vendor: Tai-Action
                https://www.keil.com/pack/Tai-Action.TAE32G58xx_DFP.1.3.1.pack
                Tai-Action::TAE32G58xx_DFP@1.3.1
                Device Family Pack For Tai-Action TAE32 Series

<h2>Collection of Component include folders:</h2>
  ./RTE/_FLASH
  C:/Users/YU/AppData/Local/Arm/Packs/ARM/CMSIS/6.3.0/CMSIS/Core/Include

<h2>Collection of Component Files used:</h2>

   * Component: ARM::CMSIS:CORE@6.2.0
Build Time Elapsed:  00:00:02
</pre>
</body>
</html>
